[4.223s] Invoking command in '/home/nvidia/pid_ws/src/gnss_follower': PYTHONPATH=/home/nvidia/pid_ws/build/gnss_follower/prefix_override:/usr/lib/python3/dist-packages/colcon_core/task/python/colcon_distutils_commands:/home/nvidia/pid_ws/install/gnss_follower/lib/python3.8/site-packages:${PYTHONPATH} /usr/bin/python3 -W ignore:setup.py install is deprecated -W ignore:easy_install command is deprecated setup.py egg_info --egg-base ../../build/gnss_follower build --build-base /home/nvidia/pid_ws/build/gnss_follower/build install --record /home/nvidia/pid_ws/build/gnss_follower/install.log --install-scripts $base/lib/gnss_follower --single-version-externally-managed install_data
[4.664s] running egg_info
[4.665s] writing ../../build/gnss_follower/gnss_follower.egg-info/PKG-INFO
[4.665s] writing dependency_links to ../../build/gnss_follower/gnss_follower.egg-info/dependency_links.txt
[4.666s] writing entry points to ../../build/gnss_follower/gnss_follower.egg-info/entry_points.txt
[4.669s] writing requirements to ../../build/gnss_follower/gnss_follower.egg-info/requires.txt
[4.671s] writing top-level names to ../../build/gnss_follower/gnss_follower.egg-info/top_level.txt
[4.725s] reading manifest file '../../build/gnss_follower/gnss_follower.egg-info/SOURCES.txt'
[4.726s] writing manifest file '../../build/gnss_follower/gnss_follower.egg-info/SOURCES.txt'
[4.727s] running build
[4.727s] running build_py
[4.728s] running install
[4.735s] running install_lib
[4.738s] running install_data
[4.738s] running install_egg_info
[4.742s] removing '/home/nvidia/pid_ws/install/gnss_follower/lib/python3.8/site-packages/gnss_follower-0.0.0-py3.8.egg-info' (and everything under it)
[4.742s] Copying ../../build/gnss_follower/gnss_follower.egg-info to /home/nvidia/pid_ws/install/gnss_follower/lib/python3.8/site-packages/gnss_follower-0.0.0-py3.8.egg-info
[4.743s] running install_scripts
[4.778s] Installing lya_follower_gnss_0303 script to /home/nvidia/pid_ws/install/gnss_follower/lib/gnss_follower
[4.778s] Installing lya_follower_gnss_0315 script to /home/nvidia/pid_ws/install/gnss_follower/lib/gnss_follower
[4.779s] Installing lya_gnss_base0316 script to /home/nvidia/pid_ws/install/gnss_follower/lib/gnss_follower
[4.779s] Installing lya_gnss_plus_opencv0316 script to /home/nvidia/pid_ws/install/gnss_follower/lib/gnss_follower
[4.779s] Installing lya_gnss_plus_path0316 script to /home/nvidia/pid_ws/install/gnss_follower/lib/gnss_follower
[4.781s] Installing path_gnss_0303 script to /home/nvidia/pid_ws/install/gnss_follower/lib/gnss_follower
[4.781s] Installing path_gnss_0315 script to /home/nvidia/pid_ws/install/gnss_follower/lib/gnss_follower
[4.784s] writing list of installed files to '/home/nvidia/pid_ws/build/gnss_follower/install.log'
[4.841s] Invoked command in '/home/nvidia/pid_ws/src/gnss_follower' returned '0': PYTHONPATH=/home/nvidia/pid_ws/build/gnss_follower/prefix_override:/usr/lib/python3/dist-packages/colcon_core/task/python/colcon_distutils_commands:/home/nvidia/pid_ws/install/gnss_follower/lib/python3.8/site-packages:${PYTHONPATH} /usr/bin/python3 -W ignore:setup.py install is deprecated -W ignore:easy_install command is deprecated setup.py egg_info --egg-base ../../build/gnss_follower build --build-base /home/nvidia/pid_ws/build/gnss_follower/build install --record /home/nvidia/pid_ws/build/gnss_follower/install.log --install-scripts $base/lib/gnss_follower --single-version-externally-managed install_data
