[1.764s] Invoking command in '/home/nvidia/pid_ws/src/gnss_follower': PYTHONPATH=/home/nvidia/pid_ws/build/gnss_follower/prefix_override:/usr/lib/python3/dist-packages/colcon_core/task/python/colcon_distutils_commands:/home/nvidia/pid_ws/install/gnss_follower/lib/python3.8/site-packages:${PYTHONPATH} /usr/bin/python3 -W ignore:setup.py install is deprecated -W ignore:easy_install command is deprecated setup.py egg_info --egg-base ../../build/gnss_follower build --build-base /home/nvidia/pid_ws/build/gnss_follower/build install --record /home/nvidia/pid_ws/build/gnss_follower/install.log --install-scripts $base/lib/gnss_follower --single-version-externally-managed install_data
[2.147s] running egg_info
[2.148s] writing ../../build/gnss_follower/gnss_follower.egg-info/PKG-INFO
[2.148s] writing dependency_links to ../../build/gnss_follower/gnss_follower.egg-info/dependency_links.txt
[2.148s] writing entry points to ../../build/gnss_follower/gnss_follower.egg-info/entry_points.txt
[2.149s] writing requirements to ../../build/gnss_follower/gnss_follower.egg-info/requires.txt
[2.150s] writing top-level names to ../../build/gnss_follower/gnss_follower.egg-info/top_level.txt
[2.199s] reading manifest file '../../build/gnss_follower/gnss_follower.egg-info/SOURCES.txt'
[2.200s] writing manifest file '../../build/gnss_follower/gnss_follower.egg-info/SOURCES.txt'
[2.201s] running build
[2.201s] running build_py
[2.201s] running install
[2.203s] running install_lib
[2.206s] running install_data
[2.206s] running install_egg_info
[2.210s] removing '/home/nvidia/pid_ws/install/gnss_follower/lib/python3.8/site-packages/gnss_follower-0.0.0-py3.8.egg-info' (and everything under it)
[2.210s] Copying ../../build/gnss_follower/gnss_follower.egg-info to /home/nvidia/pid_ws/install/gnss_follower/lib/python3.8/site-packages/gnss_follower-0.0.0-py3.8.egg-info
[2.212s] running install_scripts
[2.243s] Installing lya_follower_gnss_0303 script to /home/nvidia/pid_ws/install/gnss_follower/lib/gnss_follower
[2.243s] Installing lya_follower_gnss_0315 script to /home/nvidia/pid_ws/install/gnss_follower/lib/gnss_follower
[2.244s] Installing lya_gnss_base0316 script to /home/nvidia/pid_ws/install/gnss_follower/lib/gnss_follower
[2.244s] Installing lya_gnss_plus_opencv0316 script to /home/nvidia/pid_ws/install/gnss_follower/lib/gnss_follower
[2.246s] Installing lya_gnss_plus_path0316 script to /home/nvidia/pid_ws/install/gnss_follower/lib/gnss_follower
[2.246s] Installing path_gnss_0303 script to /home/nvidia/pid_ws/install/gnss_follower/lib/gnss_follower
[2.247s] Installing path_gnss_0315 script to /home/nvidia/pid_ws/install/gnss_follower/lib/gnss_follower
[2.248s] writing list of installed files to '/home/nvidia/pid_ws/build/gnss_follower/install.log'
[2.298s] Invoked command in '/home/nvidia/pid_ws/src/gnss_follower' returned '0': PYTHONPATH=/home/nvidia/pid_ws/build/gnss_follower/prefix_override:/usr/lib/python3/dist-packages/colcon_core/task/python/colcon_distutils_commands:/home/nvidia/pid_ws/install/gnss_follower/lib/python3.8/site-packages:${PYTHONPATH} /usr/bin/python3 -W ignore:setup.py install is deprecated -W ignore:easy_install command is deprecated setup.py egg_info --egg-base ../../build/gnss_follower build --build-base /home/nvidia/pid_ws/build/gnss_follower/build install --record /home/nvidia/pid_ws/build/gnss_follower/install.log --install-scripts $base/lib/gnss_follower --single-version-externally-managed install_data
