[1.914s] Invoking command in '/home/nvidia/pid_ws/src/trajectory_follower': PYTHONPATH=/home/nvidia/pid_ws/build/trajectory_follower/prefix_override:/usr/lib/python3/dist-packages/colcon_core/task/python/colcon_distutils_commands:/home/nvidia/pid_ws/install/trajectory_follower/lib/python3.8/site-packages:${PYTHONPATH} /usr/bin/python3 -W ignore:setup.py install is deprecated -W ignore:easy_install command is deprecated setup.py egg_info --egg-base ../../build/trajectory_follower build --build-base /home/nvidia/pid_ws/build/trajectory_follower/build install --record /home/nvidia/pid_ws/build/trajectory_follower/install.log --install-scripts $base/lib/trajectory_follower --single-version-externally-managed install_data
[2.314s] running egg_info
[2.315s] writing ../../build/trajectory_follower/trajectory_follower.egg-info/PKG-INFO
[2.327s] writing dependency_links to ../../build/trajectory_follower/trajectory_follower.egg-info/dependency_links.txt
[2.328s] writing entry points to ../../build/trajectory_follower/trajectory_follower.egg-info/entry_points.txt
[2.328s] writing requirements to ../../build/trajectory_follower/trajectory_follower.egg-info/requires.txt
[2.328s] writing top-level names to ../../build/trajectory_follower/trajectory_follower.egg-info/top_level.txt
[2.381s] reading manifest file '../../build/trajectory_follower/trajectory_follower.egg-info/SOURCES.txt'
[2.390s] writing manifest file '../../build/trajectory_follower/trajectory_follower.egg-info/SOURCES.txt'
[2.390s] running build
[2.390s] running build_py
[2.391s] copying trajectory_follower/pp_preset.py -> /home/nvidia/pid_ws/build/trajectory_follower/build/lib/trajectory_follower
[2.392s] copying trajectory_follower/lya_avoid_preset.py -> /home/nvidia/pid_ws/build/trajectory_follower/build/lib/trajectory_follower
[2.392s] copying trajectory_follower/lya_preset.py -> /home/nvidia/pid_ws/build/trajectory_follower/build/lib/trajectory_follower
[2.393s] copying trajectory_follower/pid_preset.py -> /home/nvidia/pid_ws/build/trajectory_follower/build/lib/trajectory_follower
[2.393s] running install
[2.395s] running install_lib
[2.397s] copying /home/nvidia/pid_ws/build/trajectory_follower/build/lib/trajectory_follower/pp_preset.py -> /home/nvidia/pid_ws/install/trajectory_follower/lib/python3.8/site-packages/trajectory_follower
[2.397s] copying /home/nvidia/pid_ws/build/trajectory_follower/build/lib/trajectory_follower/lya_avoid_preset.py -> /home/nvidia/pid_ws/install/trajectory_follower/lib/python3.8/site-packages/trajectory_follower
[2.397s] copying /home/nvidia/pid_ws/build/trajectory_follower/build/lib/trajectory_follower/lya_preset.py -> /home/nvidia/pid_ws/install/trajectory_follower/lib/python3.8/site-packages/trajectory_follower
[2.398s] copying /home/nvidia/pid_ws/build/trajectory_follower/build/lib/trajectory_follower/pid_preset.py -> /home/nvidia/pid_ws/install/trajectory_follower/lib/python3.8/site-packages/trajectory_follower
[2.399s] byte-compiling /home/nvidia/pid_ws/install/trajectory_follower/lib/python3.8/site-packages/trajectory_follower/pp_preset.py to pp_preset.cpython-38.pyc
[2.405s] byte-compiling /home/nvidia/pid_ws/install/trajectory_follower/lib/python3.8/site-packages/trajectory_follower/lya_avoid_preset.py to lya_avoid_preset.cpython-38.pyc
[2.410s] byte-compiling /home/nvidia/pid_ws/install/trajectory_follower/lib/python3.8/site-packages/trajectory_follower/lya_preset.py to lya_preset.cpython-38.pyc
[2.414s] byte-compiling /home/nvidia/pid_ws/install/trajectory_follower/lib/python3.8/site-packages/trajectory_follower/pid_preset.py to pid_preset.cpython-38.pyc
[2.417s] running install_data
[2.417s] copying package.xml -> /home/nvidia/pid_ws/install/trajectory_follower/share/trajectory_follower
[2.417s] running install_egg_info
[2.421s] removing '/home/nvidia/pid_ws/install/trajectory_follower/lib/python3.8/site-packages/trajectory_follower-0.0.0-py3.8.egg-info' (and everything under it)
[2.421s] Copying ../../build/trajectory_follower/trajectory_follower.egg-info to /home/nvidia/pid_ws/install/trajectory_follower/lib/python3.8/site-packages/trajectory_follower-0.0.0-py3.8.egg-info
[2.423s] running install_scripts
[2.454s] Installing lya_0221 script to /home/nvidia/pid_ws/install/trajectory_follower/lib/trajectory_follower
[2.461s] Installing lya_avoid_preset script to /home/nvidia/pid_ws/install/trajectory_follower/lib/trajectory_follower
[2.461s] Installing lya_follower script to /home/nvidia/pid_ws/install/trajectory_follower/lib/trajectory_follower
[2.461s] Installing lya_follower_0122 script to /home/nvidia/pid_ws/install/trajectory_follower/lib/trajectory_follower
[2.462s] Installing lya_follower_connected script to /home/nvidia/pid_ws/install/trajectory_follower/lib/trajectory_follower
[2.462s] Installing lya_follower_connected_global script to /home/nvidia/pid_ws/install/trajectory_follower/lib/trajectory_follower
[2.462s] Installing lya_follower_connected_omegat_global script to /home/nvidia/pid_ws/install/trajectory_follower/lib/trajectory_follower
[2.463s] Installing lya_preset script to /home/nvidia/pid_ws/install/trajectory_follower/lib/trajectory_follower
[2.463s] Installing lya_record script to /home/nvidia/pid_ws/install/trajectory_follower/lib/trajectory_follower
[2.463s] Installing p_follower script to /home/nvidia/pid_ws/install/trajectory_follower/lib/trajectory_follower
[2.463s] Installing p_follower_connected script to /home/nvidia/pid_ws/install/trajectory_follower/lib/trajectory_follower
[2.463s] Installing pid_follower script to /home/nvidia/pid_ws/install/trajectory_follower/lib/trajectory_follower
[2.463s] Installing pid_follower_connected script to /home/nvidia/pid_ws/install/trajectory_follower/lib/trajectory_follower
[2.463s] Installing pid_preset script to /home/nvidia/pid_ws/install/trajectory_follower/lib/trajectory_follower
[2.463s] Installing pp_preset script to /home/nvidia/pid_ws/install/trajectory_follower/lib/trajectory_follower
[2.465s] writing list of installed files to '/home/nvidia/pid_ws/build/trajectory_follower/install.log'
[2.514s] Invoked command in '/home/nvidia/pid_ws/src/trajectory_follower' returned '0': PYTHONPATH=/home/nvidia/pid_ws/build/trajectory_follower/prefix_override:/usr/lib/python3/dist-packages/colcon_core/task/python/colcon_distutils_commands:/home/nvidia/pid_ws/install/trajectory_follower/lib/python3.8/site-packages:${PYTHONPATH} /usr/bin/python3 -W ignore:setup.py install is deprecated -W ignore:easy_install command is deprecated setup.py egg_info --egg-base ../../build/trajectory_follower build --build-base /home/nvidia/pid_ws/build/trajectory_follower/build install --record /home/nvidia/pid_ws/build/trajectory_follower/install.log --install-scripts $base/lib/trajectory_follower --single-version-externally-managed install_data
