/home/nvidia/pid_ws/install/gnss_follower/lib/python3.8/site-packages/gnss_follower/lya_gnss_plus_opencv0316.py
/home/nvidia/pid_ws/install/gnss_follower/lib/python3.8/site-packages/gnss_follower/__init__.py
/home/nvidia/pid_ws/install/gnss_follower/lib/python3.8/site-packages/gnss_follower/lya_gnss_plus_path0316.py
/home/nvidia/pid_ws/install/gnss_follower/lib/python3.8/site-packages/gnss_follower/lya_gnss_base0316.py
/home/nvidia/pid_ws/install/gnss_follower/lib/python3.8/site-packages/gnss_follower/path_gnss_0303.py
/home/nvidia/pid_ws/install/gnss_follower/lib/python3.8/site-packages/gnss_follower/lya_follower_gnss_0303.py
/home/nvidia/pid_ws/install/gnss_follower/lib/python3.8/site-packages/gnss_follower/path_gnss_0315.py
/home/nvidia/pid_ws/install/gnss_follower/lib/python3.8/site-packages/gnss_follower/lya_follower_gnss_0315.py
/home/nvidia/pid_ws/install/gnss_follower/lib/python3.8/site-packages/gnss_follower/__pycache__/lya_gnss_plus_opencv0316.cpython-38.pyc
/home/nvidia/pid_ws/install/gnss_follower/lib/python3.8/site-packages/gnss_follower/__pycache__/__init__.cpython-38.pyc
/home/nvidia/pid_ws/install/gnss_follower/lib/python3.8/site-packages/gnss_follower/__pycache__/lya_gnss_plus_path0316.cpython-38.pyc
/home/nvidia/pid_ws/install/gnss_follower/lib/python3.8/site-packages/gnss_follower/__pycache__/lya_gnss_base0316.cpython-38.pyc
/home/nvidia/pid_ws/install/gnss_follower/lib/python3.8/site-packages/gnss_follower/__pycache__/path_gnss_0303.cpython-38.pyc
/home/nvidia/pid_ws/install/gnss_follower/lib/python3.8/site-packages/gnss_follower/__pycache__/lya_follower_gnss_0303.cpython-38.pyc
/home/nvidia/pid_ws/install/gnss_follower/lib/python3.8/site-packages/gnss_follower/__pycache__/path_gnss_0315.cpython-38.pyc
/home/nvidia/pid_ws/install/gnss_follower/lib/python3.8/site-packages/gnss_follower/__pycache__/lya_follower_gnss_0315.cpython-38.pyc
/home/nvidia/pid_ws/install/gnss_follower/share/ament_index/resource_index/packages/gnss_follower
/home/nvidia/pid_ws/install/gnss_follower/share/gnss_follower/package.xml
/home/nvidia/pid_ws/install/gnss_follower/lib/python3.8/site-packages/gnss_follower-0.0.0-py3.8.egg-info/dependency_links.txt
/home/nvidia/pid_ws/install/gnss_follower/lib/python3.8/site-packages/gnss_follower-0.0.0-py3.8.egg-info/entry_points.txt
/home/nvidia/pid_ws/install/gnss_follower/lib/python3.8/site-packages/gnss_follower-0.0.0-py3.8.egg-info/PKG-INFO
/home/nvidia/pid_ws/install/gnss_follower/lib/python3.8/site-packages/gnss_follower-0.0.0-py3.8.egg-info/requires.txt
/home/nvidia/pid_ws/install/gnss_follower/lib/python3.8/site-packages/gnss_follower-0.0.0-py3.8.egg-info/zip-safe
/home/nvidia/pid_ws/install/gnss_follower/lib/python3.8/site-packages/gnss_follower-0.0.0-py3.8.egg-info/top_level.txt
/home/nvidia/pid_ws/install/gnss_follower/lib/python3.8/site-packages/gnss_follower-0.0.0-py3.8.egg-info/SOURCES.txt
/home/nvidia/pid_ws/install/gnss_follower/lib/gnss_follower/lya_follower_gnss_0303
/home/nvidia/pid_ws/install/gnss_follower/lib/gnss_follower/lya_follower_gnss_0315
/home/nvidia/pid_ws/install/gnss_follower/lib/gnss_follower/lya_gnss_base0316
/home/nvidia/pid_ws/install/gnss_follower/lib/gnss_follower/lya_gnss_plus_opencv0316
/home/nvidia/pid_ws/install/gnss_follower/lib/gnss_follower/lya_gnss_plus_path0316
/home/nvidia/pid_ws/install/gnss_follower/lib/gnss_follower/path_gnss_0303
/home/nvidia/pid_ws/install/gnss_follower/lib/gnss_follower/path_gnss_0315
