[0.387s] DEBUG:colcon:Command line arguments: ['/usr/bin/colcon', 'build']
[0.387s] DEBUG:colcon:Parsed command line arguments: Namespace(allow_overriding=[], ament_cmake_args=None, base_paths=['.'], build_base='build', catkin_cmake_args=None, catkin_skip_building_tests=False, cmake_args=None, cmake_clean_cache=False, cmake_clean_first=False, cmake_force_configure=False, cmake_target=None, cmake_target_skip_unavailable=False, continue_on_error=False, event_handlers=None, executor='parallel', ignore_user_meta=False, install_base='install', log_base=None, log_level=None, main=<bound method BuildVerb.main of <colcon_core.verb.build.BuildVerb object at 0xffffae030a90>>, merge_install=False, metas=['./colcon.meta'], mixin=None, mixin_files=None, mixin_verb=('build',), packages_above=None, packages_above_and_dependencies=None, packages_above_depth=None, packages_end=None, packages_ignore=None, packages_ignore_regex=None, packages_select=None, packages_select_build_failed=False, packages_select_by_dep=None, packages_select_regex=None, packages_select_test_failures=False, packages_skip=None, packages_skip_build_finished=False, packages_skip_by_dep=None, packages_skip_regex=None, packages_skip_test_passed=False, packages_skip_up_to=None, packages_start=None, packages_up_to=None, packages_up_to_regex=None, parallel_workers=12, paths=None, symlink_install=False, test_result_base=None, verb_extension=<colcon_core.verb.build.BuildVerb object at 0xffffae030a90>, verb_name='build', verb_parser=<colcon_mixin.mixin.mixin_argument.MixinArgumentDecorator object at 0xffffae0421f0>)
[0.676s] Level 1:colcon.colcon_core.package_discovery:discover_packages(colcon_meta) check parameters
[0.676s] Level 1:colcon.colcon_core.package_discovery:discover_packages(recursive) check parameters
[0.677s] Level 1:colcon.colcon_core.package_discovery:discover_packages(ignore) check parameters
[0.677s] Level 1:colcon.colcon_core.package_discovery:discover_packages(path) check parameters
[0.677s] Level 1:colcon.colcon_core.package_discovery:discover_packages(colcon_meta) discover
[0.677s] Level 1:colcon.colcon_core.package_discovery:discover_packages(recursive) discover
[0.677s] INFO:colcon.colcon_core.package_discovery:Crawling recursively for packages in '/home/nvidia/pid_ws'
[0.678s] Level 1:colcon.colcon_core.package_identification:_identify(.) by extensions ['ignore', 'ignore_ament_install']
[0.678s] Level 1:colcon.colcon_core.package_identification:_identify(.) by extension 'ignore'
[0.678s] Level 1:colcon.colcon_core.package_identification:_identify(.) by extension 'ignore_ament_install'
[0.678s] Level 1:colcon.colcon_core.package_identification:_identify(.) by extensions ['colcon_pkg']
[0.678s] Level 1:colcon.colcon_core.package_identification:_identify(.) by extension 'colcon_pkg'
[0.678s] Level 1:colcon.colcon_core.package_identification:_identify(.) by extensions ['colcon_meta']
[0.678s] Level 1:colcon.colcon_core.package_identification:_identify(.) by extension 'colcon_meta'
[0.678s] Level 1:colcon.colcon_core.package_identification:_identify(.) by extensions ['ros']
[0.678s] Level 1:colcon.colcon_core.package_identification:_identify(.) by extension 'ros'
[0.698s] Level 1:colcon.colcon_core.package_identification:_identify(.) by extensions ['cmake', 'python']
[0.699s] Level 1:colcon.colcon_core.package_identification:_identify(.) by extension 'cmake'
[0.699s] Level 1:colcon.colcon_core.package_identification:_identify(.) by extension 'python'
[0.699s] Level 1:colcon.colcon_core.package_identification:_identify(.) by extensions ['python_setup_py']
[0.699s] Level 1:colcon.colcon_core.package_identification:_identify(.) by extension 'python_setup_py'
[0.699s] Level 1:colcon.colcon_core.package_identification:_identify(build) by extensions ['ignore', 'ignore_ament_install']
[0.700s] Level 1:colcon.colcon_core.package_identification:_identify(build) by extension 'ignore'
[0.700s] Level 1:colcon.colcon_core.package_identification:_identify(build) ignored
[0.700s] Level 1:colcon.colcon_core.package_identification:_identify(install) by extensions ['ignore', 'ignore_ament_install']
[0.700s] Level 1:colcon.colcon_core.package_identification:_identify(install) by extension 'ignore'
[0.700s] Level 1:colcon.colcon_core.package_identification:_identify(install) ignored
[0.701s] Level 1:colcon.colcon_core.package_identification:_identify(lane_analysis_data) by extensions ['ignore', 'ignore_ament_install']
[0.701s] Level 1:colcon.colcon_core.package_identification:_identify(lane_analysis_data) by extension 'ignore'
[0.701s] Level 1:colcon.colcon_core.package_identification:_identify(lane_analysis_data) by extension 'ignore_ament_install'
[0.701s] Level 1:colcon.colcon_core.package_identification:_identify(lane_analysis_data) by extensions ['colcon_pkg']
[0.701s] Level 1:colcon.colcon_core.package_identification:_identify(lane_analysis_data) by extension 'colcon_pkg'
[0.701s] Level 1:colcon.colcon_core.package_identification:_identify(lane_analysis_data) by extensions ['colcon_meta']
[0.701s] Level 1:colcon.colcon_core.package_identification:_identify(lane_analysis_data) by extension 'colcon_meta'
[0.701s] Level 1:colcon.colcon_core.package_identification:_identify(lane_analysis_data) by extensions ['ros']
[0.702s] Level 1:colcon.colcon_core.package_identification:_identify(lane_analysis_data) by extension 'ros'
[0.702s] Level 1:colcon.colcon_core.package_identification:_identify(lane_analysis_data) by extensions ['cmake', 'python']
[0.702s] Level 1:colcon.colcon_core.package_identification:_identify(lane_analysis_data) by extension 'cmake'
[0.702s] Level 1:colcon.colcon_core.package_identification:_identify(lane_analysis_data) by extension 'python'
[0.702s] Level 1:colcon.colcon_core.package_identification:_identify(lane_analysis_data) by extensions ['python_setup_py']
[0.702s] Level 1:colcon.colcon_core.package_identification:_identify(lane_analysis_data) by extension 'python_setup_py'
[0.702s] Level 1:colcon.colcon_core.package_identification:_identify(log) by extensions ['ignore', 'ignore_ament_install']
[0.702s] Level 1:colcon.colcon_core.package_identification:_identify(log) by extension 'ignore'
[0.702s] Level 1:colcon.colcon_core.package_identification:_identify(log) ignored
[0.703s] Level 1:colcon.colcon_core.package_identification:_identify(src) by extensions ['ignore', 'ignore_ament_install']
[0.703s] Level 1:colcon.colcon_core.package_identification:_identify(src) by extension 'ignore'
[0.703s] Level 1:colcon.colcon_core.package_identification:_identify(src) by extension 'ignore_ament_install'
[0.703s] Level 1:colcon.colcon_core.package_identification:_identify(src) by extensions ['colcon_pkg']
[0.703s] Level 1:colcon.colcon_core.package_identification:_identify(src) by extension 'colcon_pkg'
[0.703s] Level 1:colcon.colcon_core.package_identification:_identify(src) by extensions ['colcon_meta']
[0.703s] Level 1:colcon.colcon_core.package_identification:_identify(src) by extension 'colcon_meta'
[0.703s] Level 1:colcon.colcon_core.package_identification:_identify(src) by extensions ['ros']
[0.703s] Level 1:colcon.colcon_core.package_identification:_identify(src) by extension 'ros'
[0.703s] Level 1:colcon.colcon_core.package_identification:_identify(src) by extensions ['cmake', 'python']
[0.703s] Level 1:colcon.colcon_core.package_identification:_identify(src) by extension 'cmake'
[0.703s] Level 1:colcon.colcon_core.package_identification:_identify(src) by extension 'python'
[0.703s] Level 1:colcon.colcon_core.package_identification:_identify(src) by extensions ['python_setup_py']
[0.704s] Level 1:colcon.colcon_core.package_identification:_identify(src) by extension 'python_setup_py'
[0.704s] Level 1:colcon.colcon_core.package_identification:_identify(src/gnss_follower) by extensions ['ignore', 'ignore_ament_install']
[0.704s] Level 1:colcon.colcon_core.package_identification:_identify(src/gnss_follower) by extension 'ignore'
[0.704s] Level 1:colcon.colcon_core.package_identification:_identify(src/gnss_follower) by extension 'ignore_ament_install'
[0.704s] Level 1:colcon.colcon_core.package_identification:_identify(src/gnss_follower) by extensions ['colcon_pkg']
[0.704s] Level 1:colcon.colcon_core.package_identification:_identify(src/gnss_follower) by extension 'colcon_pkg'
[0.704s] Level 1:colcon.colcon_core.package_identification:_identify(src/gnss_follower) by extensions ['colcon_meta']
[0.704s] Level 1:colcon.colcon_core.package_identification:_identify(src/gnss_follower) by extension 'colcon_meta'
[0.704s] Level 1:colcon.colcon_core.package_identification:_identify(src/gnss_follower) by extensions ['ros']
[0.704s] Level 1:colcon.colcon_core.package_identification:_identify(src/gnss_follower) by extension 'ros'
[0.709s] DEBUG:colcon.colcon_core.package_identification:Package 'src/gnss_follower' with type 'ros.ament_python' and name 'gnss_follower'
[0.709s] Level 1:colcon.colcon_core.package_identification:_identify(src/lane_analysis_data) by extensions ['ignore', 'ignore_ament_install']
[0.709s] Level 1:colcon.colcon_core.package_identification:_identify(src/lane_analysis_data) by extension 'ignore'
[0.709s] Level 1:colcon.colcon_core.package_identification:_identify(src/lane_analysis_data) by extension 'ignore_ament_install'
[0.709s] Level 1:colcon.colcon_core.package_identification:_identify(src/lane_analysis_data) by extensions ['colcon_pkg']
[0.709s] Level 1:colcon.colcon_core.package_identification:_identify(src/lane_analysis_data) by extension 'colcon_pkg'
[0.709s] Level 1:colcon.colcon_core.package_identification:_identify(src/lane_analysis_data) by extensions ['colcon_meta']
[0.709s] Level 1:colcon.colcon_core.package_identification:_identify(src/lane_analysis_data) by extension 'colcon_meta'
[0.710s] Level 1:colcon.colcon_core.package_identification:_identify(src/lane_analysis_data) by extensions ['ros']
[0.710s] Level 1:colcon.colcon_core.package_identification:_identify(src/lane_analysis_data) by extension 'ros'
[0.710s] Level 1:colcon.colcon_core.package_identification:_identify(src/lane_analysis_data) by extensions ['cmake', 'python']
[0.710s] Level 1:colcon.colcon_core.package_identification:_identify(src/lane_analysis_data) by extension 'cmake'
[0.710s] Level 1:colcon.colcon_core.package_identification:_identify(src/lane_analysis_data) by extension 'python'
[0.710s] Level 1:colcon.colcon_core.package_identification:_identify(src/lane_analysis_data) by extensions ['python_setup_py']
[0.710s] Level 1:colcon.colcon_core.package_identification:_identify(src/lane_analysis_data) by extension 'python_setup_py'
[0.710s] Level 1:colcon.colcon_core.package_identification:_identify(src/pid_controller) by extensions ['ignore', 'ignore_ament_install']
[0.710s] Level 1:colcon.colcon_core.package_identification:_identify(src/pid_controller) by extension 'ignore'
[0.710s] Level 1:colcon.colcon_core.package_identification:_identify(src/pid_controller) by extension 'ignore_ament_install'
[0.710s] Level 1:colcon.colcon_core.package_identification:_identify(src/pid_controller) by extensions ['colcon_pkg']
[0.711s] Level 1:colcon.colcon_core.package_identification:_identify(src/pid_controller) by extension 'colcon_pkg'
[0.711s] Level 1:colcon.colcon_core.package_identification:_identify(src/pid_controller) by extensions ['colcon_meta']
[0.711s] Level 1:colcon.colcon_core.package_identification:_identify(src/pid_controller) by extension 'colcon_meta'
[0.711s] Level 1:colcon.colcon_core.package_identification:_identify(src/pid_controller) by extensions ['ros']
[0.711s] Level 1:colcon.colcon_core.package_identification:_identify(src/pid_controller) by extension 'ros'
[0.712s] DEBUG:colcon.colcon_core.package_identification:Package 'src/pid_controller' with type 'ros.ament_cmake' and name 'pid_controller'
[0.712s] Level 1:colcon.colcon_core.package_identification:_identify(src/trajectory_follower) by extensions ['ignore', 'ignore_ament_install']
[0.713s] Level 1:colcon.colcon_core.package_identification:_identify(src/trajectory_follower) by extension 'ignore'
[0.713s] Level 1:colcon.colcon_core.package_identification:_identify(src/trajectory_follower) by extension 'ignore_ament_install'
[0.713s] Level 1:colcon.colcon_core.package_identification:_identify(src/trajectory_follower) by extensions ['colcon_pkg']
[0.713s] Level 1:colcon.colcon_core.package_identification:_identify(src/trajectory_follower) by extension 'colcon_pkg'
[0.713s] Level 1:colcon.colcon_core.package_identification:_identify(src/trajectory_follower) by extensions ['colcon_meta']
[0.713s] Level 1:colcon.colcon_core.package_identification:_identify(src/trajectory_follower) by extension 'colcon_meta'
[0.713s] Level 1:colcon.colcon_core.package_identification:_identify(src/trajectory_follower) by extensions ['ros']
[0.713s] Level 1:colcon.colcon_core.package_identification:_identify(src/trajectory_follower) by extension 'ros'
[0.715s] DEBUG:colcon.colcon_core.package_identification:Package 'src/trajectory_follower' with type 'ros.ament_python' and name 'trajectory_follower'
[0.715s] Level 1:colcon.colcon_core.package_discovery:discover_packages(recursive) using defaults
[0.715s] Level 1:colcon.colcon_core.package_discovery:discover_packages(ignore) discover
[0.715s] Level 1:colcon.colcon_core.package_discovery:discover_packages(ignore) using defaults
[0.715s] Level 1:colcon.colcon_core.package_discovery:discover_packages(path) discover
[0.715s] Level 1:colcon.colcon_core.package_discovery:discover_packages(path) using defaults
[0.750s] Level 1:colcon.colcon_core.package_discovery:discover_packages(prefix_path) check parameters
[0.750s] Level 1:colcon.colcon_core.package_discovery:discover_packages(prefix_path) discover
[0.756s] DEBUG:colcon.colcon_installed_package_information.package_discovery:Found 3 installed packages in /home/nvidia/pid_ws/install
[0.757s] DEBUG:colcon.colcon_installed_package_information.package_discovery:Found 25 installed packages in /home/nvidia/workspace/ros2_ws/install
[0.760s] DEBUG:colcon.colcon_installed_package_information.package_discovery:Found 347 installed packages in /opt/ros/foxy
[0.791s] Level 1:colcon.colcon_core.package_discovery:discover_packages(prefix_path) using defaults
[0.919s] Level 5:colcon.colcon_core.verb:set package 'gnss_follower' build argument 'cmake_args' from command line to 'None'
[0.919s] Level 5:colcon.colcon_core.verb:set package 'gnss_follower' build argument 'cmake_target' from command line to 'None'
[0.919s] Level 5:colcon.colcon_core.verb:set package 'gnss_follower' build argument 'cmake_target_skip_unavailable' from command line to 'False'
[0.919s] Level 5:colcon.colcon_core.verb:set package 'gnss_follower' build argument 'cmake_clean_cache' from command line to 'False'
[0.919s] Level 5:colcon.colcon_core.verb:set package 'gnss_follower' build argument 'cmake_clean_first' from command line to 'False'
[0.919s] Level 5:colcon.colcon_core.verb:set package 'gnss_follower' build argument 'cmake_force_configure' from command line to 'False'
[0.919s] Level 5:colcon.colcon_core.verb:set package 'gnss_follower' build argument 'ament_cmake_args' from command line to 'None'
[0.919s] Level 5:colcon.colcon_core.verb:set package 'gnss_follower' build argument 'catkin_cmake_args' from command line to 'None'
[0.919s] Level 5:colcon.colcon_core.verb:set package 'gnss_follower' build argument 'catkin_skip_building_tests' from command line to 'False'
[0.919s] DEBUG:colcon.colcon_core.verb:Building package 'gnss_follower' with the following arguments: {'ament_cmake_args': None, 'build_base': '/home/nvidia/pid_ws/build/gnss_follower', 'catkin_cmake_args': None, 'catkin_skip_building_tests': False, 'cmake_args': None, 'cmake_clean_cache': False, 'cmake_clean_first': False, 'cmake_force_configure': False, 'cmake_target': None, 'cmake_target_skip_unavailable': False, 'install_base': '/home/nvidia/pid_ws/install/gnss_follower', 'merge_install': False, 'path': '/home/nvidia/pid_ws/src/gnss_follower', 'symlink_install': False, 'test_result_base': None}
[0.920s] Level 5:colcon.colcon_core.verb:set package 'pid_controller' build argument 'cmake_args' from command line to 'None'
[0.920s] Level 5:colcon.colcon_core.verb:set package 'pid_controller' build argument 'cmake_target' from command line to 'None'
[0.920s] Level 5:colcon.colcon_core.verb:set package 'pid_controller' build argument 'cmake_target_skip_unavailable' from command line to 'False'
[0.920s] Level 5:colcon.colcon_core.verb:set package 'pid_controller' build argument 'cmake_clean_cache' from command line to 'False'
[0.920s] Level 5:colcon.colcon_core.verb:set package 'pid_controller' build argument 'cmake_clean_first' from command line to 'False'
[0.920s] Level 5:colcon.colcon_core.verb:set package 'pid_controller' build argument 'cmake_force_configure' from command line to 'False'
[0.920s] Level 5:colcon.colcon_core.verb:set package 'pid_controller' build argument 'ament_cmake_args' from command line to 'None'
[0.920s] Level 5:colcon.colcon_core.verb:set package 'pid_controller' build argument 'catkin_cmake_args' from command line to 'None'
[0.920s] Level 5:colcon.colcon_core.verb:set package 'pid_controller' build argument 'catkin_skip_building_tests' from command line to 'False'
[0.920s] DEBUG:colcon.colcon_core.verb:Building package 'pid_controller' with the following arguments: {'ament_cmake_args': None, 'build_base': '/home/nvidia/pid_ws/build/pid_controller', 'catkin_cmake_args': None, 'catkin_skip_building_tests': False, 'cmake_args': None, 'cmake_clean_cache': False, 'cmake_clean_first': False, 'cmake_force_configure': False, 'cmake_target': None, 'cmake_target_skip_unavailable': False, 'install_base': '/home/nvidia/pid_ws/install/pid_controller', 'merge_install': False, 'path': '/home/nvidia/pid_ws/src/pid_controller', 'symlink_install': False, 'test_result_base': None}
[0.921s] Level 5:colcon.colcon_core.verb:set package 'trajectory_follower' build argument 'cmake_args' from command line to 'None'
[0.921s] Level 5:colcon.colcon_core.verb:set package 'trajectory_follower' build argument 'cmake_target' from command line to 'None'
[0.921s] Level 5:colcon.colcon_core.verb:set package 'trajectory_follower' build argument 'cmake_target_skip_unavailable' from command line to 'False'
[0.921s] Level 5:colcon.colcon_core.verb:set package 'trajectory_follower' build argument 'cmake_clean_cache' from command line to 'False'
[0.921s] Level 5:colcon.colcon_core.verb:set package 'trajectory_follower' build argument 'cmake_clean_first' from command line to 'False'
[0.921s] Level 5:colcon.colcon_core.verb:set package 'trajectory_follower' build argument 'cmake_force_configure' from command line to 'False'
[0.922s] Level 5:colcon.colcon_core.verb:set package 'trajectory_follower' build argument 'ament_cmake_args' from command line to 'None'
[0.922s] Level 5:colcon.colcon_core.verb:set package 'trajectory_follower' build argument 'catkin_cmake_args' from command line to 'None'
[0.922s] Level 5:colcon.colcon_core.verb:set package 'trajectory_follower' build argument 'catkin_skip_building_tests' from command line to 'False'
[0.922s] DEBUG:colcon.colcon_core.verb:Building package 'trajectory_follower' with the following arguments: {'ament_cmake_args': None, 'build_base': '/home/nvidia/pid_ws/build/trajectory_follower', 'catkin_cmake_args': None, 'catkin_skip_building_tests': False, 'cmake_args': None, 'cmake_clean_cache': False, 'cmake_clean_first': False, 'cmake_force_configure': False, 'cmake_target': None, 'cmake_target_skip_unavailable': False, 'install_base': '/home/nvidia/pid_ws/install/trajectory_follower', 'merge_install': False, 'path': '/home/nvidia/pid_ws/src/trajectory_follower', 'symlink_install': False, 'test_result_base': None}
[0.922s] INFO:colcon.colcon_core.executor:Executing jobs using 'parallel' executor
[0.924s] DEBUG:colcon.colcon_parallel_executor.executor.parallel:run_until_complete
[0.925s] INFO:colcon.colcon_ros.task.ament_python.build:Building ROS package in '/home/nvidia/pid_ws/src/gnss_follower' with build type 'ament_python'
[0.925s] Level 1:colcon.colcon_core.shell:create_environment_hook('gnss_follower', 'ament_prefix_path')
[0.929s] INFO:colcon.colcon_core.plugin_system:Skipping extension 'colcon_core.shell.bat': Not used on non-Windows systems
[0.930s] INFO:colcon.colcon_core.shell:Creating environment hook '/home/nvidia/pid_ws/install/gnss_follower/share/gnss_follower/hook/ament_prefix_path.ps1'
[0.932s] INFO:colcon.colcon_core.shell:Creating environment descriptor '/home/nvidia/pid_ws/install/gnss_follower/share/gnss_follower/hook/ament_prefix_path.dsv'
[0.937s] INFO:colcon.colcon_core.shell:Creating environment hook '/home/nvidia/pid_ws/install/gnss_follower/share/gnss_follower/hook/ament_prefix_path.sh'
[0.939s] INFO:colcon.colcon_core.shell:Skip shell extension 'powershell' for command environment: Not usable outside of PowerShell
[0.939s] DEBUG:colcon.colcon_core.shell:Skip shell extension 'dsv' for command environment
[0.954s] INFO:colcon.colcon_ros.task.ament_cmake.build:Building ROS package in '/home/nvidia/pid_ws/src/pid_controller' with build type 'ament_cmake'
[0.955s] INFO:colcon.colcon_cmake.task.cmake.build:Building CMake package in '/home/nvidia/pid_ws/src/pid_controller'
[0.956s] INFO:colcon.colcon_core.shell:Skip shell extension 'powershell' for command environment: Not usable outside of PowerShell
[0.957s] DEBUG:colcon.colcon_core.shell:Skip shell extension 'dsv' for command environment
[0.973s] INFO:colcon.colcon_ros.task.ament_python.build:Building ROS package in '/home/nvidia/pid_ws/src/trajectory_follower' with build type 'ament_python'
[0.974s] Level 1:colcon.colcon_core.shell:create_environment_hook('trajectory_follower', 'ament_prefix_path')
[0.975s] INFO:colcon.colcon_core.shell:Creating environment hook '/home/nvidia/pid_ws/install/trajectory_follower/share/trajectory_follower/hook/ament_prefix_path.ps1'
[0.977s] INFO:colcon.colcon_core.shell:Creating environment descriptor '/home/nvidia/pid_ws/install/trajectory_follower/share/trajectory_follower/hook/ament_prefix_path.dsv'
[0.977s] INFO:colcon.colcon_core.shell:Creating environment hook '/home/nvidia/pid_ws/install/trajectory_follower/share/trajectory_follower/hook/ament_prefix_path.sh'
[0.978s] INFO:colcon.colcon_core.shell:Skip shell extension 'powershell' for command environment: Not usable outside of PowerShell
[0.978s] DEBUG:colcon.colcon_core.shell:Skip shell extension 'dsv' for command environment
[1.435s] INFO:colcon.colcon_core.task.python.build:Building Python package in '/home/nvidia/pid_ws/src/gnss_follower'
[1.436s] INFO:colcon.colcon_core.shell:Skip shell extension 'powershell' for command environment: Not usable outside of PowerShell
[1.436s] DEBUG:colcon.colcon_core.shell:Skip shell extension 'dsv' for command environment
[1.460s] DEBUG:colcon.colcon_core.event_handler.log_command:Invoking command in '/home/nvidia/pid_ws/build/pid_controller': CMAKE_PREFIX_PATH=${CMAKE_PREFIX_PATH}:/home/nvidia/pid_ws/install/trajectory_follower:/home/nvidia/pid_ws/install/gnss_follower:/home/nvidia/workspace/ros2_ws/install/simulator:/home/nvidia/workspace/ros2_ws/install/motor_controller:/home/nvidia/workspace/ros2_ws/install/vehicle:/home/nvidia/workspace/ros2_ws/install/road_detector:/home/nvidia/workspace/ros2_ws/install/rear_potentiometer:/home/nvidia/workspace/ros2_ws/install/obsticle_avoidence:/home/nvidia/workspace/ros2_ws/install/object_detector:/home/nvidia/workspace/ros2_ws/install/new_detector:/home/nvidia/workspace/ros2_ws/install/common_python:/home/nvidia/workspace/ros2_ws/install/lane_points:/home/nvidia/workspace/ros2_ws/install/kalman_filter:/home/nvidia/workspace/ros2_ws/install/auto_launch:/opt/ros/foxy /usr/bin/cmake --build /home/nvidia/pid_ws/build/pid_controller -- -j12 -l12
[1.922s] INFO:colcon.colcon_core.task.python.build:Building Python package in '/home/nvidia/pid_ws/src/trajectory_follower'
[1.923s] INFO:colcon.colcon_core.shell:Skip shell extension 'powershell' for command environment: Not usable outside of PowerShell
[1.924s] DEBUG:colcon.colcon_core.shell:Skip shell extension 'dsv' for command environment
[1.956s] DEBUG:colcon.colcon_core.event_handler.log_command:Invoked command in '/home/nvidia/pid_ws/build/pid_controller' returned '0': CMAKE_PREFIX_PATH=${CMAKE_PREFIX_PATH}:/home/nvidia/pid_ws/install/trajectory_follower:/home/nvidia/pid_ws/install/gnss_follower:/home/nvidia/workspace/ros2_ws/install/simulator:/home/nvidia/workspace/ros2_ws/install/motor_controller:/home/nvidia/workspace/ros2_ws/install/vehicle:/home/nvidia/workspace/ros2_ws/install/road_detector:/home/nvidia/workspace/ros2_ws/install/rear_potentiometer:/home/nvidia/workspace/ros2_ws/install/obsticle_avoidence:/home/nvidia/workspace/ros2_ws/install/object_detector:/home/nvidia/workspace/ros2_ws/install/new_detector:/home/nvidia/workspace/ros2_ws/install/common_python:/home/nvidia/workspace/ros2_ws/install/lane_points:/home/nvidia/workspace/ros2_ws/install/kalman_filter:/home/nvidia/workspace/ros2_ws/install/auto_launch:/opt/ros/foxy /usr/bin/cmake --build /home/nvidia/pid_ws/build/pid_controller -- -j12 -l12
[1.981s] DEBUG:colcon.colcon_core.event_handler.log_command:Invoking command in '/home/nvidia/pid_ws/build/pid_controller': CMAKE_PREFIX_PATH=${CMAKE_PREFIX_PATH}:/home/nvidia/pid_ws/install/trajectory_follower:/home/nvidia/pid_ws/install/gnss_follower:/home/nvidia/workspace/ros2_ws/install/simulator:/home/nvidia/workspace/ros2_ws/install/motor_controller:/home/nvidia/workspace/ros2_ws/install/vehicle:/home/nvidia/workspace/ros2_ws/install/road_detector:/home/nvidia/workspace/ros2_ws/install/rear_potentiometer:/home/nvidia/workspace/ros2_ws/install/obsticle_avoidence:/home/nvidia/workspace/ros2_ws/install/object_detector:/home/nvidia/workspace/ros2_ws/install/new_detector:/home/nvidia/workspace/ros2_ws/install/common_python:/home/nvidia/workspace/ros2_ws/install/lane_points:/home/nvidia/workspace/ros2_ws/install/kalman_filter:/home/nvidia/workspace/ros2_ws/install/auto_launch:/opt/ros/foxy /usr/bin/cmake --install /home/nvidia/pid_ws/build/pid_controller
[2.012s] Level 1:colcon.colcon_core.environment:create_environment_scripts_only(pid_controller)
[2.013s] DEBUG:colcon.colcon_core.event_handler.log_command:Invoked command in '/home/nvidia/pid_ws/build/pid_controller' returned '0': CMAKE_PREFIX_PATH=${CMAKE_PREFIX_PATH}:/home/nvidia/pid_ws/install/trajectory_follower:/home/nvidia/pid_ws/install/gnss_follower:/home/nvidia/workspace/ros2_ws/install/simulator:/home/nvidia/workspace/ros2_ws/install/motor_controller:/home/nvidia/workspace/ros2_ws/install/vehicle:/home/nvidia/workspace/ros2_ws/install/road_detector:/home/nvidia/workspace/ros2_ws/install/rear_potentiometer:/home/nvidia/workspace/ros2_ws/install/obsticle_avoidence:/home/nvidia/workspace/ros2_ws/install/object_detector:/home/nvidia/workspace/ros2_ws/install/new_detector:/home/nvidia/workspace/ros2_ws/install/common_python:/home/nvidia/workspace/ros2_ws/install/lane_points:/home/nvidia/workspace/ros2_ws/install/kalman_filter:/home/nvidia/workspace/ros2_ws/install/auto_launch:/opt/ros/foxy /usr/bin/cmake --install /home/nvidia/pid_ws/build/pid_controller
[2.019s] Level 1:colcon.colcon_core.environment:checking '/home/nvidia/pid_ws/install/pid_controller' for CMake module files
[2.020s] Level 1:colcon.colcon_core.environment:checking '/home/nvidia/pid_ws/install/pid_controller' for CMake config files
[2.020s] Level 1:colcon.colcon_core.shell:create_environment_hook('pid_controller', 'cmake_prefix_path')
[2.021s] INFO:colcon.colcon_core.shell:Creating environment hook '/home/nvidia/pid_ws/install/pid_controller/share/pid_controller/hook/cmake_prefix_path.ps1'
[2.025s] INFO:colcon.colcon_core.shell:Creating environment descriptor '/home/nvidia/pid_ws/install/pid_controller/share/pid_controller/hook/cmake_prefix_path.dsv'
[2.029s] INFO:colcon.colcon_core.shell:Creating environment hook '/home/nvidia/pid_ws/install/pid_controller/share/pid_controller/hook/cmake_prefix_path.sh'
[2.032s] Level 1:colcon.colcon_core.environment:checking '/home/nvidia/pid_ws/install/pid_controller/lib'
[2.032s] Level 1:colcon.colcon_core.environment:checking '/home/nvidia/pid_ws/install/pid_controller/bin'
[2.032s] Level 1:colcon.colcon_core.environment:checking '/home/nvidia/pid_ws/install/pid_controller/lib/pkgconfig/pid_controller.pc'
[2.033s] Level 1:colcon.colcon_core.environment:checking '/home/nvidia/pid_ws/install/pid_controller/lib/python3.8/site-packages'
[2.033s] Level 1:colcon.colcon_core.environment:checking '/home/nvidia/pid_ws/install/pid_controller/bin'
[2.034s] INFO:colcon.colcon_core.shell:Creating package script '/home/nvidia/pid_ws/install/pid_controller/share/pid_controller/package.ps1'
[2.036s] INFO:colcon.colcon_core.shell:Creating package descriptor '/home/nvidia/pid_ws/install/pid_controller/share/pid_controller/package.dsv'
[2.037s] INFO:colcon.colcon_core.shell:Creating package script '/home/nvidia/pid_ws/install/pid_controller/share/pid_controller/package.sh'
[2.038s] INFO:colcon.colcon_core.shell:Creating package script '/home/nvidia/pid_ws/install/pid_controller/share/pid_controller/package.bash'
[2.040s] INFO:colcon.colcon_core.shell:Creating package script '/home/nvidia/pid_ws/install/pid_controller/share/pid_controller/package.zsh'
[2.041s] Level 1:colcon.colcon_core.environment:create_file_with_runtime_dependencies(/home/nvidia/pid_ws/install/pid_controller/share/colcon-core/packages/pid_controller)
[2.042s] Level 1:colcon.colcon_core.environment:create_environment_scripts_only(pid_controller)
[2.043s] Level 1:colcon.colcon_core.environment:checking '/home/nvidia/pid_ws/install/pid_controller' for CMake module files
[2.043s] Level 1:colcon.colcon_core.environment:checking '/home/nvidia/pid_ws/install/pid_controller' for CMake config files
[2.044s] Level 1:colcon.colcon_core.shell:create_environment_hook('pid_controller', 'cmake_prefix_path')
[2.044s] INFO:colcon.colcon_core.shell:Creating environment hook '/home/nvidia/pid_ws/install/pid_controller/share/pid_controller/hook/cmake_prefix_path.ps1'
[2.045s] INFO:colcon.colcon_core.shell:Creating environment descriptor '/home/nvidia/pid_ws/install/pid_controller/share/pid_controller/hook/cmake_prefix_path.dsv'
[2.046s] INFO:colcon.colcon_core.shell:Creating environment hook '/home/nvidia/pid_ws/install/pid_controller/share/pid_controller/hook/cmake_prefix_path.sh'
[2.047s] Level 1:colcon.colcon_core.environment:checking '/home/nvidia/pid_ws/install/pid_controller/lib'
[2.047s] Level 1:colcon.colcon_core.environment:checking '/home/nvidia/pid_ws/install/pid_controller/bin'
[2.047s] Level 1:colcon.colcon_core.environment:checking '/home/nvidia/pid_ws/install/pid_controller/lib/pkgconfig/pid_controller.pc'
[2.048s] Level 1:colcon.colcon_core.environment:checking '/home/nvidia/pid_ws/install/pid_controller/lib/python3.8/site-packages'
[2.048s] Level 1:colcon.colcon_core.environment:checking '/home/nvidia/pid_ws/install/pid_controller/bin'
[2.048s] INFO:colcon.colcon_core.shell:Creating package script '/home/nvidia/pid_ws/install/pid_controller/share/pid_controller/package.ps1'
[2.049s] INFO:colcon.colcon_core.shell:Creating package descriptor '/home/nvidia/pid_ws/install/pid_controller/share/pid_controller/package.dsv'
[2.050s] INFO:colcon.colcon_core.shell:Creating package script '/home/nvidia/pid_ws/install/pid_controller/share/pid_controller/package.sh'
[2.051s] INFO:colcon.colcon_core.shell:Creating package script '/home/nvidia/pid_ws/install/pid_controller/share/pid_controller/package.bash'
[2.052s] INFO:colcon.colcon_core.shell:Creating package script '/home/nvidia/pid_ws/install/pid_controller/share/pid_controller/package.zsh'
[2.053s] Level 1:colcon.colcon_core.environment:create_file_with_runtime_dependencies(/home/nvidia/pid_ws/install/pid_controller/share/colcon-core/packages/pid_controller)
[2.719s] DEBUG:colcon.colcon_core.event_handler.log_command:Invoking command in '/home/nvidia/pid_ws/src/gnss_follower': PYTHONPATH=/home/nvidia/pid_ws/build/gnss_follower/prefix_override:/usr/lib/python3/dist-packages/colcon_core/task/python/colcon_distutils_commands:/home/nvidia/pid_ws/install/gnss_follower/lib/python3.8/site-packages:${PYTHONPATH} /usr/bin/python3 -W ignore:setup.py install is deprecated -W ignore:easy_install command is deprecated setup.py egg_info --egg-base ../../build/gnss_follower build --build-base /home/nvidia/pid_ws/build/gnss_follower/build install --record /home/nvidia/pid_ws/build/gnss_follower/install.log --install-scripts $base/lib/gnss_follower --single-version-externally-managed install_data
[2.743s] DEBUG:colcon.colcon_core.event_handler.log_command:Invoking command in '/home/nvidia/pid_ws/src/trajectory_follower': PYTHONPATH=/home/nvidia/pid_ws/build/trajectory_follower/prefix_override:/usr/lib/python3/dist-packages/colcon_core/task/python/colcon_distutils_commands:/home/nvidia/pid_ws/install/trajectory_follower/lib/python3.8/site-packages:${PYTHONPATH} /usr/bin/python3 -W ignore:setup.py install is deprecated -W ignore:easy_install command is deprecated setup.py egg_info --egg-base ../../build/trajectory_follower build --build-base /home/nvidia/pid_ws/build/trajectory_follower/build install --record /home/nvidia/pid_ws/build/trajectory_follower/install.log --install-scripts $base/lib/trajectory_follower --single-version-externally-managed install_data
[3.300s] Level 1:colcon.colcon_core.environment:checking '/home/nvidia/pid_ws/install/gnss_follower' for CMake module files
[3.301s] DEBUG:colcon.colcon_core.event_handler.log_command:Invoked command in '/home/nvidia/pid_ws/src/gnss_follower' returned '0': PYTHONPATH=/home/nvidia/pid_ws/build/gnss_follower/prefix_override:/usr/lib/python3/dist-packages/colcon_core/task/python/colcon_distutils_commands:/home/nvidia/pid_ws/install/gnss_follower/lib/python3.8/site-packages:${PYTHONPATH} /usr/bin/python3 -W ignore:setup.py install is deprecated -W ignore:easy_install command is deprecated setup.py egg_info --egg-base ../../build/gnss_follower build --build-base /home/nvidia/pid_ws/build/gnss_follower/build install --record /home/nvidia/pid_ws/build/gnss_follower/install.log --install-scripts $base/lib/gnss_follower --single-version-externally-managed install_data
[3.302s] Level 1:colcon.colcon_core.environment:checking '/home/nvidia/pid_ws/install/gnss_follower' for CMake config files
[3.303s] Level 1:colcon.colcon_core.environment:checking '/home/nvidia/pid_ws/install/gnss_follower/lib'
[3.303s] Level 1:colcon.colcon_core.environment:checking '/home/nvidia/pid_ws/install/gnss_follower/bin'
[3.303s] Level 1:colcon.colcon_core.environment:checking '/home/nvidia/pid_ws/install/gnss_follower/lib/pkgconfig/gnss_follower.pc'
[3.304s] Level 1:colcon.colcon_core.environment:checking '/home/nvidia/pid_ws/install/gnss_follower/lib/python3.8/site-packages'
[3.304s] Level 1:colcon.colcon_core.shell:create_environment_hook('gnss_follower', 'pythonpath')
[3.305s] INFO:colcon.colcon_core.shell:Creating environment hook '/home/nvidia/pid_ws/install/gnss_follower/share/gnss_follower/hook/pythonpath.ps1'
[3.306s] INFO:colcon.colcon_core.shell:Creating environment descriptor '/home/nvidia/pid_ws/install/gnss_follower/share/gnss_follower/hook/pythonpath.dsv'
[3.307s] INFO:colcon.colcon_core.shell:Creating environment hook '/home/nvidia/pid_ws/install/gnss_follower/share/gnss_follower/hook/pythonpath.sh'
[3.308s] Level 1:colcon.colcon_core.environment:checking '/home/nvidia/pid_ws/install/gnss_follower/bin'
[3.308s] Level 1:colcon.colcon_core.environment:create_environment_scripts_only(gnss_follower)
[3.308s] INFO:colcon.colcon_core.shell:Creating package script '/home/nvidia/pid_ws/install/gnss_follower/share/gnss_follower/package.ps1'
[3.309s] INFO:colcon.colcon_core.shell:Creating package descriptor '/home/nvidia/pid_ws/install/gnss_follower/share/gnss_follower/package.dsv'
[3.310s] INFO:colcon.colcon_core.shell:Creating package script '/home/nvidia/pid_ws/install/gnss_follower/share/gnss_follower/package.sh'
[3.311s] INFO:colcon.colcon_core.shell:Creating package script '/home/nvidia/pid_ws/install/gnss_follower/share/gnss_follower/package.bash'
[3.311s] INFO:colcon.colcon_core.shell:Creating package script '/home/nvidia/pid_ws/install/gnss_follower/share/gnss_follower/package.zsh'
[3.312s] Level 1:colcon.colcon_core.environment:create_file_with_runtime_dependencies(/home/nvidia/pid_ws/install/gnss_follower/share/colcon-core/packages/gnss_follower)
[3.354s] Level 1:colcon.colcon_core.environment:checking '/home/nvidia/pid_ws/install/trajectory_follower' for CMake module files
[3.355s] DEBUG:colcon.colcon_core.event_handler.log_command:Invoked command in '/home/nvidia/pid_ws/src/trajectory_follower' returned '0': PYTHONPATH=/home/nvidia/pid_ws/build/trajectory_follower/prefix_override:/usr/lib/python3/dist-packages/colcon_core/task/python/colcon_distutils_commands:/home/nvidia/pid_ws/install/trajectory_follower/lib/python3.8/site-packages:${PYTHONPATH} /usr/bin/python3 -W ignore:setup.py install is deprecated -W ignore:easy_install command is deprecated setup.py egg_info --egg-base ../../build/trajectory_follower build --build-base /home/nvidia/pid_ws/build/trajectory_follower/build install --record /home/nvidia/pid_ws/build/trajectory_follower/install.log --install-scripts $base/lib/trajectory_follower --single-version-externally-managed install_data
[3.356s] Level 1:colcon.colcon_core.environment:checking '/home/nvidia/pid_ws/install/trajectory_follower' for CMake config files
[3.357s] Level 1:colcon.colcon_core.environment:checking '/home/nvidia/pid_ws/install/trajectory_follower/lib'
[3.358s] Level 1:colcon.colcon_core.environment:checking '/home/nvidia/pid_ws/install/trajectory_follower/bin'
[3.358s] Level 1:colcon.colcon_core.environment:checking '/home/nvidia/pid_ws/install/trajectory_follower/lib/pkgconfig/trajectory_follower.pc'
[3.358s] Level 1:colcon.colcon_core.environment:checking '/home/nvidia/pid_ws/install/trajectory_follower/lib/python3.8/site-packages'
[3.358s] Level 1:colcon.colcon_core.shell:create_environment_hook('trajectory_follower', 'pythonpath')
[3.359s] INFO:colcon.colcon_core.shell:Creating environment hook '/home/nvidia/pid_ws/install/trajectory_follower/share/trajectory_follower/hook/pythonpath.ps1'
[3.360s] INFO:colcon.colcon_core.shell:Creating environment descriptor '/home/nvidia/pid_ws/install/trajectory_follower/share/trajectory_follower/hook/pythonpath.dsv'
[3.363s] INFO:colcon.colcon_core.shell:Creating environment hook '/home/nvidia/pid_ws/install/trajectory_follower/share/trajectory_follower/hook/pythonpath.sh'
[3.366s] Level 1:colcon.colcon_core.environment:checking '/home/nvidia/pid_ws/install/trajectory_follower/bin'
[3.367s] Level 1:colcon.colcon_core.environment:create_environment_scripts_only(trajectory_follower)
[3.367s] INFO:colcon.colcon_core.shell:Creating package script '/home/nvidia/pid_ws/install/trajectory_follower/share/trajectory_follower/package.ps1'
[3.368s] INFO:colcon.colcon_core.shell:Creating package descriptor '/home/nvidia/pid_ws/install/trajectory_follower/share/trajectory_follower/package.dsv'
[3.369s] INFO:colcon.colcon_core.shell:Creating package script '/home/nvidia/pid_ws/install/trajectory_follower/share/trajectory_follower/package.sh'
[3.370s] INFO:colcon.colcon_core.shell:Creating package script '/home/nvidia/pid_ws/install/trajectory_follower/share/trajectory_follower/package.bash'
[3.372s] INFO:colcon.colcon_core.shell:Creating package script '/home/nvidia/pid_ws/install/trajectory_follower/share/trajectory_follower/package.zsh'
[3.372s] Level 1:colcon.colcon_core.environment:create_file_with_runtime_dependencies(/home/nvidia/pid_ws/install/trajectory_follower/share/colcon-core/packages/trajectory_follower)
[3.373s] DEBUG:colcon.colcon_parallel_executor.executor.parallel:closing loop
[3.374s] DEBUG:colcon.colcon_parallel_executor.executor.parallel:loop closed
[3.374s] DEBUG:colcon.colcon_parallel_executor.executor.parallel:run_until_complete finished with '0'
[3.374s] DEBUG:colcon.colcon_core.event_reactor:joining thread
[3.390s] INFO:colcon.colcon_core.plugin_system:Skipping extension 'colcon_notification.desktop_notification.terminal_notifier': Not used on non-Darwin systems
[3.390s] INFO:colcon.colcon_core.plugin_system:Skipping extension 'colcon_notification.desktop_notification.win32': Not used on non-Windows systems
[3.390s] INFO:colcon.colcon_notification.desktop_notification:Sending desktop notification using 'notify2'
[3.418s] DEBUG:colcon.colcon_core.event_reactor:joined thread
[3.419s] INFO:colcon.colcon_core.shell:Creating prefix script '/home/nvidia/pid_ws/install/local_setup.ps1'
[3.421s] INFO:colcon.colcon_core.shell:Creating prefix util module '/home/nvidia/pid_ws/install/_local_setup_util_ps1.py'
[3.428s] INFO:colcon.colcon_core.shell:Creating prefix chain script '/home/nvidia/pid_ws/install/setup.ps1'
[3.432s] INFO:colcon.colcon_core.shell:Creating prefix script '/home/nvidia/pid_ws/install/local_setup.sh'
[3.433s] INFO:colcon.colcon_core.shell:Creating prefix util module '/home/nvidia/pid_ws/install/_local_setup_util_sh.py'
[3.436s] INFO:colcon.colcon_core.shell:Creating prefix chain script '/home/nvidia/pid_ws/install/setup.sh'
[3.440s] INFO:colcon.colcon_core.shell:Creating prefix script '/home/nvidia/pid_ws/install/local_setup.bash'
[3.440s] INFO:colcon.colcon_core.shell:Creating prefix chain script '/home/nvidia/pid_ws/install/setup.bash'
[3.444s] INFO:colcon.colcon_core.shell:Creating prefix script '/home/nvidia/pid_ws/install/local_setup.zsh'
[3.445s] INFO:colcon.colcon_core.shell:Creating prefix chain script '/home/nvidia/pid_ws/install/setup.zsh'
