[1.754s] Invoking command in '/home/nvidia/pid_ws/src/gnss_follower': PYTHONPATH=/home/nvidia/pid_ws/build/gnss_follower/prefix_override:/usr/lib/python3/dist-packages/colcon_core/task/python/colcon_distutils_commands:/home/nvidia/pid_ws/install/gnss_follower/lib/python3.8/site-packages:${PYTHONPATH} /usr/bin/python3 -W ignore:setup.py install is deprecated -W ignore:easy_install command is deprecated setup.py egg_info --egg-base ../../build/gnss_follower build --build-base /home/nvidia/pid_ws/build/gnss_follower/build install --record /home/nvidia/pid_ws/build/gnss_follower/install.log --install-scripts $base/lib/gnss_follower --single-version-externally-managed install_data
[2.154s] running egg_info
[2.155s] creating ../../build/gnss_follower/gnss_follower.egg-info
[2.155s] writing ../../build/gnss_follower/gnss_follower.egg-info/PKG-INFO
[2.156s] writing dependency_links to ../../build/gnss_follower/gnss_follower.egg-info/dependency_links.txt
[2.156s] writing entry points to ../../build/gnss_follower/gnss_follower.egg-info/entry_points.txt
[2.156s] writing requirements to ../../build/gnss_follower/gnss_follower.egg-info/requires.txt
[2.157s] writing top-level names to ../../build/gnss_follower/gnss_follower.egg-info/top_level.txt
[2.160s] writing manifest file '../../build/gnss_follower/gnss_follower.egg-info/SOURCES.txt'
[2.206s] reading manifest file '../../build/gnss_follower/gnss_follower.egg-info/SOURCES.txt'
[2.208s] writing manifest file '../../build/gnss_follower/gnss_follower.egg-info/SOURCES.txt'
[2.208s] running build
[2.208s] running build_py
[2.208s] creating /home/nvidia/pid_ws/build/gnss_follower/build
[2.209s] creating /home/nvidia/pid_ws/build/gnss_follower/build/lib
[2.209s] creating /home/nvidia/pid_ws/build/gnss_follower/build/lib/gnss_follower
[2.209s] copying gnss_follower/lya_gnss_plus_opencv0316.py -> /home/nvidia/pid_ws/build/gnss_follower/build/lib/gnss_follower
[2.210s] copying gnss_follower/__init__.py -> /home/nvidia/pid_ws/build/gnss_follower/build/lib/gnss_follower
[2.210s] copying gnss_follower/lya_gnss_plus_path0316.py -> /home/nvidia/pid_ws/build/gnss_follower/build/lib/gnss_follower
[2.210s] copying gnss_follower/lya_gnss_base0316.py -> /home/nvidia/pid_ws/build/gnss_follower/build/lib/gnss_follower
[2.211s] copying gnss_follower/path_gnss_0303.py -> /home/nvidia/pid_ws/build/gnss_follower/build/lib/gnss_follower
[2.212s] copying gnss_follower/lya_follower_gnss_0303.py -> /home/nvidia/pid_ws/build/gnss_follower/build/lib/gnss_follower
[2.212s] copying gnss_follower/path_gnss_0315.py -> /home/nvidia/pid_ws/build/gnss_follower/build/lib/gnss_follower
[2.213s] copying gnss_follower/lya_follower_gnss_0315.py -> /home/nvidia/pid_ws/build/gnss_follower/build/lib/gnss_follower
[2.214s] running install
[2.215s] running install_lib
[2.218s] creating /home/nvidia/pid_ws/install/gnss_follower/lib/python3.8/site-packages/gnss_follower
[2.219s] copying /home/nvidia/pid_ws/build/gnss_follower/build/lib/gnss_follower/lya_gnss_plus_opencv0316.py -> /home/nvidia/pid_ws/install/gnss_follower/lib/python3.8/site-packages/gnss_follower
[2.219s] copying /home/nvidia/pid_ws/build/gnss_follower/build/lib/gnss_follower/__init__.py -> /home/nvidia/pid_ws/install/gnss_follower/lib/python3.8/site-packages/gnss_follower
[2.219s] copying /home/nvidia/pid_ws/build/gnss_follower/build/lib/gnss_follower/lya_gnss_plus_path0316.py -> /home/nvidia/pid_ws/install/gnss_follower/lib/python3.8/site-packages/gnss_follower
[2.219s] copying /home/nvidia/pid_ws/build/gnss_follower/build/lib/gnss_follower/lya_gnss_base0316.py -> /home/nvidia/pid_ws/install/gnss_follower/lib/python3.8/site-packages/gnss_follower
[2.219s] copying /home/nvidia/pid_ws/build/gnss_follower/build/lib/gnss_follower/path_gnss_0303.py -> /home/nvidia/pid_ws/install/gnss_follower/lib/python3.8/site-packages/gnss_follower
[2.219s] copying /home/nvidia/pid_ws/build/gnss_follower/build/lib/gnss_follower/lya_follower_gnss_0303.py -> /home/nvidia/pid_ws/install/gnss_follower/lib/python3.8/site-packages/gnss_follower
[2.219s] copying /home/nvidia/pid_ws/build/gnss_follower/build/lib/gnss_follower/path_gnss_0315.py -> /home/nvidia/pid_ws/install/gnss_follower/lib/python3.8/site-packages/gnss_follower
[2.219s] copying /home/nvidia/pid_ws/build/gnss_follower/build/lib/gnss_follower/lya_follower_gnss_0315.py -> /home/nvidia/pid_ws/install/gnss_follower/lib/python3.8/site-packages/gnss_follower
[2.220s] byte-compiling /home/nvidia/pid_ws/install/gnss_follower/lib/python3.8/site-packages/gnss_follower/lya_gnss_plus_opencv0316.py to lya_gnss_plus_opencv0316.cpython-38.pyc
[2.228s] byte-compiling /home/nvidia/pid_ws/install/gnss_follower/lib/python3.8/site-packages/gnss_follower/__init__.py to __init__.cpython-38.pyc
[2.228s] byte-compiling /home/nvidia/pid_ws/install/gnss_follower/lib/python3.8/site-packages/gnss_follower/lya_gnss_plus_path0316.py to lya_gnss_plus_path0316.cpython-38.pyc
[2.228s] byte-compiling /home/nvidia/pid_ws/install/gnss_follower/lib/python3.8/site-packages/gnss_follower/lya_gnss_base0316.py to lya_gnss_base0316.cpython-38.pyc
[2.229s] byte-compiling /home/nvidia/pid_ws/install/gnss_follower/lib/python3.8/site-packages/gnss_follower/path_gnss_0303.py to path_gnss_0303.cpython-38.pyc
[2.230s] byte-compiling /home/nvidia/pid_ws/install/gnss_follower/lib/python3.8/site-packages/gnss_follower/lya_follower_gnss_0303.py to lya_follower_gnss_0303.cpython-38.pyc
[2.232s] byte-compiling /home/nvidia/pid_ws/install/gnss_follower/lib/python3.8/site-packages/gnss_follower/path_gnss_0315.py to path_gnss_0315.cpython-38.pyc
[2.238s] byte-compiling /home/nvidia/pid_ws/install/gnss_follower/lib/python3.8/site-packages/gnss_follower/lya_follower_gnss_0315.py to lya_follower_gnss_0315.cpython-38.pyc
[2.238s] running install_data
[2.238s] creating /home/nvidia/pid_ws/install/gnss_follower/share/ament_index
[2.238s] creating /home/nvidia/pid_ws/install/gnss_follower/share/ament_index/resource_index
[2.239s] creating /home/nvidia/pid_ws/install/gnss_follower/share/ament_index/resource_index/packages
[2.239s] copying resource/gnss_follower -> /home/nvidia/pid_ws/install/gnss_follower/share/ament_index/resource_index/packages
[2.239s] copying package.xml -> /home/nvidia/pid_ws/install/gnss_follower/share/gnss_follower
[2.239s] running install_egg_info
[2.241s] Copying ../../build/gnss_follower/gnss_follower.egg-info to /home/nvidia/pid_ws/install/gnss_follower/lib/python3.8/site-packages/gnss_follower-0.0.0-py3.8.egg-info
[2.242s] running install_scripts
[2.272s] Installing lya_follower_gnss_0303 script to /home/nvidia/pid_ws/install/gnss_follower/lib/gnss_follower
[2.272s] Installing lya_follower_gnss_0315 script to /home/nvidia/pid_ws/install/gnss_follower/lib/gnss_follower
[2.273s] Installing lya_gnss_base0316 script to /home/nvidia/pid_ws/install/gnss_follower/lib/gnss_follower
[2.273s] Installing lya_gnss_plus_opencv0316 script to /home/nvidia/pid_ws/install/gnss_follower/lib/gnss_follower
[2.273s] Installing lya_gnss_plus_path0316 script to /home/nvidia/pid_ws/install/gnss_follower/lib/gnss_follower
[2.273s] Installing path_gnss_0303 script to /home/nvidia/pid_ws/install/gnss_follower/lib/gnss_follower
[2.273s] Installing path_gnss_0315 script to /home/nvidia/pid_ws/install/gnss_follower/lib/gnss_follower
[2.274s] writing list of installed files to '/home/nvidia/pid_ws/build/gnss_follower/install.log'
[2.346s] Invoked command in '/home/nvidia/pid_ws/src/gnss_follower' returned '0': PYTHONPATH=/home/nvidia/pid_ws/build/gnss_follower/prefix_override:/usr/lib/python3/dist-packages/colcon_core/task/python/colcon_distutils_commands:/home/nvidia/pid_ws/install/gnss_follower/lib/python3.8/site-packages:${PYTHONPATH} /usr/bin/python3 -W ignore:setup.py install is deprecated -W ignore:easy_install command is deprecated setup.py egg_info --egg-base ../../build/gnss_follower build --build-base /home/nvidia/pid_ws/build/gnss_follower/build install --record /home/nvidia/pid_ws/build/gnss_follower/install.log --install-scripts $base/lib/gnss_follower --single-version-externally-managed install_data
