[0.924s] DEBUG:colcon:Command line arguments: ['/usr/bin/colcon', 'build']
[0.924s] DEBUG:colcon:Parsed command line arguments: Namespace(allow_overriding=[], ament_cmake_args=None, base_paths=['.'], build_base='build', catkin_cmake_args=None, catkin_skip_building_tests=False, cmake_args=None, cmake_clean_cache=False, cmake_clean_first=False, cmake_force_configure=False, cmake_target=None, cmake_target_skip_unavailable=False, continue_on_error=False, event_handlers=None, executor='parallel', ignore_user_meta=False, install_base='install', log_base=None, log_level=None, main=<bound method BuildVerb.main of <colcon_core.verb.build.BuildVerb object at 0xffffa9ad3d30>>, merge_install=False, metas=['./colcon.meta'], mixin=None, mixin_files=None, mixin_verb=('build',), packages_above=None, packages_above_and_dependencies=None, packages_above_depth=None, packages_end=None, packages_ignore=None, packages_ignore_regex=None, packages_select=None, packages_select_build_failed=False, packages_select_by_dep=None, packages_select_regex=None, packages_select_test_failures=False, packages_skip=None, packages_skip_build_finished=False, packages_skip_by_dep=None, packages_skip_regex=None, packages_skip_test_passed=False, packages_skip_up_to=None, packages_start=None, packages_up_to=None, packages_up_to_regex=None, parallel_workers=12, paths=None, symlink_install=False, test_result_base=None, verb_extension=<colcon_core.verb.build.BuildVerb object at 0xffffa9ad3d30>, verb_name='build', verb_parser=<colcon_mixin.mixin.mixin_argument.MixinArgumentDecorator object at 0xffffa9a62490>)
[1.522s] Level 1:colcon.colcon_core.package_discovery:discover_packages(colcon_meta) check parameters
[1.523s] Level 1:colcon.colcon_core.package_discovery:discover_packages(recursive) check parameters
[1.523s] Level 1:colcon.colcon_core.package_discovery:discover_packages(ignore) check parameters
[1.523s] Level 1:colcon.colcon_core.package_discovery:discover_packages(path) check parameters
[1.523s] Level 1:colcon.colcon_core.package_discovery:discover_packages(colcon_meta) discover
[1.523s] Level 1:colcon.colcon_core.package_discovery:discover_packages(recursive) discover
[1.523s] INFO:colcon.colcon_core.package_discovery:Crawling recursively for packages in '/home/nvidia/pid_ws'
[1.524s] Level 1:colcon.colcon_core.package_identification:_identify(.) by extensions ['ignore', 'ignore_ament_install']
[1.524s] Level 1:colcon.colcon_core.package_identification:_identify(.) by extension 'ignore'
[1.524s] Level 1:colcon.colcon_core.package_identification:_identify(.) by extension 'ignore_ament_install'
[1.524s] Level 1:colcon.colcon_core.package_identification:_identify(.) by extensions ['colcon_pkg']
[1.524s] Level 1:colcon.colcon_core.package_identification:_identify(.) by extension 'colcon_pkg'
[1.524s] Level 1:colcon.colcon_core.package_identification:_identify(.) by extensions ['colcon_meta']
[1.524s] Level 1:colcon.colcon_core.package_identification:_identify(.) by extension 'colcon_meta'
[1.524s] Level 1:colcon.colcon_core.package_identification:_identify(.) by extensions ['ros']
[1.524s] Level 1:colcon.colcon_core.package_identification:_identify(.) by extension 'ros'
[1.542s] Level 1:colcon.colcon_core.package_identification:_identify(.) by extensions ['cmake', 'python']
[1.542s] Level 1:colcon.colcon_core.package_identification:_identify(.) by extension 'cmake'
[1.543s] Level 1:colcon.colcon_core.package_identification:_identify(.) by extension 'python'
[1.543s] Level 1:colcon.colcon_core.package_identification:_identify(.) by extensions ['python_setup_py']
[1.543s] Level 1:colcon.colcon_core.package_identification:_identify(.) by extension 'python_setup_py'
[1.543s] Level 1:colcon.colcon_core.package_identification:_identify(build) by extensions ['ignore', 'ignore_ament_install']
[1.543s] Level 1:colcon.colcon_core.package_identification:_identify(build) by extension 'ignore'
[1.543s] Level 1:colcon.colcon_core.package_identification:_identify(build) ignored
[1.543s] Level 1:colcon.colcon_core.package_identification:_identify(install) by extensions ['ignore', 'ignore_ament_install']
[1.543s] Level 1:colcon.colcon_core.package_identification:_identify(install) by extension 'ignore'
[1.544s] Level 1:colcon.colcon_core.package_identification:_identify(install) ignored
[1.544s] Level 1:colcon.colcon_core.package_identification:_identify(lane_analysis_data) by extensions ['ignore', 'ignore_ament_install']
[1.544s] Level 1:colcon.colcon_core.package_identification:_identify(lane_analysis_data) by extension 'ignore'
[1.544s] Level 1:colcon.colcon_core.package_identification:_identify(lane_analysis_data) by extension 'ignore_ament_install'
[1.544s] Level 1:colcon.colcon_core.package_identification:_identify(lane_analysis_data) by extensions ['colcon_pkg']
[1.544s] Level 1:colcon.colcon_core.package_identification:_identify(lane_analysis_data) by extension 'colcon_pkg'
[1.544s] Level 1:colcon.colcon_core.package_identification:_identify(lane_analysis_data) by extensions ['colcon_meta']
[1.544s] Level 1:colcon.colcon_core.package_identification:_identify(lane_analysis_data) by extension 'colcon_meta'
[1.544s] Level 1:colcon.colcon_core.package_identification:_identify(lane_analysis_data) by extensions ['ros']
[1.544s] Level 1:colcon.colcon_core.package_identification:_identify(lane_analysis_data) by extension 'ros'
[1.544s] Level 1:colcon.colcon_core.package_identification:_identify(lane_analysis_data) by extensions ['cmake', 'python']
[1.544s] Level 1:colcon.colcon_core.package_identification:_identify(lane_analysis_data) by extension 'cmake'
[1.544s] Level 1:colcon.colcon_core.package_identification:_identify(lane_analysis_data) by extension 'python'
[1.545s] Level 1:colcon.colcon_core.package_identification:_identify(lane_analysis_data) by extensions ['python_setup_py']
[1.545s] Level 1:colcon.colcon_core.package_identification:_identify(lane_analysis_data) by extension 'python_setup_py'
[1.545s] Level 1:colcon.colcon_core.package_identification:_identify(log) by extensions ['ignore', 'ignore_ament_install']
[1.545s] Level 1:colcon.colcon_core.package_identification:_identify(log) by extension 'ignore'
[1.545s] Level 1:colcon.colcon_core.package_identification:_identify(log) ignored
[1.545s] Level 1:colcon.colcon_core.package_identification:_identify(src) by extensions ['ignore', 'ignore_ament_install']
[1.545s] Level 1:colcon.colcon_core.package_identification:_identify(src) by extension 'ignore'
[1.545s] Level 1:colcon.colcon_core.package_identification:_identify(src) by extension 'ignore_ament_install'
[1.546s] Level 1:colcon.colcon_core.package_identification:_identify(src) by extensions ['colcon_pkg']
[1.546s] Level 1:colcon.colcon_core.package_identification:_identify(src) by extension 'colcon_pkg'
[1.546s] Level 1:colcon.colcon_core.package_identification:_identify(src) by extensions ['colcon_meta']
[1.546s] Level 1:colcon.colcon_core.package_identification:_identify(src) by extension 'colcon_meta'
[1.546s] Level 1:colcon.colcon_core.package_identification:_identify(src) by extensions ['ros']
[1.546s] Level 1:colcon.colcon_core.package_identification:_identify(src) by extension 'ros'
[1.546s] Level 1:colcon.colcon_core.package_identification:_identify(src) by extensions ['cmake', 'python']
[1.546s] Level 1:colcon.colcon_core.package_identification:_identify(src) by extension 'cmake'
[1.546s] Level 1:colcon.colcon_core.package_identification:_identify(src) by extension 'python'
[1.546s] Level 1:colcon.colcon_core.package_identification:_identify(src) by extensions ['python_setup_py']
[1.546s] Level 1:colcon.colcon_core.package_identification:_identify(src) by extension 'python_setup_py'
[1.546s] Level 1:colcon.colcon_core.package_identification:_identify(src/gnss_follower) by extensions ['ignore', 'ignore_ament_install']
[1.546s] Level 1:colcon.colcon_core.package_identification:_identify(src/gnss_follower) by extension 'ignore'
[1.546s] Level 1:colcon.colcon_core.package_identification:_identify(src/gnss_follower) by extension 'ignore_ament_install'
[1.547s] Level 1:colcon.colcon_core.package_identification:_identify(src/gnss_follower) by extensions ['colcon_pkg']
[1.547s] Level 1:colcon.colcon_core.package_identification:_identify(src/gnss_follower) by extension 'colcon_pkg'
[1.547s] Level 1:colcon.colcon_core.package_identification:_identify(src/gnss_follower) by extensions ['colcon_meta']
[1.547s] Level 1:colcon.colcon_core.package_identification:_identify(src/gnss_follower) by extension 'colcon_meta'
[1.547s] Level 1:colcon.colcon_core.package_identification:_identify(src/gnss_follower) by extensions ['ros']
[1.547s] Level 1:colcon.colcon_core.package_identification:_identify(src/gnss_follower) by extension 'ros'
[1.551s] DEBUG:colcon.colcon_core.package_identification:Package 'src/gnss_follower' with type 'ros.ament_python' and name 'gnss_follower'
[1.551s] Level 1:colcon.colcon_core.package_identification:_identify(src/lane_analysis_data) by extensions ['ignore', 'ignore_ament_install']
[1.551s] Level 1:colcon.colcon_core.package_identification:_identify(src/lane_analysis_data) by extension 'ignore'
[1.552s] Level 1:colcon.colcon_core.package_identification:_identify(src/lane_analysis_data) by extension 'ignore_ament_install'
[1.552s] Level 1:colcon.colcon_core.package_identification:_identify(src/lane_analysis_data) by extensions ['colcon_pkg']
[1.552s] Level 1:colcon.colcon_core.package_identification:_identify(src/lane_analysis_data) by extension 'colcon_pkg'
[1.552s] Level 1:colcon.colcon_core.package_identification:_identify(src/lane_analysis_data) by extensions ['colcon_meta']
[1.552s] Level 1:colcon.colcon_core.package_identification:_identify(src/lane_analysis_data) by extension 'colcon_meta'
[1.552s] Level 1:colcon.colcon_core.package_identification:_identify(src/lane_analysis_data) by extensions ['ros']
[1.552s] Level 1:colcon.colcon_core.package_identification:_identify(src/lane_analysis_data) by extension 'ros'
[1.552s] Level 1:colcon.colcon_core.package_identification:_identify(src/lane_analysis_data) by extensions ['cmake', 'python']
[1.552s] Level 1:colcon.colcon_core.package_identification:_identify(src/lane_analysis_data) by extension 'cmake'
[1.552s] Level 1:colcon.colcon_core.package_identification:_identify(src/lane_analysis_data) by extension 'python'
[1.552s] Level 1:colcon.colcon_core.package_identification:_identify(src/lane_analysis_data) by extensions ['python_setup_py']
[1.552s] Level 1:colcon.colcon_core.package_identification:_identify(src/lane_analysis_data) by extension 'python_setup_py'
[1.553s] Level 1:colcon.colcon_core.package_identification:_identify(src/pid_controller) by extensions ['ignore', 'ignore_ament_install']
[1.553s] Level 1:colcon.colcon_core.package_identification:_identify(src/pid_controller) by extension 'ignore'
[1.553s] Level 1:colcon.colcon_core.package_identification:_identify(src/pid_controller) by extension 'ignore_ament_install'
[1.553s] Level 1:colcon.colcon_core.package_identification:_identify(src/pid_controller) by extensions ['colcon_pkg']
[1.553s] Level 1:colcon.colcon_core.package_identification:_identify(src/pid_controller) by extension 'colcon_pkg'
[1.553s] Level 1:colcon.colcon_core.package_identification:_identify(src/pid_controller) by extensions ['colcon_meta']
[1.553s] Level 1:colcon.colcon_core.package_identification:_identify(src/pid_controller) by extension 'colcon_meta'
[1.553s] Level 1:colcon.colcon_core.package_identification:_identify(src/pid_controller) by extensions ['ros']
[1.553s] Level 1:colcon.colcon_core.package_identification:_identify(src/pid_controller) by extension 'ros'
[1.554s] DEBUG:colcon.colcon_core.package_identification:Package 'src/pid_controller' with type 'ros.ament_cmake' and name 'pid_controller'
[1.555s] Level 1:colcon.colcon_core.package_identification:_identify(src/trajectory_follower) by extensions ['ignore', 'ignore_ament_install']
[1.555s] Level 1:colcon.colcon_core.package_identification:_identify(src/trajectory_follower) by extension 'ignore'
[1.555s] Level 1:colcon.colcon_core.package_identification:_identify(src/trajectory_follower) by extension 'ignore_ament_install'
[1.555s] Level 1:colcon.colcon_core.package_identification:_identify(src/trajectory_follower) by extensions ['colcon_pkg']
[1.555s] Level 1:colcon.colcon_core.package_identification:_identify(src/trajectory_follower) by extension 'colcon_pkg'
[1.555s] Level 1:colcon.colcon_core.package_identification:_identify(src/trajectory_follower) by extensions ['colcon_meta']
[1.555s] Level 1:colcon.colcon_core.package_identification:_identify(src/trajectory_follower) by extension 'colcon_meta'
[1.555s] Level 1:colcon.colcon_core.package_identification:_identify(src/trajectory_follower) by extensions ['ros']
[1.555s] Level 1:colcon.colcon_core.package_identification:_identify(src/trajectory_follower) by extension 'ros'
[1.557s] DEBUG:colcon.colcon_core.package_identification:Package 'src/trajectory_follower' with type 'ros.ament_python' and name 'trajectory_follower'
[1.557s] Level 1:colcon.colcon_core.package_discovery:discover_packages(recursive) using defaults
[1.557s] Level 1:colcon.colcon_core.package_discovery:discover_packages(ignore) discover
[1.557s] Level 1:colcon.colcon_core.package_discovery:discover_packages(ignore) using defaults
[1.557s] Level 1:colcon.colcon_core.package_discovery:discover_packages(path) discover
[1.557s] Level 1:colcon.colcon_core.package_discovery:discover_packages(path) using defaults
[1.586s] Level 1:colcon.colcon_core.package_discovery:discover_packages(prefix_path) check parameters
[1.586s] Level 1:colcon.colcon_core.package_discovery:discover_packages(prefix_path) discover
[1.591s] DEBUG:colcon.colcon_installed_package_information.package_discovery:Found 3 installed packages in /home/nvidia/pid_ws/install
[1.593s] DEBUG:colcon.colcon_installed_package_information.package_discovery:Found 26 installed packages in /home/nvidia/workspace/ros2_ws/install
[1.595s] DEBUG:colcon.colcon_installed_package_information.package_discovery:Found 347 installed packages in /opt/ros/foxy
[1.620s] Level 1:colcon.colcon_core.package_discovery:discover_packages(prefix_path) using defaults
[1.732s] Level 5:colcon.colcon_core.verb:set package 'gnss_follower' build argument 'cmake_args' from command line to 'None'
[1.732s] Level 5:colcon.colcon_core.verb:set package 'gnss_follower' build argument 'cmake_target' from command line to 'None'
[1.732s] Level 5:colcon.colcon_core.verb:set package 'gnss_follower' build argument 'cmake_target_skip_unavailable' from command line to 'False'
[1.732s] Level 5:colcon.colcon_core.verb:set package 'gnss_follower' build argument 'cmake_clean_cache' from command line to 'False'
[1.732s] Level 5:colcon.colcon_core.verb:set package 'gnss_follower' build argument 'cmake_clean_first' from command line to 'False'
[1.732s] Level 5:colcon.colcon_core.verb:set package 'gnss_follower' build argument 'cmake_force_configure' from command line to 'False'
[1.732s] Level 5:colcon.colcon_core.verb:set package 'gnss_follower' build argument 'ament_cmake_args' from command line to 'None'
[1.732s] Level 5:colcon.colcon_core.verb:set package 'gnss_follower' build argument 'catkin_cmake_args' from command line to 'None'
[1.732s] Level 5:colcon.colcon_core.verb:set package 'gnss_follower' build argument 'catkin_skip_building_tests' from command line to 'False'
[1.732s] DEBUG:colcon.colcon_core.verb:Building package 'gnss_follower' with the following arguments: {'ament_cmake_args': None, 'build_base': '/home/nvidia/pid_ws/build/gnss_follower', 'catkin_cmake_args': None, 'catkin_skip_building_tests': False, 'cmake_args': None, 'cmake_clean_cache': False, 'cmake_clean_first': False, 'cmake_force_configure': False, 'cmake_target': None, 'cmake_target_skip_unavailable': False, 'install_base': '/home/nvidia/pid_ws/install/gnss_follower', 'merge_install': False, 'path': '/home/nvidia/pid_ws/src/gnss_follower', 'symlink_install': False, 'test_result_base': None}
[1.733s] Level 5:colcon.colcon_core.verb:set package 'pid_controller' build argument 'cmake_args' from command line to 'None'
[1.733s] Level 5:colcon.colcon_core.verb:set package 'pid_controller' build argument 'cmake_target' from command line to 'None'
[1.733s] Level 5:colcon.colcon_core.verb:set package 'pid_controller' build argument 'cmake_target_skip_unavailable' from command line to 'False'
[1.733s] Level 5:colcon.colcon_core.verb:set package 'pid_controller' build argument 'cmake_clean_cache' from command line to 'False'
[1.733s] Level 5:colcon.colcon_core.verb:set package 'pid_controller' build argument 'cmake_clean_first' from command line to 'False'
[1.733s] Level 5:colcon.colcon_core.verb:set package 'pid_controller' build argument 'cmake_force_configure' from command line to 'False'
[1.733s] Level 5:colcon.colcon_core.verb:set package 'pid_controller' build argument 'ament_cmake_args' from command line to 'None'
[1.733s] Level 5:colcon.colcon_core.verb:set package 'pid_controller' build argument 'catkin_cmake_args' from command line to 'None'
[1.733s] Level 5:colcon.colcon_core.verb:set package 'pid_controller' build argument 'catkin_skip_building_tests' from command line to 'False'
[1.733s] DEBUG:colcon.colcon_core.verb:Building package 'pid_controller' with the following arguments: {'ament_cmake_args': None, 'build_base': '/home/nvidia/pid_ws/build/pid_controller', 'catkin_cmake_args': None, 'catkin_skip_building_tests': False, 'cmake_args': None, 'cmake_clean_cache': False, 'cmake_clean_first': False, 'cmake_force_configure': False, 'cmake_target': None, 'cmake_target_skip_unavailable': False, 'install_base': '/home/nvidia/pid_ws/install/pid_controller', 'merge_install': False, 'path': '/home/nvidia/pid_ws/src/pid_controller', 'symlink_install': False, 'test_result_base': None}
[1.734s] Level 5:colcon.colcon_core.verb:set package 'trajectory_follower' build argument 'cmake_args' from command line to 'None'
[1.734s] Level 5:colcon.colcon_core.verb:set package 'trajectory_follower' build argument 'cmake_target' from command line to 'None'
[1.734s] Level 5:colcon.colcon_core.verb:set package 'trajectory_follower' build argument 'cmake_target_skip_unavailable' from command line to 'False'
[1.734s] Level 5:colcon.colcon_core.verb:set package 'trajectory_follower' build argument 'cmake_clean_cache' from command line to 'False'
[1.734s] Level 5:colcon.colcon_core.verb:set package 'trajectory_follower' build argument 'cmake_clean_first' from command line to 'False'
[1.734s] Level 5:colcon.colcon_core.verb:set package 'trajectory_follower' build argument 'cmake_force_configure' from command line to 'False'
[1.734s] Level 5:colcon.colcon_core.verb:set package 'trajectory_follower' build argument 'ament_cmake_args' from command line to 'None'
[1.734s] Level 5:colcon.colcon_core.verb:set package 'trajectory_follower' build argument 'catkin_cmake_args' from command line to 'None'
[1.734s] Level 5:colcon.colcon_core.verb:set package 'trajectory_follower' build argument 'catkin_skip_building_tests' from command line to 'False'
[1.734s] DEBUG:colcon.colcon_core.verb:Building package 'trajectory_follower' with the following arguments: {'ament_cmake_args': None, 'build_base': '/home/nvidia/pid_ws/build/trajectory_follower', 'catkin_cmake_args': None, 'catkin_skip_building_tests': False, 'cmake_args': None, 'cmake_clean_cache': False, 'cmake_clean_first': False, 'cmake_force_configure': False, 'cmake_target': None, 'cmake_target_skip_unavailable': False, 'install_base': '/home/nvidia/pid_ws/install/trajectory_follower', 'merge_install': False, 'path': '/home/nvidia/pid_ws/src/trajectory_follower', 'symlink_install': False, 'test_result_base': None}
[1.734s] INFO:colcon.colcon_core.executor:Executing jobs using 'parallel' executor
[1.736s] DEBUG:colcon.colcon_parallel_executor.executor.parallel:run_until_complete
[1.737s] INFO:colcon.colcon_ros.task.ament_python.build:Building ROS package in '/home/nvidia/pid_ws/src/gnss_follower' with build type 'ament_python'
[1.737s] Level 1:colcon.colcon_core.shell:create_environment_hook('gnss_follower', 'ament_prefix_path')
[1.743s] INFO:colcon.colcon_core.plugin_system:Skipping extension 'colcon_core.shell.bat': Not used on non-Windows systems
[1.744s] INFO:colcon.colcon_core.shell:Creating environment hook '/home/nvidia/pid_ws/install/gnss_follower/share/gnss_follower/hook/ament_prefix_path.ps1'
[1.746s] INFO:colcon.colcon_core.shell:Creating environment descriptor '/home/nvidia/pid_ws/install/gnss_follower/share/gnss_follower/hook/ament_prefix_path.dsv'
[1.749s] INFO:colcon.colcon_core.shell:Creating environment hook '/home/nvidia/pid_ws/install/gnss_follower/share/gnss_follower/hook/ament_prefix_path.sh'
[1.753s] INFO:colcon.colcon_core.shell:Skip shell extension 'powershell' for command environment: Not usable outside of PowerShell
[1.753s] DEBUG:colcon.colcon_core.shell:Skip shell extension 'dsv' for command environment
[1.786s] INFO:colcon.colcon_ros.task.ament_cmake.build:Building ROS package in '/home/nvidia/pid_ws/src/pid_controller' with build type 'ament_cmake'
[1.786s] INFO:colcon.colcon_cmake.task.cmake.build:Building CMake package in '/home/nvidia/pid_ws/src/pid_controller'
[1.787s] INFO:colcon.colcon_core.shell:Skip shell extension 'powershell' for command environment: Not usable outside of PowerShell
[1.788s] DEBUG:colcon.colcon_core.shell:Skip shell extension 'dsv' for command environment
[1.852s] INFO:colcon.colcon_ros.task.ament_python.build:Building ROS package in '/home/nvidia/pid_ws/src/trajectory_follower' with build type 'ament_python'
[1.857s] Level 1:colcon.colcon_core.shell:create_environment_hook('trajectory_follower', 'ament_prefix_path')
[1.869s] INFO:colcon.colcon_core.shell:Creating environment hook '/home/nvidia/pid_ws/install/trajectory_follower/share/trajectory_follower/hook/ament_prefix_path.ps1'
[1.883s] INFO:colcon.colcon_core.shell:Creating environment descriptor '/home/nvidia/pid_ws/install/trajectory_follower/share/trajectory_follower/hook/ament_prefix_path.dsv'
[1.896s] INFO:colcon.colcon_core.shell:Creating environment hook '/home/nvidia/pid_ws/install/trajectory_follower/share/trajectory_follower/hook/ament_prefix_path.sh'
[1.899s] INFO:colcon.colcon_core.shell:Skip shell extension 'powershell' for command environment: Not usable outside of PowerShell
[1.899s] DEBUG:colcon.colcon_core.shell:Skip shell extension 'dsv' for command environment
[2.963s] INFO:colcon.colcon_core.task.python.build:Building Python package in '/home/nvidia/pid_ws/src/gnss_follower'
[2.964s] INFO:colcon.colcon_core.shell:Skip shell extension 'powershell' for command environment: Not usable outside of PowerShell
[2.964s] DEBUG:colcon.colcon_core.shell:Skip shell extension 'dsv' for command environment
[3.028s] DEBUG:colcon.colcon_core.event_handler.log_command:Invoking command in '/home/nvidia/pid_ws/build/pid_controller': CMAKE_PREFIX_PATH=/home/nvidia/pid_ws/install/pid_controller:/home/nvidia/workspace/ros2_ws/install/zed_ros2:/home/nvidia/workspace/ros2_ws/install/zed_wrapper:/home/nvidia/workspace/ros2_ws/install/zed_components:/home/nvidia/workspace/ros2_ws/install/zed_interfaces:/home/nvidia/workspace/ros2_ws/install/vectornav:/home/nvidia/workspace/ros2_ws/install/vectornav_msgs:/home/nvidia/workspace/ros2_ws/install/ros2_socketcan:/home/nvidia/workspace/ros2_ws/install/ros2_socketcan_msgs:/home/nvidia/workspace/ros2_ws/install/odometry_publisher:/home/nvidia/workspace/ros2_ws/install/navigation:/home/nvidia/workspace/ros2_ws/install/launchers:/home/nvidia/workspace/ros2_ws/install/lane_line_publisher:/home/nvidia/pid_ws/install/trajectory_follower:/home/nvidia/pid_ws/install/gnss_follower:/home/nvidia/workspace/ros2_ws/install/simulator:/home/nvidia/workspace/ros2_ws/install/motor_controller:/home/nvidia/workspace/ros2_ws/install/vehicle:/home/nvidia/workspace/ros2_ws/install/road_detector:/home/nvidia/workspace/ros2_ws/install/rear_potentiometer:/home/nvidia/workspace/ros2_ws/install/obsticle_avoidence:/home/nvidia/workspace/ros2_ws/install/object_detector:/home/nvidia/workspace/ros2_ws/install/new_detector:/home/nvidia/workspace/ros2_ws/install/common_python:/home/nvidia/workspace/ros2_ws/install/lane_points:/home/nvidia/workspace/ros2_ws/install/kalman_filter:/home/nvidia/workspace/ros2_ws/install/auto_launch:/opt/ros/foxy:/home/nvidia/workspace/ros2_ws/install/data_record:/home/nvidia/workspace/ros2_ws/install/common_cpp /usr/bin/cmake --build /home/nvidia/pid_ws/build/pid_controller -- -j12 -l12
[4.282s] INFO:colcon.colcon_core.task.python.build:Building Python package in '/home/nvidia/pid_ws/src/trajectory_follower'
[4.283s] INFO:colcon.colcon_core.shell:Skip shell extension 'powershell' for command environment: Not usable outside of PowerShell
[4.283s] DEBUG:colcon.colcon_core.shell:Skip shell extension 'dsv' for command environment
[4.332s] DEBUG:colcon.colcon_core.event_handler.log_command:Invoked command in '/home/nvidia/pid_ws/build/pid_controller' returned '0': CMAKE_PREFIX_PATH=/home/nvidia/pid_ws/install/pid_controller:/home/nvidia/workspace/ros2_ws/install/zed_ros2:/home/nvidia/workspace/ros2_ws/install/zed_wrapper:/home/nvidia/workspace/ros2_ws/install/zed_components:/home/nvidia/workspace/ros2_ws/install/zed_interfaces:/home/nvidia/workspace/ros2_ws/install/vectornav:/home/nvidia/workspace/ros2_ws/install/vectornav_msgs:/home/nvidia/workspace/ros2_ws/install/ros2_socketcan:/home/nvidia/workspace/ros2_ws/install/ros2_socketcan_msgs:/home/nvidia/workspace/ros2_ws/install/odometry_publisher:/home/nvidia/workspace/ros2_ws/install/navigation:/home/nvidia/workspace/ros2_ws/install/launchers:/home/nvidia/workspace/ros2_ws/install/lane_line_publisher:/home/nvidia/pid_ws/install/trajectory_follower:/home/nvidia/pid_ws/install/gnss_follower:/home/nvidia/workspace/ros2_ws/install/simulator:/home/nvidia/workspace/ros2_ws/install/motor_controller:/home/nvidia/workspace/ros2_ws/install/vehicle:/home/nvidia/workspace/ros2_ws/install/road_detector:/home/nvidia/workspace/ros2_ws/install/rear_potentiometer:/home/nvidia/workspace/ros2_ws/install/obsticle_avoidence:/home/nvidia/workspace/ros2_ws/install/object_detector:/home/nvidia/workspace/ros2_ws/install/new_detector:/home/nvidia/workspace/ros2_ws/install/common_python:/home/nvidia/workspace/ros2_ws/install/lane_points:/home/nvidia/workspace/ros2_ws/install/kalman_filter:/home/nvidia/workspace/ros2_ws/install/auto_launch:/opt/ros/foxy:/home/nvidia/workspace/ros2_ws/install/data_record:/home/nvidia/workspace/ros2_ws/install/common_cpp /usr/bin/cmake --build /home/nvidia/pid_ws/build/pid_controller -- -j12 -l12
[4.359s] DEBUG:colcon.colcon_core.event_handler.log_command:Invoking command in '/home/nvidia/pid_ws/build/pid_controller': CMAKE_PREFIX_PATH=/home/nvidia/pid_ws/install/pid_controller:/home/nvidia/workspace/ros2_ws/install/zed_ros2:/home/nvidia/workspace/ros2_ws/install/zed_wrapper:/home/nvidia/workspace/ros2_ws/install/zed_components:/home/nvidia/workspace/ros2_ws/install/zed_interfaces:/home/nvidia/workspace/ros2_ws/install/vectornav:/home/nvidia/workspace/ros2_ws/install/vectornav_msgs:/home/nvidia/workspace/ros2_ws/install/ros2_socketcan:/home/nvidia/workspace/ros2_ws/install/ros2_socketcan_msgs:/home/nvidia/workspace/ros2_ws/install/odometry_publisher:/home/nvidia/workspace/ros2_ws/install/navigation:/home/nvidia/workspace/ros2_ws/install/launchers:/home/nvidia/workspace/ros2_ws/install/lane_line_publisher:/home/nvidia/pid_ws/install/trajectory_follower:/home/nvidia/pid_ws/install/gnss_follower:/home/nvidia/workspace/ros2_ws/install/simulator:/home/nvidia/workspace/ros2_ws/install/motor_controller:/home/nvidia/workspace/ros2_ws/install/vehicle:/home/nvidia/workspace/ros2_ws/install/road_detector:/home/nvidia/workspace/ros2_ws/install/rear_potentiometer:/home/nvidia/workspace/ros2_ws/install/obsticle_avoidence:/home/nvidia/workspace/ros2_ws/install/object_detector:/home/nvidia/workspace/ros2_ws/install/new_detector:/home/nvidia/workspace/ros2_ws/install/common_python:/home/nvidia/workspace/ros2_ws/install/lane_points:/home/nvidia/workspace/ros2_ws/install/kalman_filter:/home/nvidia/workspace/ros2_ws/install/auto_launch:/opt/ros/foxy:/home/nvidia/workspace/ros2_ws/install/data_record:/home/nvidia/workspace/ros2_ws/install/common_cpp /usr/bin/cmake --install /home/nvidia/pid_ws/build/pid_controller
[4.406s] Level 1:colcon.colcon_core.environment:create_environment_scripts_only(pid_controller)
[4.407s] DEBUG:colcon.colcon_core.event_handler.log_command:Invoked command in '/home/nvidia/pid_ws/build/pid_controller' returned '0': CMAKE_PREFIX_PATH=/home/nvidia/pid_ws/install/pid_controller:/home/nvidia/workspace/ros2_ws/install/zed_ros2:/home/nvidia/workspace/ros2_ws/install/zed_wrapper:/home/nvidia/workspace/ros2_ws/install/zed_components:/home/nvidia/workspace/ros2_ws/install/zed_interfaces:/home/nvidia/workspace/ros2_ws/install/vectornav:/home/nvidia/workspace/ros2_ws/install/vectornav_msgs:/home/nvidia/workspace/ros2_ws/install/ros2_socketcan:/home/nvidia/workspace/ros2_ws/install/ros2_socketcan_msgs:/home/nvidia/workspace/ros2_ws/install/odometry_publisher:/home/nvidia/workspace/ros2_ws/install/navigation:/home/nvidia/workspace/ros2_ws/install/launchers:/home/nvidia/workspace/ros2_ws/install/lane_line_publisher:/home/nvidia/pid_ws/install/trajectory_follower:/home/nvidia/pid_ws/install/gnss_follower:/home/nvidia/workspace/ros2_ws/install/simulator:/home/nvidia/workspace/ros2_ws/install/motor_controller:/home/nvidia/workspace/ros2_ws/install/vehicle:/home/nvidia/workspace/ros2_ws/install/road_detector:/home/nvidia/workspace/ros2_ws/install/rear_potentiometer:/home/nvidia/workspace/ros2_ws/install/obsticle_avoidence:/home/nvidia/workspace/ros2_ws/install/object_detector:/home/nvidia/workspace/ros2_ws/install/new_detector:/home/nvidia/workspace/ros2_ws/install/common_python:/home/nvidia/workspace/ros2_ws/install/lane_points:/home/nvidia/workspace/ros2_ws/install/kalman_filter:/home/nvidia/workspace/ros2_ws/install/auto_launch:/opt/ros/foxy:/home/nvidia/workspace/ros2_ws/install/data_record:/home/nvidia/workspace/ros2_ws/install/common_cpp /usr/bin/cmake --install /home/nvidia/pid_ws/build/pid_controller
[4.413s] Level 1:colcon.colcon_core.environment:checking '/home/nvidia/pid_ws/install/pid_controller' for CMake module files
[4.414s] Level 1:colcon.colcon_core.environment:checking '/home/nvidia/pid_ws/install/pid_controller' for CMake config files
[4.414s] Level 1:colcon.colcon_core.shell:create_environment_hook('pid_controller', 'cmake_prefix_path')
[4.415s] INFO:colcon.colcon_core.shell:Creating environment hook '/home/nvidia/pid_ws/install/pid_controller/share/pid_controller/hook/cmake_prefix_path.ps1'
[4.416s] INFO:colcon.colcon_core.shell:Creating environment descriptor '/home/nvidia/pid_ws/install/pid_controller/share/pid_controller/hook/cmake_prefix_path.dsv'
[4.419s] INFO:colcon.colcon_core.shell:Creating environment hook '/home/nvidia/pid_ws/install/pid_controller/share/pid_controller/hook/cmake_prefix_path.sh'
[4.424s] Level 1:colcon.colcon_core.environment:checking '/home/nvidia/pid_ws/install/pid_controller/lib'
[4.424s] Level 1:colcon.colcon_core.environment:checking '/home/nvidia/pid_ws/install/pid_controller/bin'
[4.424s] Level 1:colcon.colcon_core.environment:checking '/home/nvidia/pid_ws/install/pid_controller/lib/pkgconfig/pid_controller.pc'
[4.425s] Level 1:colcon.colcon_core.environment:checking '/home/nvidia/pid_ws/install/pid_controller/lib/python3.8/site-packages'
[4.425s] Level 1:colcon.colcon_core.environment:checking '/home/nvidia/pid_ws/install/pid_controller/bin'
[4.426s] INFO:colcon.colcon_core.shell:Creating package script '/home/nvidia/pid_ws/install/pid_controller/share/pid_controller/package.ps1'
[4.427s] INFO:colcon.colcon_core.shell:Creating package descriptor '/home/nvidia/pid_ws/install/pid_controller/share/pid_controller/package.dsv'
[4.429s] INFO:colcon.colcon_core.shell:Creating package script '/home/nvidia/pid_ws/install/pid_controller/share/pid_controller/package.sh'
[4.430s] INFO:colcon.colcon_core.shell:Creating package script '/home/nvidia/pid_ws/install/pid_controller/share/pid_controller/package.bash'
[4.432s] INFO:colcon.colcon_core.shell:Creating package script '/home/nvidia/pid_ws/install/pid_controller/share/pid_controller/package.zsh'
[4.434s] Level 1:colcon.colcon_core.environment:create_file_with_runtime_dependencies(/home/nvidia/pid_ws/install/pid_controller/share/colcon-core/packages/pid_controller)
[4.435s] Level 1:colcon.colcon_core.environment:create_environment_scripts_only(pid_controller)
[4.435s] Level 1:colcon.colcon_core.environment:checking '/home/nvidia/pid_ws/install/pid_controller' for CMake module files
[4.436s] Level 1:colcon.colcon_core.environment:checking '/home/nvidia/pid_ws/install/pid_controller' for CMake config files
[4.436s] Level 1:colcon.colcon_core.shell:create_environment_hook('pid_controller', 'cmake_prefix_path')
[4.436s] INFO:colcon.colcon_core.shell:Creating environment hook '/home/nvidia/pid_ws/install/pid_controller/share/pid_controller/hook/cmake_prefix_path.ps1'
[4.437s] INFO:colcon.colcon_core.shell:Creating environment descriptor '/home/nvidia/pid_ws/install/pid_controller/share/pid_controller/hook/cmake_prefix_path.dsv'
[4.438s] INFO:colcon.colcon_core.shell:Creating environment hook '/home/nvidia/pid_ws/install/pid_controller/share/pid_controller/hook/cmake_prefix_path.sh'
[4.439s] Level 1:colcon.colcon_core.environment:checking '/home/nvidia/pid_ws/install/pid_controller/lib'
[4.439s] Level 1:colcon.colcon_core.environment:checking '/home/nvidia/pid_ws/install/pid_controller/bin'
[4.439s] Level 1:colcon.colcon_core.environment:checking '/home/nvidia/pid_ws/install/pid_controller/lib/pkgconfig/pid_controller.pc'
[4.439s] Level 1:colcon.colcon_core.environment:checking '/home/nvidia/pid_ws/install/pid_controller/lib/python3.8/site-packages'
[4.440s] Level 1:colcon.colcon_core.environment:checking '/home/nvidia/pid_ws/install/pid_controller/bin'
[4.440s] INFO:colcon.colcon_core.shell:Creating package script '/home/nvidia/pid_ws/install/pid_controller/share/pid_controller/package.ps1'
[4.441s] INFO:colcon.colcon_core.shell:Creating package descriptor '/home/nvidia/pid_ws/install/pid_controller/share/pid_controller/package.dsv'
[4.441s] INFO:colcon.colcon_core.shell:Creating package script '/home/nvidia/pid_ws/install/pid_controller/share/pid_controller/package.sh'
[4.443s] INFO:colcon.colcon_core.shell:Creating package script '/home/nvidia/pid_ws/install/pid_controller/share/pid_controller/package.bash'
[4.444s] INFO:colcon.colcon_core.shell:Creating package script '/home/nvidia/pid_ws/install/pid_controller/share/pid_controller/package.zsh'
[4.445s] Level 1:colcon.colcon_core.environment:create_file_with_runtime_dependencies(/home/nvidia/pid_ws/install/pid_controller/share/colcon-core/packages/pid_controller)
[5.964s] DEBUG:colcon.colcon_core.event_handler.log_command:Invoking command in '/home/nvidia/pid_ws/src/gnss_follower': PYTHONPATH=/home/nvidia/pid_ws/build/gnss_follower/prefix_override:/usr/lib/python3/dist-packages/colcon_core/task/python/colcon_distutils_commands:/home/nvidia/pid_ws/install/gnss_follower/lib/python3.8/site-packages:${PYTHONPATH} /usr/bin/python3 -W ignore:setup.py install is deprecated -W ignore:easy_install command is deprecated setup.py egg_info --egg-base ../../build/gnss_follower build --build-base /home/nvidia/pid_ws/build/gnss_follower/build install --record /home/nvidia/pid_ws/build/gnss_follower/install.log --install-scripts $base/lib/gnss_follower --single-version-externally-managed install_data
[6.040s] DEBUG:colcon.colcon_core.event_handler.log_command:Invoking command in '/home/nvidia/pid_ws/src/trajectory_follower': PYTHONPATH=/home/nvidia/pid_ws/build/trajectory_follower/prefix_override:/usr/lib/python3/dist-packages/colcon_core/task/python/colcon_distutils_commands:/home/nvidia/pid_ws/install/trajectory_follower/lib/python3.8/site-packages:${PYTHONPATH} /usr/bin/python3 -W ignore:setup.py install is deprecated -W ignore:easy_install command is deprecated setup.py egg_info --egg-base ../../build/trajectory_follower build --build-base /home/nvidia/pid_ws/build/trajectory_follower/build install --record /home/nvidia/pid_ws/build/trajectory_follower/install.log --install-scripts $base/lib/trajectory_follower --single-version-externally-managed install_data
[6.577s] Level 1:colcon.colcon_core.environment:checking '/home/nvidia/pid_ws/install/gnss_follower' for CMake module files
[6.578s] Level 1:colcon.colcon_core.environment:checking '/home/nvidia/pid_ws/install/gnss_follower' for CMake config files
[6.580s] Level 1:colcon.colcon_core.environment:checking '/home/nvidia/pid_ws/install/gnss_follower/lib'
[6.580s] Level 1:colcon.colcon_core.environment:checking '/home/nvidia/pid_ws/install/gnss_follower/bin'
[6.580s] Level 1:colcon.colcon_core.environment:checking '/home/nvidia/pid_ws/install/gnss_follower/lib/pkgconfig/gnss_follower.pc'
[6.580s] Level 1:colcon.colcon_core.environment:checking '/home/nvidia/pid_ws/install/gnss_follower/lib/python3.8/site-packages'
[6.581s] Level 1:colcon.colcon_core.shell:create_environment_hook('gnss_follower', 'pythonpath')
[6.581s] INFO:colcon.colcon_core.shell:Creating environment hook '/home/nvidia/pid_ws/install/gnss_follower/share/gnss_follower/hook/pythonpath.ps1'
[6.582s] DEBUG:colcon.colcon_core.event_handler.log_command:Invoked command in '/home/nvidia/pid_ws/src/gnss_follower' returned '0': PYTHONPATH=/home/nvidia/pid_ws/build/gnss_follower/prefix_override:/usr/lib/python3/dist-packages/colcon_core/task/python/colcon_distutils_commands:/home/nvidia/pid_ws/install/gnss_follower/lib/python3.8/site-packages:${PYTHONPATH} /usr/bin/python3 -W ignore:setup.py install is deprecated -W ignore:easy_install command is deprecated setup.py egg_info --egg-base ../../build/gnss_follower build --build-base /home/nvidia/pid_ws/build/gnss_follower/build install --record /home/nvidia/pid_ws/build/gnss_follower/install.log --install-scripts $base/lib/gnss_follower --single-version-externally-managed install_data
[6.583s] INFO:colcon.colcon_core.shell:Creating environment descriptor '/home/nvidia/pid_ws/install/gnss_follower/share/gnss_follower/hook/pythonpath.dsv'
[6.590s] INFO:colcon.colcon_core.shell:Creating environment hook '/home/nvidia/pid_ws/install/gnss_follower/share/gnss_follower/hook/pythonpath.sh'
[6.591s] Level 1:colcon.colcon_core.environment:checking '/home/nvidia/pid_ws/install/gnss_follower/bin'
[6.592s] Level 1:colcon.colcon_core.environment:create_environment_scripts_only(gnss_follower)
[6.592s] INFO:colcon.colcon_core.shell:Creating package script '/home/nvidia/pid_ws/install/gnss_follower/share/gnss_follower/package.ps1'
[6.594s] INFO:colcon.colcon_core.shell:Creating package descriptor '/home/nvidia/pid_ws/install/gnss_follower/share/gnss_follower/package.dsv'
[6.595s] INFO:colcon.colcon_core.shell:Creating package script '/home/nvidia/pid_ws/install/gnss_follower/share/gnss_follower/package.sh'
[6.596s] INFO:colcon.colcon_core.shell:Creating package script '/home/nvidia/pid_ws/install/gnss_follower/share/gnss_follower/package.bash'
[6.597s] INFO:colcon.colcon_core.shell:Creating package script '/home/nvidia/pid_ws/install/gnss_follower/share/gnss_follower/package.zsh'
[6.598s] Level 1:colcon.colcon_core.environment:create_file_with_runtime_dependencies(/home/nvidia/pid_ws/install/gnss_follower/share/colcon-core/packages/gnss_follower)
[6.991s] Level 1:colcon.colcon_core.environment:checking '/home/nvidia/pid_ws/install/trajectory_follower' for CMake module files
[6.992s] DEBUG:colcon.colcon_core.event_handler.log_command:Invoked command in '/home/nvidia/pid_ws/src/trajectory_follower' returned '0': PYTHONPATH=/home/nvidia/pid_ws/build/trajectory_follower/prefix_override:/usr/lib/python3/dist-packages/colcon_core/task/python/colcon_distutils_commands:/home/nvidia/pid_ws/install/trajectory_follower/lib/python3.8/site-packages:${PYTHONPATH} /usr/bin/python3 -W ignore:setup.py install is deprecated -W ignore:easy_install command is deprecated setup.py egg_info --egg-base ../../build/trajectory_follower build --build-base /home/nvidia/pid_ws/build/trajectory_follower/build install --record /home/nvidia/pid_ws/build/trajectory_follower/install.log --install-scripts $base/lib/trajectory_follower --single-version-externally-managed install_data
[6.993s] Level 1:colcon.colcon_core.environment:checking '/home/nvidia/pid_ws/install/trajectory_follower' for CMake config files
[6.994s] Level 1:colcon.colcon_core.environment:checking '/home/nvidia/pid_ws/install/trajectory_follower/lib'
[6.994s] Level 1:colcon.colcon_core.environment:checking '/home/nvidia/pid_ws/install/trajectory_follower/bin'
[6.994s] Level 1:colcon.colcon_core.environment:checking '/home/nvidia/pid_ws/install/trajectory_follower/lib/pkgconfig/trajectory_follower.pc'
[6.995s] Level 1:colcon.colcon_core.environment:checking '/home/nvidia/pid_ws/install/trajectory_follower/lib/python3.8/site-packages'
[6.995s] Level 1:colcon.colcon_core.shell:create_environment_hook('trajectory_follower', 'pythonpath')
[6.995s] INFO:colcon.colcon_core.shell:Creating environment hook '/home/nvidia/pid_ws/install/trajectory_follower/share/trajectory_follower/hook/pythonpath.ps1'
[7.000s] INFO:colcon.colcon_core.shell:Creating environment descriptor '/home/nvidia/pid_ws/install/trajectory_follower/share/trajectory_follower/hook/pythonpath.dsv'
[7.003s] INFO:colcon.colcon_core.shell:Creating environment hook '/home/nvidia/pid_ws/install/trajectory_follower/share/trajectory_follower/hook/pythonpath.sh'
[7.004s] Level 1:colcon.colcon_core.environment:checking '/home/nvidia/pid_ws/install/trajectory_follower/bin'
[7.004s] Level 1:colcon.colcon_core.environment:create_environment_scripts_only(trajectory_follower)
[7.005s] INFO:colcon.colcon_core.shell:Creating package script '/home/nvidia/pid_ws/install/trajectory_follower/share/trajectory_follower/package.ps1'
[7.007s] INFO:colcon.colcon_core.shell:Creating package descriptor '/home/nvidia/pid_ws/install/trajectory_follower/share/trajectory_follower/package.dsv'
[7.007s] INFO:colcon.colcon_core.shell:Creating package script '/home/nvidia/pid_ws/install/trajectory_follower/share/trajectory_follower/package.sh'
[7.008s] INFO:colcon.colcon_core.shell:Creating package script '/home/nvidia/pid_ws/install/trajectory_follower/share/trajectory_follower/package.bash'
[7.009s] INFO:colcon.colcon_core.shell:Creating package script '/home/nvidia/pid_ws/install/trajectory_follower/share/trajectory_follower/package.zsh'
[7.009s] Level 1:colcon.colcon_core.environment:create_file_with_runtime_dependencies(/home/nvidia/pid_ws/install/trajectory_follower/share/colcon-core/packages/trajectory_follower)
[7.011s] DEBUG:colcon.colcon_parallel_executor.executor.parallel:closing loop
[7.011s] DEBUG:colcon.colcon_parallel_executor.executor.parallel:loop closed
[7.011s] DEBUG:colcon.colcon_parallel_executor.executor.parallel:run_until_complete finished with '0'
[7.012s] DEBUG:colcon.colcon_core.event_reactor:joining thread
[7.024s] INFO:colcon.colcon_core.plugin_system:Skipping extension 'colcon_notification.desktop_notification.terminal_notifier': Not used on non-Darwin systems
[7.025s] INFO:colcon.colcon_core.plugin_system:Skipping extension 'colcon_notification.desktop_notification.win32': Not used on non-Windows systems
[7.025s] INFO:colcon.colcon_notification.desktop_notification:Sending desktop notification using 'notify2'
[7.064s] DEBUG:colcon.colcon_core.event_reactor:joined thread
[7.065s] INFO:colcon.colcon_core.shell:Creating prefix script '/home/nvidia/pid_ws/install/local_setup.ps1'
[7.066s] INFO:colcon.colcon_core.shell:Creating prefix util module '/home/nvidia/pid_ws/install/_local_setup_util_ps1.py'
[7.074s] INFO:colcon.colcon_core.shell:Creating prefix chain script '/home/nvidia/pid_ws/install/setup.ps1'
[7.079s] INFO:colcon.colcon_core.shell:Creating prefix script '/home/nvidia/pid_ws/install/local_setup.sh'
[7.081s] INFO:colcon.colcon_core.shell:Creating prefix util module '/home/nvidia/pid_ws/install/_local_setup_util_sh.py'
[7.082s] INFO:colcon.colcon_core.shell:Creating prefix chain script '/home/nvidia/pid_ws/install/setup.sh'
[7.087s] INFO:colcon.colcon_core.shell:Creating prefix script '/home/nvidia/pid_ws/install/local_setup.bash'
[7.088s] INFO:colcon.colcon_core.shell:Creating prefix chain script '/home/nvidia/pid_ws/install/setup.bash'
[7.093s] INFO:colcon.colcon_core.shell:Creating prefix script '/home/nvidia/pid_ws/install/local_setup.zsh'
[7.094s] INFO:colcon.colcon_core.shell:Creating prefix chain script '/home/nvidia/pid_ws/install/setup.zsh'
