2026-04-30 00:47:32,907 INFO Loaded config: E:\Mess\Projects\Programming\aiformula\neurokin_mpc\config\train_config.yaml
2026-04-30 00:47:32,907 INFO Configured training epochs: 500
2026-04-30 00:47:32,907 INFO Configured epoch visualization interval: 10
2026-04-30 00:47:32,916 INFO Seed set to 42
2026-04-30 00:47:34,468 INFO Selected processed CSV: E:\Mess\Projects\Programming\aiformula\neurokin_mpc\bag\processed\aligned_timeseries.csv
2026-04-30 00:47:34,468 INFO Dataset samples: total=1938 train=1356 val=290 test=292
2026-04-30 00:47:34,468 INFO Feature columns: cmd_v, cmd_omega, odom_vx, odom_vy, odom_omega_z, imu_acc_x, imu_acc_y, imu_gyro_z, vn_body_vx, vn_body_vy, rear_yaw, rear_yaw_rate
2026-04-30 00:47:34,468 INFO Target columns: delta_x_body, delta_y_body, delta_theta, v_next, omega_next
2026-04-30 00:47:34,469 INFO Target source selected: velocity_integrated; model type: constrained_velocity_gru; reason: Pose delta consistency failed for x=True and theta=True; velocity-integrated targets selected.
2026-04-30 00:47:35,403 INFO [checkpoint] Because the model formulation changed from raw independent delta prediction to constrained velocity-rate prediction, training is restarted from scratch.
2026-04-30 00:47:35,404 INFO Starting training for epochs 1..500 on cpu
2026-04-30 00:47:35,404 WARNING Configured rollout loss is evaluated as a validation diagnostic only; mini-batch rollout loss is disabled for this run.
2026-04-30 00:47:35,733 INFO [checkpoint] saved epoch checkpoint: E:\Mess\Projects\Programming\aiformula\neurokin_mpc\runs\20260430_004732\epoch_0001_val_0.00658457.pt
2026-04-30 00:47:35,736 INFO [checkpoint] updated last checkpoint: E:\Mess\Projects\Programming\aiformula\neurokin_mpc\runs\20260430_004732\last.pt
2026-04-30 00:47:35,739 INFO [checkpoint] updated best checkpoint: E:\Mess\Projects\Programming\aiformula\neurokin_mpc\runs\20260430_004732\best.pt
2026-04-30 00:47:37,357 INFO [visualization] saved epoch snapshot: E:\Mess\Projects\Programming\aiformula\neurokin_mpc\runs\20260430_004732\visualization\epochs\epoch_0001
2026-04-30 00:47:39,072 INFO [visualization] saved epoch snapshot: E:\Mess\Projects\Programming\aiformula\neurokin_mpc\runs\20260430_004732\visualization\epochs\best_epoch
2026-04-30 00:47:39,072 INFO epoch=1 train_loss=0.017772667 val_loss=0.006584575 learning_rate=0.001 elapsed=0.32s best_epoch=1 best_val=0.006584575 val_rollout_position_error_20=0.0318928 val_rollout_heading_error_20=0.00862321 early_stopping_counter=0 val_rmse_delta_x_body=0.000241614 val_rmse_delta_y_body=0.00143563 val_rmse_delta_theta=0.00100228 val_rmse_v_next=0.00966455 val_rmse_omega_next=0.0400914
2026-04-30 00:47:39,362 INFO [checkpoint] saved epoch checkpoint: E:\Mess\Projects\Programming\aiformula\neurokin_mpc\runs\20260430_004732\epoch_0002_val_0.00555763.pt
2026-04-30 00:47:39,365 INFO [checkpoint] updated last checkpoint: E:\Mess\Projects\Programming\aiformula\neurokin_mpc\runs\20260430_004732\last.pt
2026-04-30 00:47:39,368 INFO [checkpoint] updated best checkpoint: E:\Mess\Projects\Programming\aiformula\neurokin_mpc\runs\20260430_004732\best.pt
2026-04-30 00:47:41,117 INFO [visualization] saved epoch snapshot: E:\Mess\Projects\Programming\aiformula\neurokin_mpc\runs\20260430_004732\visualization\epochs\best_epoch
2026-04-30 00:47:41,117 INFO epoch=2 train_loss=0.0049036262 val_loss=0.0055576275 learning_rate=0.001 elapsed=3.95s best_epoch=2 best_val=0.0055576275 val_rollout_position_error_20=0.0344164 val_rollout_heading_error_20=0.0208 early_stopping_counter=0 val_rmse_delta_x_body=0.000565953 val_rmse_delta_y_body=0.00119083 val_rmse_delta_theta=0.000900847 val_rmse_v_next=0.0226381 val_rmse_omega_next=0.0360339
2026-04-30 00:47:41,400 INFO [checkpoint] saved epoch checkpoint: E:\Mess\Projects\Programming\aiformula\neurokin_mpc\runs\20260430_004732\epoch_0003_val_0.00325050.pt
2026-04-30 00:47:41,403 INFO [checkpoint] updated last checkpoint: E:\Mess\Projects\Programming\aiformula\neurokin_mpc\runs\20260430_004732\last.pt
2026-04-30 00:47:41,406 INFO [checkpoint] updated best checkpoint: E:\Mess\Projects\Programming\aiformula\neurokin_mpc\runs\20260430_004732\best.pt
2026-04-30 00:47:43,011 INFO [visualization] saved epoch snapshot: E:\Mess\Projects\Programming\aiformula\neurokin_mpc\runs\20260430_004732\visualization\epochs\best_epoch
2026-04-30 00:47:43,011 INFO epoch=3 train_loss=0.0033914739 val_loss=0.0032504966 learning_rate=0.001 elapsed=5.99s best_epoch=3 best_val=0.0032504966 val_rollout_position_error_20=0.0252654 val_rollout_heading_error_20=0.00950607 early_stopping_counter=0 val_rmse_delta_x_body=0.000412842 val_rmse_delta_y_body=0.00116665 val_rmse_delta_theta=0.000625523 val_rmse_v_next=0.0165137 val_rmse_omega_next=0.0250209
2026-04-30 00:47:43,310 INFO [checkpoint] saved epoch checkpoint: E:\Mess\Projects\Programming\aiformula\neurokin_mpc\runs\20260430_004732\epoch_0004_val_0.00207455.pt
2026-04-30 00:47:43,314 INFO [checkpoint] updated last checkpoint: E:\Mess\Projects\Programming\aiformula\neurokin_mpc\runs\20260430_004732\last.pt
2026-04-30 00:47:43,317 INFO [checkpoint] updated best checkpoint: E:\Mess\Projects\Programming\aiformula\neurokin_mpc\runs\20260430_004732\best.pt
2026-04-30 00:47:45,043 INFO [visualization] saved epoch snapshot: E:\Mess\Projects\Programming\aiformula\neurokin_mpc\runs\20260430_004732\visualization\epochs\best_epoch
2026-04-30 00:47:45,044 INFO epoch=4 train_loss=0.0028900462 val_loss=0.0020745487 learning_rate=0.001 elapsed=7.90s best_epoch=4 best_val=0.0020745487 val_rollout_position_error_20=0.0191549 val_rollout_heading_error_20=0.00560181 early_stopping_counter=0 val_rmse_delta_x_body=0.00036074 val_rmse_delta_y_body=0.000457048 val_rmse_delta_theta=0.00059417 val_rmse_v_next=0.0144296 val_rmse_omega_next=0.0237668
2026-04-30 00:47:45,347 INFO [checkpoint] saved epoch checkpoint: E:\Mess\Projects\Programming\aiformula\neurokin_mpc\runs\20260430_004732\epoch_0005_val_0.00208290.pt
2026-04-30 00:47:45,350 INFO [checkpoint] updated last checkpoint: E:\Mess\Projects\Programming\aiformula\neurokin_mpc\runs\20260430_004732\last.pt
2026-04-30 00:47:45,354 INFO epoch=5 train_loss=0.0026927026 val_loss=0.0020829012 learning_rate=0.001 elapsed=9.94s best_epoch=4 best_val=0.0020745487 val_rollout_position_error_20=0.0135692 val_rollout_heading_error_20=0.0025079 early_stopping_counter=1 val_rmse_delta_x_body=0.000387469 val_rmse_delta_y_body=0.000532509 val_rmse_delta_theta=0.000579329 val_rmse_v_next=0.0154988 val_rmse_omega_next=0.0231732
2026-04-30 00:47:45,643 INFO [checkpoint] saved epoch checkpoint: E:\Mess\Projects\Programming\aiformula\neurokin_mpc\runs\20260430_004732\epoch_0006_val_0.00205345.pt
2026-04-30 00:47:45,646 INFO [checkpoint] updated last checkpoint: E:\Mess\Projects\Programming\aiformula\neurokin_mpc\runs\20260430_004732\last.pt
2026-04-30 00:47:45,649 INFO [checkpoint] updated best checkpoint: E:\Mess\Projects\Programming\aiformula\neurokin_mpc\runs\20260430_004732\best.pt
2026-04-30 00:47:47,357 INFO [visualization] saved epoch snapshot: E:\Mess\Projects\Programming\aiformula\neurokin_mpc\runs\20260430_004732\visualization\epochs\best_epoch
2026-04-30 00:47:47,357 INFO epoch=6 train_loss=0.0026448266 val_loss=0.0020534503 learning_rate=0.001 elapsed=10.24s best_epoch=6 best_val=0.0020534503 val_rollout_position_error_20=0.0143219 val_rollout_heading_error_20=0.00326462 early_stopping_counter=0 val_rmse_delta_x_body=0.000322796 val_rmse_delta_y_body=0.000609523 val_rmse_delta_theta=0.000574512 val_rmse_v_next=0.0129118 val_rmse_omega_next=0.0229805
2026-04-30 00:47:47,678 INFO [checkpoint] saved epoch checkpoint: E:\Mess\Projects\Programming\aiformula\neurokin_mpc\runs\20260430_004732\epoch_0007_val_0.00191707.pt
2026-04-30 00:47:47,682 INFO [checkpoint] updated last checkpoint: E:\Mess\Projects\Programming\aiformula\neurokin_mpc\runs\20260430_004732\last.pt
2026-04-30 00:47:47,686 INFO [checkpoint] updated best checkpoint: E:\Mess\Projects\Programming\aiformula\neurokin_mpc\runs\20260430_004732\best.pt
2026-04-30 00:47:49,309 INFO [visualization] saved epoch snapshot: E:\Mess\Projects\Programming\aiformula\neurokin_mpc\runs\20260430_004732\visualization\epochs\best_epoch
2026-04-30 00:47:49,309 INFO epoch=7 train_loss=0.0025898772 val_loss=0.0019170671 learning_rate=0.001 elapsed=12.27s best_epoch=7 best_val=0.0019170671 val_rollout_position_error_20=0.0109316 val_rollout_heading_error_20=0.00166246 early_stopping_counter=0 val_rmse_delta_x_body=0.000321967 val_rmse_delta_y_body=0.000480823 val_rmse_delta_theta=0.000570415 val_rmse_v_next=0.0128787 val_rmse_omega_next=0.0228166
2026-04-30 00:47:49,601 INFO [checkpoint] saved epoch checkpoint: E:\Mess\Projects\Programming\aiformula\neurokin_mpc\runs\20260430_004732\epoch_0008_val_0.00189975.pt
2026-04-30 00:47:49,604 INFO [checkpoint] updated last checkpoint: E:\Mess\Projects\Programming\aiformula\neurokin_mpc\runs\20260430_004732\last.pt
2026-04-30 00:47:49,607 INFO [checkpoint] updated best checkpoint: E:\Mess\Projects\Programming\aiformula\neurokin_mpc\runs\20260430_004732\best.pt
2026-04-30 00:47:51,203 INFO [visualization] saved epoch snapshot: E:\Mess\Projects\Programming\aiformula\neurokin_mpc\runs\20260430_004732\visualization\epochs\best_epoch
2026-04-30 00:47:51,203 INFO epoch=8 train_loss=0.002560648 val_loss=0.0018997499 learning_rate=0.001 elapsed=14.19s best_epoch=8 best_val=0.0018997499 val_rollout_position_error_20=0.0103102 val_rollout_heading_error_20=0.00186549 early_stopping_counter=0 val_rmse_delta_x_body=0.000301371 val_rmse_delta_y_body=0.000486956 val_rmse_delta_theta=0.000570133 val_rmse_v_next=0.0120549 val_rmse_omega_next=0.0228053
2026-04-30 00:47:51,499 INFO [checkpoint] saved epoch checkpoint: E:\Mess\Projects\Programming\aiformula\neurokin_mpc\runs\20260430_004732\epoch_0009_val_0.00187223.pt
2026-04-30 00:47:51,503 INFO [checkpoint] updated last checkpoint: E:\Mess\Projects\Programming\aiformula\neurokin_mpc\runs\20260430_004732\last.pt
2026-04-30 00:47:51,506 INFO [checkpoint] updated best checkpoint: E:\Mess\Projects\Programming\aiformula\neurokin_mpc\runs\20260430_004732\best.pt
2026-04-30 00:47:53,314 INFO [visualization] saved epoch snapshot: E:\Mess\Projects\Programming\aiformula\neurokin_mpc\runs\20260430_004732\visualization\epochs\best_epoch
2026-04-30 00:47:53,314 INFO epoch=9 train_loss=0.0025357808 val_loss=0.001872232 learning_rate=0.001 elapsed=16.09s best_epoch=9 best_val=0.001872232 val_rollout_position_error_20=0.009369 val_rollout_heading_error_20=0.00123528 early_stopping_counter=0 val_rmse_delta_x_body=0.000298568 val_rmse_delta_y_body=0.000466634 val_rmse_delta_theta=0.000568448 val_rmse_v_next=0.0119427 val_rmse_omega_next=0.0227379
2026-04-30 00:47:53,619 INFO [checkpoint] saved epoch checkpoint: E:\Mess\Projects\Programming\aiformula\neurokin_mpc\runs\20260430_004732\epoch_0010_val_0.00185081.pt
2026-04-30 00:47:53,623 INFO [checkpoint] updated last checkpoint: E:\Mess\Projects\Programming\aiformula\neurokin_mpc\runs\20260430_004732\last.pt
2026-04-30 00:47:53,627 INFO [checkpoint] updated best checkpoint: E:\Mess\Projects\Programming\aiformula\neurokin_mpc\runs\20260430_004732\best.pt
2026-04-30 00:47:55,973 INFO [visualization] saved epoch snapshot: E:\Mess\Projects\Programming\aiformula\neurokin_mpc\runs\20260430_004732\visualization\epochs\epoch_0010
2026-04-30 00:47:58,309 INFO [visualization] saved epoch snapshot: E:\Mess\Projects\Programming\aiformula\neurokin_mpc\runs\20260430_004732\visualization\epochs\best_epoch
2026-04-30 00:47:58,309 INFO epoch=10 train_loss=0.0025152071 val_loss=0.0018508119 learning_rate=0.001 elapsed=18.21s best_epoch=10 best_val=0.0018508119 val_rollout_position_error_20=0.00901757 val_rollout_heading_error_20=0.00169319 early_stopping_counter=0 val_rmse_delta_x_body=0.000288943 val_rmse_delta_y_body=0.00045155 val_rmse_delta_theta=0.000568225 val_rmse_v_next=0.0115577 val_rmse_omega_next=0.022729
2026-04-30 00:47:58,618 INFO [checkpoint] saved epoch checkpoint: E:\Mess\Projects\Programming\aiformula\neurokin_mpc\runs\20260430_004732\epoch_0011_val_0.00183040.pt
2026-04-30 00:47:58,622 INFO [checkpoint] updated last checkpoint: E:\Mess\Projects\Programming\aiformula\neurokin_mpc\runs\20260430_004732\last.pt
2026-04-30 00:47:58,625 INFO [checkpoint] updated best checkpoint: E:\Mess\Projects\Programming\aiformula\neurokin_mpc\runs\20260430_004732\best.pt
2026-04-30 00:48:00,214 INFO [visualization] saved epoch snapshot: E:\Mess\Projects\Programming\aiformula\neurokin_mpc\runs\20260430_004732\visualization\epochs\best_epoch
2026-04-30 00:48:00,214 INFO epoch=11 train_loss=0.0024958729 val_loss=0.0018303956 learning_rate=0.001 elapsed=23.21s best_epoch=11 best_val=0.0018303956 val_rollout_position_error_20=0.00807895 val_rollout_heading_error_20=0.00108425 early_stopping_counter=0 val_rmse_delta_x_body=0.000279399 val_rmse_delta_y_body=0.000450214 val_rmse_delta_theta=0.000566252 val_rmse_v_next=0.011176 val_rmse_omega_next=0.0226501
2026-04-30 00:48:00,503 INFO [checkpoint] saved epoch checkpoint: E:\Mess\Projects\Programming\aiformula\neurokin_mpc\runs\20260430_004732\epoch_0012_val_0.00181621.pt
2026-04-30 00:48:00,506 INFO [checkpoint] updated last checkpoint: E:\Mess\Projects\Programming\aiformula\neurokin_mpc\runs\20260430_004732\last.pt
2026-04-30 00:48:00,509 INFO [checkpoint] updated best checkpoint: E:\Mess\Projects\Programming\aiformula\neurokin_mpc\runs\20260430_004732\best.pt
2026-04-30 00:48:02,114 INFO [visualization] saved epoch snapshot: E:\Mess\Projects\Programming\aiformula\neurokin_mpc\runs\20260430_004732\visualization\epochs\best_epoch
2026-04-30 00:48:02,115 INFO epoch=12 train_loss=0.0024776083 val_loss=0.0018162118 learning_rate=0.001 elapsed=25.10s best_epoch=12 best_val=0.0018162118 val_rollout_position_error_20=0.00753206 val_rollout_heading_error_20=0.000930892 early_stopping_counter=0 val_rmse_delta_x_body=0.000272211 val_rmse_delta_y_body=0.00044713 val_rmse_delta_theta=0.000565221 val_rmse_v_next=0.0108885 val_rmse_omega_next=0.0226089
2026-04-30 00:48:02,408 INFO [checkpoint] saved epoch checkpoint: E:\Mess\Projects\Programming\aiformula\neurokin_mpc\runs\20260430_004732\epoch_0013_val_0.00180645.pt
2026-04-30 00:48:02,411 INFO [checkpoint] updated last checkpoint: E:\Mess\Projects\Programming\aiformula\neurokin_mpc\runs\20260430_004732\last.pt
2026-04-30 00:48:02,415 INFO [checkpoint] updated best checkpoint: E:\Mess\Projects\Programming\aiformula\neurokin_mpc\runs\20260430_004732\best.pt
2026-04-30 00:48:03,979 INFO [visualization] saved epoch snapshot: E:\Mess\Projects\Programming\aiformula\neurokin_mpc\runs\20260430_004732\visualization\epochs\best_epoch
2026-04-30 00:48:03,980 INFO epoch=13 train_loss=0.0024581817 val_loss=0.0018064462 learning_rate=0.001 elapsed=27.00s best_epoch=13 best_val=0.0018064462 val_rollout_position_error_20=0.00742676 val_rollout_heading_error_20=0.00116846 early_stopping_counter=0 val_rmse_delta_x_body=0.000268442 val_rmse_delta_y_body=0.00044185 val_rmse_delta_theta=0.00056472 val_rmse_v_next=0.0107377 val_rmse_omega_next=0.0225888
2026-04-30 00:48:04,267 INFO [checkpoint] saved epoch checkpoint: E:\Mess\Projects\Programming\aiformula\neurokin_mpc\runs\20260430_004732\epoch_0014_val_0.00179117.pt
2026-04-30 00:48:04,270 INFO [checkpoint] updated last checkpoint: E:\Mess\Projects\Programming\aiformula\neurokin_mpc\runs\20260430_004732\last.pt
2026-04-30 00:48:04,274 INFO [checkpoint] updated best checkpoint: E:\Mess\Projects\Programming\aiformula\neurokin_mpc\runs\20260430_004732\best.pt
2026-04-30 00:48:05,872 INFO [visualization] saved epoch snapshot: E:\Mess\Projects\Programming\aiformula\neurokin_mpc\runs\20260430_004732\visualization\epochs\best_epoch
2026-04-30 00:48:05,872 INFO epoch=14 train_loss=0.0024370404 val_loss=0.0017911729 learning_rate=0.001 elapsed=28.86s best_epoch=14 best_val=0.0017911729 val_rollout_position_error_20=0.00688025 val_rollout_heading_error_20=0.00101588 early_stopping_counter=0 val_rmse_delta_x_body=0.000261313 val_rmse_delta_y_body=0.000439665 val_rmse_delta_theta=0.000563305 val_rmse_v_next=0.0104525 val_rmse_omega_next=0.0225322
2026-04-30 00:48:06,163 INFO [checkpoint] saved epoch checkpoint: E:\Mess\Projects\Programming\aiformula\neurokin_mpc\runs\20260430_004732\epoch_0015_val_0.00178049.pt
2026-04-30 00:48:06,167 INFO [checkpoint] updated last checkpoint: E:\Mess\Projects\Programming\aiformula\neurokin_mpc\runs\20260430_004732\last.pt
2026-04-30 00:48:06,170 INFO [checkpoint] updated best checkpoint: E:\Mess\Projects\Programming\aiformula\neurokin_mpc\runs\20260430_004732\best.pt
2026-04-30 00:48:07,912 INFO [visualization] saved epoch snapshot: E:\Mess\Projects\Programming\aiformula\neurokin_mpc\runs\20260430_004732\visualization\epochs\best_epoch
2026-04-30 00:48:07,912 INFO epoch=15 train_loss=0.0024141125 val_loss=0.0017804903 learning_rate=0.001 elapsed=30.76s best_epoch=15 best_val=0.0017804903 val_rollout_position_error_20=0.00612058 val_rollout_heading_error_20=0.000674391 early_stopping_counter=0 val_rmse_delta_x_body=0.000252059 val_rmse_delta_y_body=0.000438586 val_rmse_delta_theta=0.000562877 val_rmse_v_next=0.0100824 val_rmse_omega_next=0.0225151
2026-04-30 00:48:08,239 INFO [checkpoint] saved epoch checkpoint: E:\Mess\Projects\Programming\aiformula\neurokin_mpc\runs\20260430_004732\epoch_0016_val_0.00176886.pt
2026-04-30 00:48:08,243 INFO [checkpoint] updated last checkpoint: E:\Mess\Projects\Programming\aiformula\neurokin_mpc\runs\20260430_004732\last.pt
2026-04-30 00:48:08,246 INFO [checkpoint] updated best checkpoint: E:\Mess\Projects\Programming\aiformula\neurokin_mpc\runs\20260430_004732\best.pt
2026-04-30 00:48:09,827 INFO [visualization] saved epoch snapshot: E:\Mess\Projects\Programming\aiformula\neurokin_mpc\runs\20260430_004732\visualization\epochs\best_epoch
2026-04-30 00:48:09,828 INFO epoch=16 train_loss=0.0023960174 val_loss=0.0017688586 learning_rate=0.001 elapsed=32.83s best_epoch=16 best_val=0.0017688586 val_rollout_position_error_20=0.00529308 val_rollout_heading_error_20=0.000107451 early_stopping_counter=0 val_rmse_delta_x_body=0.000248229 val_rmse_delta_y_body=0.000434005 val_rmse_delta_theta=0.000561889 val_rmse_v_next=0.00992916 val_rmse_omega_next=0.0224756
2026-04-30 00:48:10,113 INFO [checkpoint] saved epoch checkpoint: E:\Mess\Projects\Programming\aiformula\neurokin_mpc\runs\20260430_004732\epoch_0017_val_0.00176455.pt
2026-04-30 00:48:10,116 INFO [checkpoint] updated last checkpoint: E:\Mess\Projects\Programming\aiformula\neurokin_mpc\runs\20260430_004732\last.pt
2026-04-30 00:48:10,120 INFO [checkpoint] updated best checkpoint: E:\Mess\Projects\Programming\aiformula\neurokin_mpc\runs\20260430_004732\best.pt
2026-04-30 00:48:11,715 INFO [visualization] saved epoch snapshot: E:\Mess\Projects\Programming\aiformula\neurokin_mpc\runs\20260430_004732\visualization\epochs\best_epoch
2026-04-30 00:48:11,715 INFO epoch=17 train_loss=0.0023688429 val_loss=0.0017645506 learning_rate=0.001 elapsed=34.71s best_epoch=17 best_val=0.0017645506 val_rollout_position_error_20=0.00517267 val_rollout_heading_error_20=0.00054551 early_stopping_counter=0 val_rmse_delta_x_body=0.00024479 val_rmse_delta_y_body=0.000431413 val_rmse_delta_theta=0.000561928 val_rmse_v_next=0.00979161 val_rmse_omega_next=0.0224771
2026-04-30 00:48:12,005 INFO [checkpoint] saved epoch checkpoint: E:\Mess\Projects\Programming\aiformula\neurokin_mpc\runs\20260430_004732\epoch_0018_val_0.00179280.pt
2026-04-30 00:48:12,009 INFO [checkpoint] updated last checkpoint: E:\Mess\Projects\Programming\aiformula\neurokin_mpc\runs\20260430_004732\last.pt
2026-04-30 00:48:12,013 INFO epoch=18 train_loss=0.0023641661 val_loss=0.0017928046 learning_rate=0.001 elapsed=36.60s best_epoch=17 best_val=0.0017645506 val_rollout_position_error_20=0.00398673 val_rollout_heading_error_20=0.000916225 early_stopping_counter=1 val_rmse_delta_x_body=0.000238284 val_rmse_delta_y_body=0.000426984 val_rmse_delta_theta=0.000568612 val_rmse_v_next=0.00953135 val_rmse_omega_next=0.0227445
2026-04-30 00:48:12,302 INFO [checkpoint] saved epoch checkpoint: E:\Mess\Projects\Programming\aiformula\neurokin_mpc\runs\20260430_004732\epoch_0019_val_0.00175345.pt
2026-04-30 00:48:12,305 INFO [checkpoint] updated last checkpoint: E:\Mess\Projects\Programming\aiformula\neurokin_mpc\runs\20260430_004732\last.pt
2026-04-30 00:48:12,309 INFO [checkpoint] updated best checkpoint: E:\Mess\Projects\Programming\aiformula\neurokin_mpc\runs\20260430_004732\best.pt
2026-04-30 00:48:13,883 INFO [visualization] saved epoch snapshot: E:\Mess\Projects\Programming\aiformula\neurokin_mpc\runs\20260430_004732\visualization\epochs\best_epoch
2026-04-30 00:48:13,883 INFO epoch=19 train_loss=0.0025873734 val_loss=0.0017534533 learning_rate=0.001 elapsed=36.89s best_epoch=19 best_val=0.0017534533 val_rollout_position_error_20=0.00519419 val_rollout_heading_error_20=0.000689678 early_stopping_counter=0 val_rmse_delta_x_body=0.000235593 val_rmse_delta_y_body=0.000445592 val_rmse_delta_theta=0.000559325 val_rmse_v_next=0.00942373 val_rmse_omega_next=0.022373
2026-04-30 00:48:14,184 INFO [checkpoint] saved epoch checkpoint: E:\Mess\Projects\Programming\aiformula\neurokin_mpc\runs\20260430_004732\epoch_0020_val_0.00192835.pt
2026-04-30 00:48:14,188 INFO [checkpoint] updated last checkpoint: E:\Mess\Projects\Programming\aiformula\neurokin_mpc\runs\20260430_004732\last.pt
2026-04-30 00:48:16,568 INFO [visualization] saved epoch snapshot: E:\Mess\Projects\Programming\aiformula\neurokin_mpc\runs\20260430_004732\visualization\epochs\epoch_0020
2026-04-30 00:48:16,568 INFO epoch=20 train_loss=0.0026169084 val_loss=0.0019283462 learning_rate=0.001 elapsed=38.78s best_epoch=19 best_val=0.0017534533 val_rollout_position_error_20=0.00417717 val_rollout_heading_error_20=0.000699886 early_stopping_counter=1 val_rmse_delta_x_body=0.000228208 val_rmse_delta_y_body=0.000424871 val_rmse_delta_theta=0.000594444 val_rmse_v_next=0.00912831 val_rmse_omega_next=0.0237778
2026-04-30 00:48:16,860 INFO [checkpoint] saved epoch checkpoint: E:\Mess\Projects\Programming\aiformula\neurokin_mpc\runs\20260430_004732\epoch_0021_val_0.00175083.pt
2026-04-30 00:48:16,864 INFO [checkpoint] updated last checkpoint: E:\Mess\Projects\Programming\aiformula\neurokin_mpc\runs\20260430_004732\last.pt
2026-04-30 00:48:16,868 INFO [checkpoint] updated best checkpoint: E:\Mess\Projects\Programming\aiformula\neurokin_mpc\runs\20260430_004732\best.pt
2026-04-30 00:48:18,410 INFO [visualization] saved epoch snapshot: E:\Mess\Projects\Programming\aiformula\neurokin_mpc\runs\20260430_004732\visualization\epochs\best_epoch
2026-04-30 00:48:18,411 INFO epoch=21 train_loss=0.0026885991 val_loss=0.0017508257 learning_rate=0.001 elapsed=41.45s best_epoch=21 best_val=0.0017508257 val_rollout_position_error_20=0.00372136 val_rollout_heading_error_20=0.000181614 early_stopping_counter=0 val_rmse_delta_x_body=0.000222694 val_rmse_delta_y_body=0.000444976 val_rmse_delta_theta=0.000560676 val_rmse_v_next=0.00890778 val_rmse_omega_next=0.022427
2026-04-30 00:48:18,707 INFO [checkpoint] saved epoch checkpoint: E:\Mess\Projects\Programming\aiformula\neurokin_mpc\runs\20260430_004732\epoch_0022_val_0.00210379.pt
2026-04-30 00:48:18,711 INFO [checkpoint] updated last checkpoint: E:\Mess\Projects\Programming\aiformula\neurokin_mpc\runs\20260430_004732\last.pt
2026-04-30 00:48:18,716 INFO epoch=22 train_loss=0.0037748573 val_loss=0.0021037863 learning_rate=0.001 elapsed=43.30s best_epoch=21 best_val=0.0017508257 val_rollout_position_error_20=0.00600146 val_rollout_heading_error_20=0.00171433 early_stopping_counter=1 val_rmse_delta_x_body=0.000229647 val_rmse_delta_y_body=0.000440925 val_rmse_delta_theta=0.000622328 val_rmse_v_next=0.00918588 val_rmse_omega_next=0.0248931
2026-04-30 00:48:19,028 INFO [checkpoint] saved epoch checkpoint: E:\Mess\Projects\Programming\aiformula\neurokin_mpc\runs\20260430_004732\epoch_0023_val_0.00256975.pt
2026-04-30 00:48:19,032 INFO [checkpoint] updated last checkpoint: E:\Mess\Projects\Programming\aiformula\neurokin_mpc\runs\20260430_004732\last.pt
2026-04-30 00:48:19,036 INFO epoch=23 train_loss=0.00310258 val_loss=0.0025697539 learning_rate=0.001 elapsed=43.62s best_epoch=21 best_val=0.0017508257 val_rollout_position_error_20=0.00673533 val_rollout_heading_error_20=0.00782292 early_stopping_counter=2 val_rmse_delta_x_body=0.000231653 val_rmse_delta_y_body=0.00051882 val_rmse_delta_theta=0.000686547 val_rmse_v_next=0.00926614 val_rmse_omega_next=0.0274619
2026-04-30 00:48:19,321 INFO [checkpoint] saved epoch checkpoint: E:\Mess\Projects\Programming\aiformula\neurokin_mpc\runs\20260430_004732\epoch_0024_val_0.00186938.pt
2026-04-30 00:48:19,325 INFO [checkpoint] updated last checkpoint: E:\Mess\Projects\Programming\aiformula\neurokin_mpc\runs\20260430_004732\last.pt
2026-04-30 00:48:19,330 INFO epoch=24 train_loss=0.0026122775 val_loss=0.0018693811 learning_rate=0.001 elapsed=43.91s best_epoch=21 best_val=0.0017508257 val_rollout_position_error_20=0.0122232 val_rollout_heading_error_20=0.00587461 early_stopping_counter=3 val_rmse_delta_x_body=0.000249939 val_rmse_delta_y_body=0.000434009 val_rmse_delta_theta=0.000579943 val_rmse_v_next=0.00999759 val_rmse_omega_next=0.0231977
2026-04-30 00:48:19,622 INFO [checkpoint] saved epoch checkpoint: E:\Mess\Projects\Programming\aiformula\neurokin_mpc\runs\20260430_004732\epoch_0025_val_0.00178471.pt
2026-04-30 00:48:19,626 INFO [checkpoint] updated last checkpoint: E:\Mess\Projects\Programming\aiformula\neurokin_mpc\runs\20260430_004732\last.pt
2026-04-30 00:48:19,631 INFO epoch=25 train_loss=0.0025242046 val_loss=0.001784711 learning_rate=0.001 elapsed=44.22s best_epoch=21 best_val=0.0017508257 val_rollout_position_error_20=0.00625785 val_rollout_heading_error_20=0.00022145 early_stopping_counter=4 val_rmse_delta_x_body=0.000249862 val_rmse_delta_y_body=0.000433372 val_rmse_delta_theta=0.000564656 val_rmse_v_next=0.0099945 val_rmse_omega_next=0.0225862
2026-04-30 00:48:19,925 INFO [checkpoint] saved epoch checkpoint: E:\Mess\Projects\Programming\aiformula\neurokin_mpc\runs\20260430_004732\epoch_0026_val_0.00178424.pt
2026-04-30 00:48:19,929 INFO [checkpoint] updated last checkpoint: E:\Mess\Projects\Programming\aiformula\neurokin_mpc\runs\20260430_004732\last.pt
2026-04-30 00:48:19,934 INFO epoch=26 train_loss=0.0024695378 val_loss=0.001784244 learning_rate=0.001 elapsed=44.52s best_epoch=21 best_val=0.0017508257 val_rollout_position_error_20=0.00745212 val_rollout_heading_error_20=0.00120179 early_stopping_counter=5 val_rmse_delta_x_body=0.000250263 val_rmse_delta_y_body=0.000444934 val_rmse_delta_theta=0.000563003 val_rmse_v_next=0.0100105 val_rmse_omega_next=0.0225201
2026-04-30 00:48:20,243 INFO [checkpoint] saved epoch checkpoint: E:\Mess\Projects\Programming\aiformula\neurokin_mpc\runs\20260430_004732\epoch_0027_val_0.00174428.pt
2026-04-30 00:48:20,247 INFO [checkpoint] updated last checkpoint: E:\Mess\Projects\Programming\aiformula\neurokin_mpc\runs\20260430_004732\last.pt
2026-04-30 00:48:20,250 INFO [checkpoint] updated best checkpoint: E:\Mess\Projects\Programming\aiformula\neurokin_mpc\runs\20260430_004732\best.pt
2026-04-30 00:48:21,847 INFO [visualization] saved epoch snapshot: E:\Mess\Projects\Programming\aiformula\neurokin_mpc\runs\20260430_004732\visualization\epochs\best_epoch
2026-04-30 00:48:21,847 INFO epoch=27 train_loss=0.0024304212 val_loss=0.0017442762 learning_rate=0.001 elapsed=44.84s best_epoch=27 best_val=0.0017442762 val_rollout_position_error_20=0.00477893 val_rollout_heading_error_20=0.000303944 early_stopping_counter=0 val_rmse_delta_x_body=0.00023804 val_rmse_delta_y_body=0.000437367 val_rmse_delta_theta=0.000558361 val_rmse_v_next=0.00952162 val_rmse_omega_next=0.0223344
2026-04-30 00:48:22,151 INFO [checkpoint] saved epoch checkpoint: E:\Mess\Projects\Programming\aiformula\neurokin_mpc\runs\20260430_004732\epoch_0028_val_0.00174629.pt
2026-04-30 00:48:22,156 INFO [checkpoint] updated last checkpoint: E:\Mess\Projects\Programming\aiformula\neurokin_mpc\runs\20260430_004732\last.pt
2026-04-30 00:48:22,161 INFO epoch=28 train_loss=0.002399061 val_loss=0.0017462854 learning_rate=0.001 elapsed=46.74s best_epoch=27 best_val=0.0017442762 val_rollout_position_error_20=0.00495645 val_rollout_heading_error_20=0.000454863 early_stopping_counter=1 val_rmse_delta_x_body=0.000238058 val_rmse_delta_y_body=0.000430494 val_rmse_delta_theta=0.000559625 val_rmse_v_next=0.00952233 val_rmse_omega_next=0.022385
2026-04-30 00:48:22,463 INFO [checkpoint] saved epoch checkpoint: E:\Mess\Projects\Programming\aiformula\neurokin_mpc\runs\20260430_004732\epoch_0029_val_0.00171729.pt
2026-04-30 00:48:22,467 INFO [checkpoint] updated last checkpoint: E:\Mess\Projects\Programming\aiformula\neurokin_mpc\runs\20260430_004732\last.pt
2026-04-30 00:48:22,471 INFO [checkpoint] updated best checkpoint: E:\Mess\Projects\Programming\aiformula\neurokin_mpc\runs\20260430_004732\best.pt
2026-04-30 00:48:24,096 INFO [visualization] saved epoch snapshot: E:\Mess\Projects\Programming\aiformula\neurokin_mpc\runs\20260430_004732\visualization\epochs\best_epoch
2026-04-30 00:48:24,097 INFO epoch=29 train_loss=0.0023664848 val_loss=0.0017172898 learning_rate=0.001 elapsed=47.06s best_epoch=29 best_val=0.0017172898 val_rollout_position_error_20=0.00309616 val_rollout_heading_error_20=0.00051066 early_stopping_counter=0 val_rmse_delta_x_body=0.000228421 val_rmse_delta_y_body=0.00042612 val_rmse_delta_theta=0.000556125 val_rmse_v_next=0.00913685 val_rmse_omega_next=0.022245
2026-04-30 00:48:24,393 INFO [checkpoint] saved epoch checkpoint: E:\Mess\Projects\Programming\aiformula\neurokin_mpc\runs\20260430_004732\epoch_0030_val_0.00171373.pt
2026-04-30 00:48:24,397 INFO [checkpoint] updated last checkpoint: E:\Mess\Projects\Programming\aiformula\neurokin_mpc\runs\20260430_004732\last.pt
2026-04-30 00:48:24,400 INFO [checkpoint] updated best checkpoint: E:\Mess\Projects\Programming\aiformula\neurokin_mpc\runs\20260430_004732\best.pt
2026-04-30 00:48:26,737 INFO [visualization] saved epoch snapshot: E:\Mess\Projects\Programming\aiformula\neurokin_mpc\runs\20260430_004732\visualization\epochs\epoch_0030
2026-04-30 00:48:29,060 INFO [visualization] saved epoch snapshot: E:\Mess\Projects\Programming\aiformula\neurokin_mpc\runs\20260430_004732\visualization\epochs\best_epoch
2026-04-30 00:48:29,060 INFO epoch=30 train_loss=0.0023314252 val_loss=0.0017137295 learning_rate=0.001 elapsed=48.99s best_epoch=30 best_val=0.0017137295 val_rollout_position_error_20=0.00402755 val_rollout_heading_error_20=0.000476612 early_stopping_counter=0 val_rmse_delta_x_body=0.000227056 val_rmse_delta_y_body=0.000430904 val_rmse_delta_theta=0.000555027 val_rmse_v_next=0.00908226 val_rmse_omega_next=0.0222011
2026-04-30 00:48:29,352 INFO [checkpoint] saved epoch checkpoint: E:\Mess\Projects\Programming\aiformula\neurokin_mpc\runs\20260430_004732\epoch_0031_val_0.00169873.pt
2026-04-30 00:48:29,355 INFO [checkpoint] updated last checkpoint: E:\Mess\Projects\Programming\aiformula\neurokin_mpc\runs\20260430_004732\last.pt
2026-04-30 00:48:29,359 INFO [checkpoint] updated best checkpoint: E:\Mess\Projects\Programming\aiformula\neurokin_mpc\runs\20260430_004732\best.pt
2026-04-30 00:48:31,118 INFO [visualization] saved epoch snapshot: E:\Mess\Projects\Programming\aiformula\neurokin_mpc\runs\20260430_004732\visualization\epochs\best_epoch
2026-04-30 00:48:31,118 INFO epoch=31 train_loss=0.0022973812 val_loss=0.0016987303 learning_rate=0.001 elapsed=53.95s best_epoch=31 best_val=0.0016987303 val_rollout_position_error_20=0.00326946 val_rollout_heading_error_20=8.08244e-05 early_stopping_counter=0 val_rmse_delta_x_body=0.000224114 val_rmse_delta_y_body=0.000430467 val_rmse_delta_theta=0.000552668 val_rmse_v_next=0.00896456 val_rmse_omega_next=0.0221067
2026-04-30 00:48:31,409 INFO [checkpoint] saved epoch checkpoint: E:\Mess\Projects\Programming\aiformula\neurokin_mpc\runs\20260430_004732\epoch_0032_val_0.00168730.pt
2026-04-30 00:48:31,413 INFO [checkpoint] updated last checkpoint: E:\Mess\Projects\Programming\aiformula\neurokin_mpc\runs\20260430_004732\last.pt
2026-04-30 00:48:31,417 INFO [checkpoint] updated best checkpoint: E:\Mess\Projects\Programming\aiformula\neurokin_mpc\runs\20260430_004732\best.pt
2026-04-30 00:48:32,958 INFO [visualization] saved epoch snapshot: E:\Mess\Projects\Programming\aiformula\neurokin_mpc\runs\20260430_004732\visualization\epochs\best_epoch
2026-04-30 00:48:32,958 INFO epoch=32 train_loss=0.0022651916 val_loss=0.0016873009 learning_rate=0.001 elapsed=56.00s best_epoch=32 best_val=0.0016873009 val_rollout_position_error_20=0.00287453 val_rollout_heading_error_20=0.000116635 early_stopping_counter=0 val_rmse_delta_x_body=0.000221226 val_rmse_delta_y_body=0.000430487 val_rmse_delta_theta=0.0005509 val_rmse_v_next=0.00884906 val_rmse_omega_next=0.022036
2026-04-30 00:48:33,264 INFO [checkpoint] saved epoch checkpoint: E:\Mess\Projects\Programming\aiformula\neurokin_mpc\runs\20260430_004732\epoch_0033_val_0.00167730.pt
2026-04-30 00:48:33,268 INFO [checkpoint] updated last checkpoint: E:\Mess\Projects\Programming\aiformula\neurokin_mpc\runs\20260430_004732\last.pt
2026-04-30 00:48:33,271 INFO [checkpoint] updated best checkpoint: E:\Mess\Projects\Programming\aiformula\neurokin_mpc\runs\20260430_004732\best.pt
2026-04-30 00:48:34,801 INFO [visualization] saved epoch snapshot: E:\Mess\Projects\Programming\aiformula\neurokin_mpc\runs\20260430_004732\visualization\epochs\best_epoch
2026-04-30 00:48:34,801 INFO epoch=33 train_loss=0.0022273472 val_loss=0.0016773041 learning_rate=0.001 elapsed=57.86s best_epoch=33 best_val=0.0016773041 val_rollout_position_error_20=0.00290542 val_rollout_heading_error_20=0.000207079 early_stopping_counter=0 val_rmse_delta_x_body=0.00021994 val_rmse_delta_y_body=0.000432326 val_rmse_delta_theta=0.00054894 val_rmse_v_next=0.00879761 val_rmse_omega_next=0.0219576
2026-04-30 00:48:35,089 INFO [checkpoint] saved epoch checkpoint: E:\Mess\Projects\Programming\aiformula\neurokin_mpc\runs\20260430_004732\epoch_0034_val_0.00166775.pt
2026-04-30 00:48:35,093 INFO [checkpoint] updated last checkpoint: E:\Mess\Projects\Programming\aiformula\neurokin_mpc\runs\20260430_004732\last.pt
2026-04-30 00:48:35,098 INFO [checkpoint] updated best checkpoint: E:\Mess\Projects\Programming\aiformula\neurokin_mpc\runs\20260430_004732\best.pt
2026-04-30 00:48:36,899 INFO [visualization] saved epoch snapshot: E:\Mess\Projects\Programming\aiformula\neurokin_mpc\runs\20260430_004732\visualization\epochs\best_epoch
2026-04-30 00:48:36,899 INFO epoch=34 train_loss=0.0021994779 val_loss=0.0016677487 learning_rate=0.001 elapsed=59.68s best_epoch=34 best_val=0.0016677487 val_rollout_position_error_20=0.00269596 val_rollout_heading_error_20=0.000100717 early_stopping_counter=0 val_rmse_delta_x_body=0.000220727 val_rmse_delta_y_body=0.000432971 val_rmse_delta_theta=0.000546937 val_rmse_v_next=0.00882908 val_rmse_omega_next=0.0218775
2026-04-30 00:48:37,198 INFO [checkpoint] saved epoch checkpoint: E:\Mess\Projects\Programming\aiformula\neurokin_mpc\runs\20260430_004732\epoch_0035_val_0.00164621.pt
2026-04-30 00:48:37,202 INFO [checkpoint] updated last checkpoint: E:\Mess\Projects\Programming\aiformula\neurokin_mpc\runs\20260430_004732\last.pt
2026-04-30 00:48:37,206 INFO [checkpoint] updated best checkpoint: E:\Mess\Projects\Programming\aiformula\neurokin_mpc\runs\20260430_004732\best.pt
2026-04-30 00:48:38,816 INFO [visualization] saved epoch snapshot: E:\Mess\Projects\Programming\aiformula\neurokin_mpc\runs\20260430_004732\visualization\epochs\best_epoch
2026-04-30 00:48:38,817 INFO epoch=35 train_loss=0.0021836993 val_loss=0.0016462105 learning_rate=0.001 elapsed=61.79s best_epoch=35 best_val=0.0016462105 val_rollout_position_error_20=0.00259398 val_rollout_heading_error_20=0.000469257 early_stopping_counter=0 val_rmse_delta_x_body=0.000218217 val_rmse_delta_y_body=0.000434139 val_rmse_delta_theta=0.00054301 val_rmse_v_next=0.00872868 val_rmse_omega_next=0.0217204
2026-04-30 00:48:39,108 INFO [checkpoint] saved epoch checkpoint: E:\Mess\Projects\Programming\aiformula\neurokin_mpc\runs\20260430_004732\epoch_0036_val_0.00165368.pt
2026-04-30 00:48:39,112 INFO [checkpoint] updated last checkpoint: E:\Mess\Projects\Programming\aiformula\neurokin_mpc\runs\20260430_004732\last.pt
2026-04-30 00:48:39,117 INFO epoch=36 train_loss=0.0021590959 val_loss=0.0016536828 learning_rate=0.001 elapsed=63.70s best_epoch=35 best_val=0.0016462105 val_rollout_position_error_20=0.00139857 val_rollout_heading_error_20=0.0012301 early_stopping_counter=1 val_rmse_delta_x_body=0.000218659 val_rmse_delta_y_body=0.000429269 val_rmse_delta_theta=0.000545025 val_rmse_v_next=0.00874636 val_rmse_omega_next=0.021801
2026-04-30 00:48:39,417 INFO [checkpoint] saved epoch checkpoint: E:\Mess\Projects\Programming\aiformula\neurokin_mpc\runs\20260430_004732\epoch_0037_val_0.00171135.pt
2026-04-30 00:48:39,421 INFO [checkpoint] updated last checkpoint: E:\Mess\Projects\Programming\aiformula\neurokin_mpc\runs\20260430_004732\last.pt
2026-04-30 00:48:39,426 INFO epoch=37 train_loss=0.0023436683 val_loss=0.0017113525 learning_rate=0.001 elapsed=64.01s best_epoch=35 best_val=0.0016462105 val_rollout_position_error_20=0.00394496 val_rollout_heading_error_20=0.00203461 early_stopping_counter=2 val_rmse_delta_x_body=0.000220424 val_rmse_delta_y_body=0.000434843 val_rmse_delta_theta=0.000554957 val_rmse_v_next=0.00881698 val_rmse_omega_next=0.0221983
2026-04-30 00:48:39,726 INFO [checkpoint] saved epoch checkpoint: E:\Mess\Projects\Programming\aiformula\neurokin_mpc\runs\20260430_004732\epoch_0038_val_0.00179920.pt
2026-04-30 00:48:39,729 INFO [checkpoint] updated last checkpoint: E:\Mess\Projects\Programming\aiformula\neurokin_mpc\runs\20260430_004732\last.pt
2026-04-30 00:48:39,734 INFO epoch=38 train_loss=0.0025801678 val_loss=0.0017991979 learning_rate=0.001 elapsed=64.32s best_epoch=35 best_val=0.0016462105 val_rollout_position_error_20=0.000831304 val_rollout_heading_error_20=0.00199944 early_stopping_counter=3 val_rmse_delta_x_body=0.000215979 val_rmse_delta_y_body=0.000427284 val_rmse_delta_theta=0.000572693 val_rmse_v_next=0.00863917 val_rmse_omega_next=0.0229077
2026-04-30 00:48:40,032 INFO [checkpoint] saved epoch checkpoint: E:\Mess\Projects\Programming\aiformula\neurokin_mpc\runs\20260430_004732\epoch_0039_val_0.00164487.pt
2026-04-30 00:48:40,036 INFO [checkpoint] updated last checkpoint: E:\Mess\Projects\Programming\aiformula\neurokin_mpc\runs\20260430_004732\last.pt
2026-04-30 00:48:40,041 INFO [checkpoint] updated best checkpoint: E:\Mess\Projects\Programming\aiformula\neurokin_mpc\runs\20260430_004732\best.pt
2026-04-30 00:48:41,668 INFO [visualization] saved epoch snapshot: E:\Mess\Projects\Programming\aiformula\neurokin_mpc\runs\20260430_004732\visualization\epochs\best_epoch
2026-04-30 00:48:41,669 INFO epoch=39 train_loss=0.0024711174 val_loss=0.0016448681 learning_rate=0.001 elapsed=64.63s best_epoch=39 best_val=0.0016448681 val_rollout_position_error_20=0.00334011 val_rollout_heading_error_20=0.000262963 early_stopping_counter=0 val_rmse_delta_x_body=0.000215321 val_rmse_delta_y_body=0.000446958 val_rmse_delta_theta=0.000541394 val_rmse_v_next=0.00861285 val_rmse_omega_next=0.0216558
2026-04-30 00:48:41,954 INFO [checkpoint] saved epoch checkpoint: E:\Mess\Projects\Programming\aiformula\neurokin_mpc\runs\20260430_004732\epoch_0040_val_0.00316554.pt
2026-04-30 00:48:41,958 INFO [checkpoint] updated last checkpoint: E:\Mess\Projects\Programming\aiformula\neurokin_mpc\runs\20260430_004732\last.pt
2026-04-30 00:48:44,342 INFO [visualization] saved epoch snapshot: E:\Mess\Projects\Programming\aiformula\neurokin_mpc\runs\20260430_004732\visualization\epochs\epoch_0040
2026-04-30 00:48:44,342 INFO epoch=40 train_loss=0.0036355874 val_loss=0.0031655413 learning_rate=0.001 elapsed=66.55s best_epoch=39 best_val=0.0016448681 val_rollout_position_error_20=0.0123177 val_rollout_heading_error_20=0.00873233 early_stopping_counter=1 val_rmse_delta_x_body=0.000279788 val_rmse_delta_y_body=0.000444191 val_rmse_delta_theta=0.000773982 val_rmse_v_next=0.0111915 val_rmse_omega_next=0.0309593
2026-04-30 00:48:44,653 INFO [checkpoint] saved epoch checkpoint: E:\Mess\Projects\Programming\aiformula\neurokin_mpc\runs\20260430_004732\epoch_0041_val_0.00216830.pt
2026-04-30 00:48:44,657 INFO [checkpoint] updated last checkpoint: E:\Mess\Projects\Programming\aiformula\neurokin_mpc\runs\20260430_004732\last.pt
2026-04-30 00:48:44,662 INFO epoch=41 train_loss=0.0030656291 val_loss=0.0021682956 learning_rate=0.001 elapsed=69.25s best_epoch=39 best_val=0.0016448681 val_rollout_position_error_20=0.00696103 val_rollout_heading_error_20=0.00735362 early_stopping_counter=2 val_rmse_delta_x_body=0.000227161 val_rmse_delta_y_body=0.000528693 val_rmse_delta_theta=0.000621964 val_rmse_v_next=0.00908643 val_rmse_omega_next=0.0248786
2026-04-30 00:48:44,961 INFO [checkpoint] saved epoch checkpoint: E:\Mess\Projects\Programming\aiformula\neurokin_mpc\runs\20260430_004732\epoch_0042_val_0.00199188.pt
2026-04-30 00:48:44,965 INFO [checkpoint] updated last checkpoint: E:\Mess\Projects\Programming\aiformula\neurokin_mpc\runs\20260430_004732\last.pt
2026-04-30 00:48:44,970 INFO epoch=42 train_loss=0.0024377957 val_loss=0.0019918768 learning_rate=0.001 elapsed=69.55s best_epoch=39 best_val=0.0016448681 val_rollout_position_error_20=0.0151099 val_rollout_heading_error_20=0.00787989 early_stopping_counter=3 val_rmse_delta_x_body=0.00023127 val_rmse_delta_y_body=0.00042803 val_rmse_delta_theta=0.000604692 val_rmse_v_next=0.0092508 val_rmse_omega_next=0.0241877
2026-04-30 00:48:45,271 INFO [checkpoint] saved epoch checkpoint: E:\Mess\Projects\Programming\aiformula\neurokin_mpc\runs\20260430_004732\epoch_0043_val_0.00165383.pt
2026-04-30 00:48:45,276 INFO [checkpoint] updated last checkpoint: E:\Mess\Projects\Programming\aiformula\neurokin_mpc\runs\20260430_004732\last.pt
2026-04-30 00:48:45,281 INFO epoch=43 train_loss=0.0022814117 val_loss=0.0016538258 learning_rate=0.001 elapsed=69.86s best_epoch=39 best_val=0.0016448681 val_rollout_position_error_20=0.00425057 val_rollout_heading_error_20=0.000639052 early_stopping_counter=4 val_rmse_delta_x_body=0.000231182 val_rmse_delta_y_body=0.000443525 val_rmse_delta_theta=0.00054141 val_rmse_v_next=0.0092473 val_rmse_omega_next=0.0216564
2026-04-30 00:48:45,581 INFO [checkpoint] saved epoch checkpoint: E:\Mess\Projects\Programming\aiformula\neurokin_mpc\runs\20260430_004732\epoch_0044_val_0.00162192.pt
2026-04-30 00:48:45,585 INFO [checkpoint] updated last checkpoint: E:\Mess\Projects\Programming\aiformula\neurokin_mpc\runs\20260430_004732\last.pt
2026-04-30 00:48:45,588 INFO [checkpoint] updated best checkpoint: E:\Mess\Projects\Programming\aiformula\neurokin_mpc\runs\20260430_004732\best.pt
2026-04-30 00:48:47,186 INFO [visualization] saved epoch snapshot: E:\Mess\Projects\Programming\aiformula\neurokin_mpc\runs\20260430_004732\visualization\epochs\best_epoch
2026-04-30 00:48:47,186 INFO epoch=44 train_loss=0.0021897854 val_loss=0.0016219201 learning_rate=0.001 elapsed=70.17s best_epoch=44 best_val=0.0016219201 val_rollout_position_error_20=0.00471259 val_rollout_heading_error_20=0.000706665 early_stopping_counter=0 val_rmse_delta_x_body=0.000229905 val_rmse_delta_y_body=0.000423091 val_rmse_delta_theta=0.000538193 val_rmse_v_next=0.00919621 val_rmse_omega_next=0.0215277
2026-04-30 00:48:47,483 INFO [checkpoint] saved epoch checkpoint: E:\Mess\Projects\Programming\aiformula\neurokin_mpc\runs\20260430_004732\epoch_0045_val_0.00158407.pt
2026-04-30 00:48:47,488 INFO [checkpoint] updated last checkpoint: E:\Mess\Projects\Programming\aiformula\neurokin_mpc\runs\20260430_004732\last.pt
2026-04-30 00:48:47,492 INFO [checkpoint] updated best checkpoint: E:\Mess\Projects\Programming\aiformula\neurokin_mpc\runs\20260430_004732\best.pt
2026-04-30 00:48:49,042 INFO [visualization] saved epoch snapshot: E:\Mess\Projects\Programming\aiformula\neurokin_mpc\runs\20260430_004732\visualization\epochs\best_epoch
2026-04-30 00:48:49,042 INFO epoch=45 train_loss=0.0021153352 val_loss=0.0015840702 learning_rate=0.001 elapsed=72.08s best_epoch=45 best_val=0.0015840702 val_rollout_position_error_20=0.00268927 val_rollout_heading_error_20=0.000623465 early_stopping_counter=0 val_rmse_delta_x_body=0.000227257 val_rmse_delta_y_body=0.000420841 val_rmse_delta_theta=0.00053151 val_rmse_v_next=0.00909027 val_rmse_omega_next=0.0212604
2026-04-30 00:48:49,339 INFO [checkpoint] saved epoch checkpoint: E:\Mess\Projects\Programming\aiformula\neurokin_mpc\runs\20260430_004732\epoch_0046_val_0.00156265.pt
2026-04-30 00:48:49,343 INFO [checkpoint] updated last checkpoint: E:\Mess\Projects\Programming\aiformula\neurokin_mpc\runs\20260430_004732\last.pt
2026-04-30 00:48:49,348 INFO [checkpoint] updated best checkpoint: E:\Mess\Projects\Programming\aiformula\neurokin_mpc\runs\20260430_004732\best.pt
2026-04-30 00:48:50,904 INFO [visualization] saved epoch snapshot: E:\Mess\Projects\Programming\aiformula\neurokin_mpc\runs\20260430_004732\visualization\epochs\best_epoch
2026-04-30 00:48:50,904 INFO epoch=46 train_loss=0.0020500251 val_loss=0.0015626517 learning_rate=0.001 elapsed=73.93s best_epoch=46 best_val=0.0015626517 val_rollout_position_error_20=0.00323467 val_rollout_heading_error_20=0.000991371 early_stopping_counter=0 val_rmse_delta_x_body=0.000226448 val_rmse_delta_y_body=0.000412252 val_rmse_delta_theta=0.000528554 val_rmse_v_next=0.00905792 val_rmse_omega_next=0.0211422
2026-04-30 00:48:51,212 INFO [checkpoint] saved epoch checkpoint: E:\Mess\Projects\Programming\aiformula\neurokin_mpc\runs\20260430_004732\epoch_0047_val_0.00154404.pt
2026-04-30 00:48:51,217 INFO [checkpoint] updated last checkpoint: E:\Mess\Projects\Programming\aiformula\neurokin_mpc\runs\20260430_004732\last.pt
2026-04-30 00:48:51,221 INFO [checkpoint] updated best checkpoint: E:\Mess\Projects\Programming\aiformula\neurokin_mpc\runs\20260430_004732\best.pt
2026-04-30 00:48:52,975 INFO [visualization] saved epoch snapshot: E:\Mess\Projects\Programming\aiformula\neurokin_mpc\runs\20260430_004732\visualization\epochs\best_epoch
2026-04-30 00:48:52,975 INFO epoch=47 train_loss=0.0019934247 val_loss=0.0015440408 learning_rate=0.001 elapsed=75.81s best_epoch=47 best_val=0.0015440408 val_rollout_position_error_20=0.0019108 val_rollout_heading_error_20=0.000133771 early_stopping_counter=0 val_rmse_delta_x_body=0.000223863 val_rmse_delta_y_body=0.000412098 val_rmse_delta_theta=0.000525271 val_rmse_v_next=0.00895453 val_rmse_omega_next=0.0210108
2026-04-30 00:48:53,262 INFO [checkpoint] saved epoch checkpoint: E:\Mess\Projects\Programming\aiformula\neurokin_mpc\runs\20260430_004732\epoch_0048_val_0.00151832.pt
2026-04-30 00:48:53,266 INFO [checkpoint] updated last checkpoint: E:\Mess\Projects\Programming\aiformula\neurokin_mpc\runs\20260430_004732\last.pt
2026-04-30 00:48:53,270 INFO [checkpoint] updated best checkpoint: E:\Mess\Projects\Programming\aiformula\neurokin_mpc\runs\20260430_004732\best.pt
2026-04-30 00:48:54,873 INFO [visualization] saved epoch snapshot: E:\Mess\Projects\Programming\aiformula\neurokin_mpc\runs\20260430_004732\visualization\epochs\best_epoch
2026-04-30 00:48:54,873 INFO epoch=48 train_loss=0.0019354598 val_loss=0.0015183206 learning_rate=0.001 elapsed=77.86s best_epoch=48 best_val=0.0015183206 val_rollout_position_error_20=0.00167637 val_rollout_heading_error_20=0.000180128 early_stopping_counter=0 val_rmse_delta_x_body=0.000227037 val_rmse_delta_y_body=0.00041314 val_rmse_delta_theta=0.000519559 val_rmse_v_next=0.0090815 val_rmse_omega_next=0.0207824
2026-04-30 00:48:55,162 INFO [checkpoint] saved epoch checkpoint: E:\Mess\Projects\Programming\aiformula\neurokin_mpc\runs\20260430_004732\epoch_0049_val_0.00150868.pt
2026-04-30 00:48:55,166 INFO [checkpoint] updated last checkpoint: E:\Mess\Projects\Programming\aiformula\neurokin_mpc\runs\20260430_004732\last.pt
2026-04-30 00:48:55,170 INFO [checkpoint] updated best checkpoint: E:\Mess\Projects\Programming\aiformula\neurokin_mpc\runs\20260430_004732\best.pt
2026-04-30 00:48:56,751 INFO [visualization] saved epoch snapshot: E:\Mess\Projects\Programming\aiformula\neurokin_mpc\runs\20260430_004732\visualization\epochs\best_epoch
2026-04-30 00:48:56,752 INFO epoch=49 train_loss=0.0018837187 val_loss=0.0015086812 learning_rate=0.001 elapsed=79.76s best_epoch=49 best_val=0.0015086812 val_rollout_position_error_20=0.00119747 val_rollout_heading_error_20=0.000282425 early_stopping_counter=0 val_rmse_delta_x_body=0.00022655 val_rmse_delta_y_body=0.000413776 val_rmse_delta_theta=0.000517613 val_rmse_v_next=0.009062 val_rmse_omega_next=0.0207045
2026-04-30 00:48:57,049 INFO [checkpoint] saved epoch checkpoint: E:\Mess\Projects\Programming\aiformula\neurokin_mpc\runs\20260430_004732\epoch_0050_val_0.00149342.pt
2026-04-30 00:48:57,053 INFO [checkpoint] updated last checkpoint: E:\Mess\Projects\Programming\aiformula\neurokin_mpc\runs\20260430_004732\last.pt
2026-04-30 00:48:57,058 INFO [checkpoint] updated best checkpoint: E:\Mess\Projects\Programming\aiformula\neurokin_mpc\runs\20260430_004732\best.pt
2026-04-30 00:48:59,371 INFO [visualization] saved epoch snapshot: E:\Mess\Projects\Programming\aiformula\neurokin_mpc\runs\20260430_004732\visualization\epochs\epoch_0050
2026-04-30 00:49:01,737 INFO [visualization] saved epoch snapshot: E:\Mess\Projects\Programming\aiformula\neurokin_mpc\runs\20260430_004732\visualization\epochs\best_epoch
2026-04-30 00:49:01,737 INFO epoch=50 train_loss=0.0018299975 val_loss=0.0014934204 learning_rate=0.001 elapsed=81.64s best_epoch=50 best_val=0.0014934204 val_rollout_position_error_20=0.00197245 val_rollout_heading_error_20=0.000526725 early_stopping_counter=0 val_rmse_delta_x_body=0.000230031 val_rmse_delta_y_body=0.000414423 val_rmse_delta_theta=0.000513938 val_rmse_v_next=0.00920123 val_rmse_omega_next=0.0205575
2026-04-30 00:49:02,083 INFO [checkpoint] saved epoch checkpoint: E:\Mess\Projects\Programming\aiformula\neurokin_mpc\runs\20260430_004732\epoch_0051_val_0.00154249.pt
2026-04-30 00:49:02,087 INFO [checkpoint] updated last checkpoint: E:\Mess\Projects\Programming\aiformula\neurokin_mpc\runs\20260430_004732\last.pt
2026-04-30 00:49:02,093 INFO epoch=51 train_loss=0.0017800579 val_loss=0.0015424892 learning_rate=0.001 elapsed=86.68s best_epoch=50 best_val=0.0014934204 val_rollout_position_error_20=0.00130841 val_rollout_heading_error_20=0.00026201 early_stopping_counter=1 val_rmse_delta_x_body=0.000232154 val_rmse_delta_y_body=0.000415275 val_rmse_delta_theta=0.000523344 val_rmse_v_next=0.00928618 val_rmse_omega_next=0.0209337
2026-04-30 00:49:02,385 INFO [checkpoint] saved epoch checkpoint: E:\Mess\Projects\Programming\aiformula\neurokin_mpc\runs\20260430_004732\epoch_0052_val_0.00164354.pt
2026-04-30 00:49:02,389 INFO [checkpoint] updated last checkpoint: E:\Mess\Projects\Programming\aiformula\neurokin_mpc\runs\20260430_004732\last.pt
2026-04-30 00:49:02,395 INFO epoch=52 train_loss=0.0017674584 val_loss=0.0016435362 learning_rate=0.001 elapsed=86.98s best_epoch=50 best_val=0.0014934204 val_rollout_position_error_20=0.00098186 val_rollout_heading_error_20=0.00145189 early_stopping_counter=2 val_rmse_delta_x_body=0.000240579 val_rmse_delta_y_body=0.000416596 val_rmse_delta_theta=0.000541652 val_rmse_v_next=0.00962316 val_rmse_omega_next=0.0216661
2026-04-30 00:49:02,686 INFO [checkpoint] saved epoch checkpoint: E:\Mess\Projects\Programming\aiformula\neurokin_mpc\runs\20260430_004732\epoch_0053_val_0.00157452.pt
2026-04-30 00:49:02,691 INFO [checkpoint] updated last checkpoint: E:\Mess\Projects\Programming\aiformula\neurokin_mpc\runs\20260430_004732\last.pt
2026-04-30 00:49:02,696 INFO epoch=53 train_loss=0.0017301517 val_loss=0.0015745158 learning_rate=0.001 elapsed=87.28s best_epoch=50 best_val=0.0014934204 val_rollout_position_error_20=0.0015922 val_rollout_heading_error_20=0.00217607 early_stopping_counter=3 val_rmse_delta_x_body=0.000248315 val_rmse_delta_y_body=0.000418433 val_rmse_delta_theta=0.000526804 val_rmse_v_next=0.00993259 val_rmse_omega_next=0.0210722
2026-04-30 00:49:02,992 INFO [checkpoint] saved epoch checkpoint: E:\Mess\Projects\Programming\aiformula\neurokin_mpc\runs\20260430_004732\epoch_0054_val_0.00161102.pt
2026-04-30 00:49:02,997 INFO [checkpoint] updated last checkpoint: E:\Mess\Projects\Programming\aiformula\neurokin_mpc\runs\20260430_004732\last.pt
2026-04-30 00:49:03,002 INFO epoch=54 train_loss=0.0019181704 val_loss=0.0016110247 learning_rate=0.001 elapsed=87.59s best_epoch=50 best_val=0.0014934204 val_rollout_position_error_20=0.00649779 val_rollout_heading_error_20=0.00352819 early_stopping_counter=4 val_rmse_delta_x_body=0.000245957 val_rmse_delta_y_body=0.000418278 val_rmse_delta_theta=0.000534343 val_rmse_v_next=0.00983828 val_rmse_omega_next=0.0213737
2026-04-30 00:49:03,316 INFO [checkpoint] saved epoch checkpoint: E:\Mess\Projects\Programming\aiformula\neurokin_mpc\runs\20260430_004732\epoch_0055_val_0.00254608.pt
2026-04-30 00:49:03,320 INFO [checkpoint] updated last checkpoint: E:\Mess\Projects\Programming\aiformula\neurokin_mpc\runs\20260430_004732\last.pt
2026-04-30 00:49:03,326 INFO epoch=55 train_loss=0.0023820437 val_loss=0.0025460751 learning_rate=0.001 elapsed=87.91s best_epoch=50 best_val=0.0014934204 val_rollout_position_error_20=0.00043441 val_rollout_heading_error_20=0.00174799 early_stopping_counter=5 val_rmse_delta_x_body=0.000238112 val_rmse_delta_y_body=0.000420001 val_rmse_delta_theta=0.000693499 val_rmse_v_next=0.0095245 val_rmse_omega_next=0.02774
2026-04-30 00:49:03,612 INFO [checkpoint] saved epoch checkpoint: E:\Mess\Projects\Programming\aiformula\neurokin_mpc\runs\20260430_004732\epoch_0056_val_0.00152672.pt
2026-04-30 00:49:03,617 INFO [checkpoint] updated last checkpoint: E:\Mess\Projects\Programming\aiformula\neurokin_mpc\runs\20260430_004732\last.pt
2026-04-30 00:49:03,621 INFO epoch=56 train_loss=0.0018778222 val_loss=0.00152672 learning_rate=0.001 elapsed=88.21s best_epoch=50 best_val=0.0014934204 val_rollout_position_error_20=0.00561405 val_rollout_heading_error_20=0.00148968 early_stopping_counter=6 val_rmse_delta_x_body=0.000261124 val_rmse_delta_y_body=0.000446832 val_rmse_delta_theta=0.000511177 val_rmse_v_next=0.010445 val_rmse_omega_next=0.0204471
2026-04-30 00:49:03,910 INFO [checkpoint] saved epoch checkpoint: E:\Mess\Projects\Programming\aiformula\neurokin_mpc\runs\20260430_004732\epoch_0057_val_0.00158813.pt
2026-04-30 00:49:03,915 INFO [checkpoint] updated last checkpoint: E:\Mess\Projects\Programming\aiformula\neurokin_mpc\runs\20260430_004732\last.pt
2026-04-30 00:49:03,920 INFO epoch=57 train_loss=0.0025145696 val_loss=0.0015881292 learning_rate=0.001 elapsed=88.50s best_epoch=50 best_val=0.0014934204 val_rollout_position_error_20=0.00759399 val_rollout_heading_error_20=0.000823658 early_stopping_counter=7 val_rmse_delta_x_body=0.000232997 val_rmse_delta_y_body=0.000445556 val_rmse_delta_theta=0.000528095 val_rmse_v_next=0.00931989 val_rmse_omega_next=0.0211238
2026-04-30 00:49:04,211 INFO [checkpoint] saved epoch checkpoint: E:\Mess\Projects\Programming\aiformula\neurokin_mpc\runs\20260430_004732\epoch_0058_val_0.00194315.pt
2026-04-30 00:49:04,216 INFO [checkpoint] updated last checkpoint: E:\Mess\Projects\Programming\aiformula\neurokin_mpc\runs\20260430_004732\last.pt
2026-04-30 00:49:04,222 INFO epoch=58 train_loss=0.0025600552 val_loss=0.0019431462 learning_rate=0.001 elapsed=88.80s best_epoch=50 best_val=0.0014934204 val_rollout_position_error_20=0.00490645 val_rollout_heading_error_20=0.00489161 early_stopping_counter=8 val_rmse_delta_x_body=0.000242152 val_rmse_delta_y_body=0.000438407 val_rmse_delta_theta=0.000593551 val_rmse_v_next=0.00968609 val_rmse_omega_next=0.023742
2026-04-30 00:49:04,528 INFO [checkpoint] saved epoch checkpoint: E:\Mess\Projects\Programming\aiformula\neurokin_mpc\runs\20260430_004732\epoch_0059_val_0.00183664.pt
2026-04-30 00:49:04,532 INFO [checkpoint] updated last checkpoint: E:\Mess\Projects\Programming\aiformula\neurokin_mpc\runs\20260430_004732\last.pt
2026-04-30 00:49:04,537 INFO epoch=59 train_loss=0.0020834779 val_loss=0.0018366375 learning_rate=0.001 elapsed=89.12s best_epoch=50 best_val=0.0014934204 val_rollout_position_error_20=0.0120648 val_rollout_heading_error_20=0.0073673 early_stopping_counter=9 val_rmse_delta_x_body=0.00023846 val_rmse_delta_y_body=0.000434831 val_rmse_delta_theta=0.000575563 val_rmse_v_next=0.00953839 val_rmse_omega_next=0.0230225
2026-04-30 00:49:04,830 INFO [checkpoint] saved epoch checkpoint: E:\Mess\Projects\Programming\aiformula\neurokin_mpc\runs\20260430_004732\epoch_0060_val_0.00169920.pt
2026-04-30 00:49:04,834 INFO [checkpoint] updated last checkpoint: E:\Mess\Projects\Programming\aiformula\neurokin_mpc\runs\20260430_004732\last.pt
2026-04-30 00:49:07,191 INFO [visualization] saved epoch snapshot: E:\Mess\Projects\Programming\aiformula\neurokin_mpc\runs\20260430_004732\visualization\epochs\epoch_0060
2026-04-30 00:49:07,191 INFO epoch=60 train_loss=0.0018963857 val_loss=0.0016992042 learning_rate=0.001 elapsed=89.42s best_epoch=50 best_val=0.0014934204 val_rollout_position_error_20=0.00323973 val_rollout_heading_error_20=9.64389e-05 early_stopping_counter=10 val_rmse_delta_x_body=0.000265395 val_rmse_delta_y_body=0.000428515 val_rmse_delta_theta=0.000546897 val_rmse_v_next=0.0106158 val_rmse_omega_next=0.0218759
2026-04-30 00:49:07,496 INFO [checkpoint] saved epoch checkpoint: E:\Mess\Projects\Programming\aiformula\neurokin_mpc\runs\20260430_004732\epoch_0061_val_0.00165935.pt
2026-04-30 00:49:07,501 INFO [checkpoint] updated last checkpoint: E:\Mess\Projects\Programming\aiformula\neurokin_mpc\runs\20260430_004732\last.pt
2026-04-30 00:49:07,506 INFO epoch=61 train_loss=0.0017535887 val_loss=0.0016593453 learning_rate=0.0005 elapsed=92.09s best_epoch=50 best_val=0.0014934204 val_rollout_position_error_20=0.00447507 val_rollout_heading_error_20=0.00134517 early_stopping_counter=11 val_rmse_delta_x_body=0.000275699 val_rmse_delta_y_body=0.000431027 val_rmse_delta_theta=0.000537209 val_rmse_v_next=0.0110279 val_rmse_omega_next=0.0214884
2026-04-30 00:49:07,797 INFO [checkpoint] saved epoch checkpoint: E:\Mess\Projects\Programming\aiformula\neurokin_mpc\runs\20260430_004732\epoch_0062_val_0.00184745.pt
2026-04-30 00:49:07,802 INFO [checkpoint] updated last checkpoint: E:\Mess\Projects\Programming\aiformula\neurokin_mpc\runs\20260430_004732\last.pt
2026-04-30 00:49:07,808 INFO epoch=62 train_loss=0.0017011714 val_loss=0.0018474529 learning_rate=0.0005 elapsed=92.39s best_epoch=50 best_val=0.0014934204 val_rollout_position_error_20=0.00204478 val_rollout_heading_error_20=0.00117233 early_stopping_counter=12 val_rmse_delta_x_body=0.000277584 val_rmse_delta_y_body=0.000430396 val_rmse_delta_theta=0.000572228 val_rmse_v_next=0.0111033 val_rmse_omega_next=0.0228891
2026-04-30 00:49:08,115 INFO [checkpoint] saved epoch checkpoint: E:\Mess\Projects\Programming\aiformula\neurokin_mpc\runs\20260430_004732\epoch_0063_val_0.00180463.pt
2026-04-30 00:49:08,120 INFO [checkpoint] updated last checkpoint: E:\Mess\Projects\Programming\aiformula\neurokin_mpc\runs\20260430_004732\last.pt
2026-04-30 00:49:08,125 INFO epoch=63 train_loss=0.0016634979 val_loss=0.0018046332 learning_rate=0.0005 elapsed=92.71s best_epoch=50 best_val=0.0014934204 val_rollout_position_error_20=0.000901665 val_rollout_heading_error_20=0.00141185 early_stopping_counter=13 val_rmse_delta_x_body=0.00027155 val_rmse_delta_y_body=0.000436861 val_rmse_delta_theta=0.000564542 val_rmse_v_next=0.010862 val_rmse_omega_next=0.0225817
2026-04-30 00:49:08,419 INFO [checkpoint] saved epoch checkpoint: E:\Mess\Projects\Programming\aiformula\neurokin_mpc\runs\20260430_004732\epoch_0064_val_0.00182445.pt
2026-04-30 00:49:08,423 INFO [checkpoint] updated last checkpoint: E:\Mess\Projects\Programming\aiformula\neurokin_mpc\runs\20260430_004732\last.pt
2026-04-30 00:49:08,428 INFO epoch=64 train_loss=0.0016321344 val_loss=0.0018244543 learning_rate=0.0005 elapsed=93.01s best_epoch=50 best_val=0.0014934204 val_rollout_position_error_20=0.000712861 val_rollout_heading_error_20=0.00130302 early_stopping_counter=14 val_rmse_delta_x_body=0.000275669 val_rmse_delta_y_body=0.000434845 val_rmse_delta_theta=0.000567778 val_rmse_v_next=0.0110268 val_rmse_omega_next=0.0227111
2026-04-30 00:49:08,721 INFO [checkpoint] saved epoch checkpoint: E:\Mess\Projects\Programming\aiformula\neurokin_mpc\runs\20260430_004732\epoch_0065_val_0.00190239.pt
2026-04-30 00:49:08,726 INFO [checkpoint] updated last checkpoint: E:\Mess\Projects\Programming\aiformula\neurokin_mpc\runs\20260430_004732\last.pt
2026-04-30 00:49:08,731 INFO epoch=65 train_loss=0.0016055442 val_loss=0.0019023917 learning_rate=0.0005 elapsed=93.31s best_epoch=50 best_val=0.0014934204 val_rollout_position_error_20=0.000422207 val_rollout_heading_error_20=0.0015141 early_stopping_counter=15 val_rmse_delta_x_body=0.000276799 val_rmse_delta_y_body=0.000436269 val_rmse_delta_theta=0.000581515 val_rmse_v_next=0.011072 val_rmse_omega_next=0.0232606
2026-04-30 00:49:09,026 INFO [checkpoint] saved epoch checkpoint: E:\Mess\Projects\Programming\aiformula\neurokin_mpc\runs\20260430_004732\epoch_0066_val_0.00198741.pt
2026-04-30 00:49:09,030 INFO [checkpoint] updated last checkpoint: E:\Mess\Projects\Programming\aiformula\neurokin_mpc\runs\20260430_004732\last.pt
2026-04-30 00:49:09,035 INFO epoch=66 train_loss=0.00158246 val_loss=0.0019874122 learning_rate=0.0005 elapsed=93.62s best_epoch=50 best_val=0.0014934204 val_rollout_position_error_20=0.00055711 val_rollout_heading_error_20=0.00123201 early_stopping_counter=16 val_rmse_delta_x_body=0.000279989 val_rmse_delta_y_body=0.000441219 val_rmse_delta_theta=0.000595414 val_rmse_v_next=0.0111996 val_rmse_omega_next=0.0238166
2026-04-30 00:49:09,339 INFO [checkpoint] saved epoch checkpoint: E:\Mess\Projects\Programming\aiformula\neurokin_mpc\runs\20260430_004732\epoch_0067_val_0.00204217.pt
2026-04-30 00:49:09,344 INFO [checkpoint] updated last checkpoint: E:\Mess\Projects\Programming\aiformula\neurokin_mpc\runs\20260430_004732\last.pt
2026-04-30 00:49:09,350 INFO epoch=67 train_loss=0.0015638709 val_loss=0.0020421657 learning_rate=0.0005 elapsed=93.93s best_epoch=50 best_val=0.0014934204 val_rollout_position_error_20=0.000255013 val_rollout_heading_error_20=0.00144515 early_stopping_counter=17 val_rmse_delta_x_body=0.000280545 val_rmse_delta_y_body=0.000439756 val_rmse_delta_theta=0.00060499 val_rmse_v_next=0.0112218 val_rmse_omega_next=0.0241996
2026-04-30 00:49:09,644 INFO [checkpoint] saved epoch checkpoint: E:\Mess\Projects\Programming\aiformula\neurokin_mpc\runs\20260430_004732\epoch_0068_val_0.00198955.pt
2026-04-30 00:49:09,649 INFO [checkpoint] updated last checkpoint: E:\Mess\Projects\Programming\aiformula\neurokin_mpc\runs\20260430_004732\last.pt
2026-04-30 00:49:09,655 INFO epoch=68 train_loss=0.001549642 val_loss=0.0019895474 learning_rate=0.0005 elapsed=94.24s best_epoch=50 best_val=0.0014934204 val_rollout_position_error_20=0.000343287 val_rollout_heading_error_20=0.00164208 early_stopping_counter=18 val_rmse_delta_x_body=0.000277138 val_rmse_delta_y_body=0.000438703 val_rmse_delta_theta=0.000596541 val_rmse_v_next=0.0110855 val_rmse_omega_next=0.0238616
2026-04-30 00:49:09,944 INFO [checkpoint] saved epoch checkpoint: E:\Mess\Projects\Programming\aiformula\neurokin_mpc\runs\20260430_004732\epoch_0069_val_0.00213067.pt
2026-04-30 00:49:09,948 INFO [checkpoint] updated last checkpoint: E:\Mess\Projects\Programming\aiformula\neurokin_mpc\runs\20260430_004732\last.pt
2026-04-30 00:49:09,955 INFO epoch=69 train_loss=0.0015340914 val_loss=0.0021306706 learning_rate=0.0005 elapsed=94.54s best_epoch=50 best_val=0.0014934204 val_rollout_position_error_20=0.00052349 val_rollout_heading_error_20=0.00187935 early_stopping_counter=19 val_rmse_delta_x_body=0.000281285 val_rmse_delta_y_body=0.000439691 val_rmse_delta_theta=0.000619907 val_rmse_v_next=0.0112514 val_rmse_omega_next=0.0247963
2026-04-30 00:49:10,245 INFO [checkpoint] saved epoch checkpoint: E:\Mess\Projects\Programming\aiformula\neurokin_mpc\runs\20260430_004732\epoch_0070_val_0.00225216.pt
2026-04-30 00:49:10,250 INFO [checkpoint] updated last checkpoint: E:\Mess\Projects\Programming\aiformula\neurokin_mpc\runs\20260430_004732\last.pt
2026-04-30 00:49:12,605 INFO [visualization] saved epoch snapshot: E:\Mess\Projects\Programming\aiformula\neurokin_mpc\runs\20260430_004732\visualization\epochs\epoch_0070
2026-04-30 00:49:12,605 INFO epoch=70 train_loss=0.0015205171 val_loss=0.0022521593 learning_rate=0.0005 elapsed=94.84s best_epoch=50 best_val=0.0014934204 val_rollout_position_error_20=0.000888855 val_rollout_heading_error_20=0.00184382 early_stopping_counter=20 val_rmse_delta_x_body=0.000283753 val_rmse_delta_y_body=0.000443097 val_rmse_delta_theta=0.000639198 val_rmse_v_next=0.0113501 val_rmse_omega_next=0.0255679
2026-04-30 00:49:12,904 INFO [checkpoint] saved epoch checkpoint: E:\Mess\Projects\Programming\aiformula\neurokin_mpc\runs\20260430_004732\epoch_0071_val_0.00231029.pt
2026-04-30 00:49:12,909 INFO [checkpoint] updated last checkpoint: E:\Mess\Projects\Programming\aiformula\neurokin_mpc\runs\20260430_004732\last.pt
2026-04-30 00:49:12,915 INFO epoch=71 train_loss=0.0015091726 val_loss=0.0023102917 learning_rate=0.0005 elapsed=97.50s best_epoch=50 best_val=0.0014934204 val_rollout_position_error_20=0.000839246 val_rollout_heading_error_20=0.00162597 early_stopping_counter=21 val_rmse_delta_x_body=0.000287964 val_rmse_delta_y_body=0.000443506 val_rmse_delta_theta=0.000647919 val_rmse_v_next=0.0115186 val_rmse_omega_next=0.0259167
2026-04-30 00:49:13,204 INFO [checkpoint] saved epoch checkpoint: E:\Mess\Projects\Programming\aiformula\neurokin_mpc\runs\20260430_004732\epoch_0072_val_0.00226693.pt
2026-04-30 00:49:13,208 INFO [checkpoint] updated last checkpoint: E:\Mess\Projects\Programming\aiformula\neurokin_mpc\runs\20260430_004732\last.pt
2026-04-30 00:49:13,214 INFO epoch=72 train_loss=0.0014974912 val_loss=0.002266932 learning_rate=0.00025 elapsed=97.80s best_epoch=50 best_val=0.0014934204 val_rollout_position_error_20=0.000460748 val_rollout_heading_error_20=0.00149584 early_stopping_counter=22 val_rmse_delta_x_body=0.00028639 val_rmse_delta_y_body=0.000443319 val_rmse_delta_theta=0.000641181 val_rmse_v_next=0.0114556 val_rmse_omega_next=0.0256472
2026-04-30 00:49:13,498 INFO [checkpoint] saved epoch checkpoint: E:\Mess\Projects\Programming\aiformula\neurokin_mpc\runs\20260430_004732\epoch_0073_val_0.00241331.pt
2026-04-30 00:49:13,503 INFO [checkpoint] updated last checkpoint: E:\Mess\Projects\Programming\aiformula\neurokin_mpc\runs\20260430_004732\last.pt
2026-04-30 00:49:13,509 INFO epoch=73 train_loss=0.0014899658 val_loss=0.0024133081 learning_rate=0.00025 elapsed=98.09s best_epoch=50 best_val=0.0014934204 val_rollout_position_error_20=0.000794628 val_rollout_heading_error_20=0.00175619 early_stopping_counter=23 val_rmse_delta_x_body=0.00029133 val_rmse_delta_y_body=0.000443901 val_rmse_delta_theta=0.000663708 val_rmse_v_next=0.0116532 val_rmse_omega_next=0.0265483
2026-04-30 00:49:13,789 INFO [checkpoint] saved epoch checkpoint: E:\Mess\Projects\Programming\aiformula\neurokin_mpc\runs\20260430_004732\epoch_0074_val_0.00253820.pt
2026-04-30 00:49:13,794 INFO [checkpoint] updated last checkpoint: E:\Mess\Projects\Programming\aiformula\neurokin_mpc\runs\20260430_004732\last.pt
2026-04-30 00:49:13,800 INFO epoch=74 train_loss=0.001483401 val_loss=0.0025381971 learning_rate=0.00025 elapsed=98.38s best_epoch=50 best_val=0.0014934204 val_rollout_position_error_20=0.000818558 val_rollout_heading_error_20=0.00163032 early_stopping_counter=24 val_rmse_delta_x_body=0.000292302 val_rmse_delta_y_body=0.000443096 val_rmse_delta_theta=0.000682937 val_rmse_v_next=0.0116921 val_rmse_omega_next=0.0273175
2026-04-30 00:49:14,107 INFO [checkpoint] saved epoch checkpoint: E:\Mess\Projects\Programming\aiformula\neurokin_mpc\runs\20260430_004732\epoch_0075_val_0.00256104.pt
2026-04-30 00:49:14,113 INFO [checkpoint] updated last checkpoint: E:\Mess\Projects\Programming\aiformula\neurokin_mpc\runs\20260430_004732\last.pt
2026-04-30 00:49:14,118 INFO epoch=75 train_loss=0.0014764526 val_loss=0.0025610394 learning_rate=0.00025 elapsed=98.70s best_epoch=50 best_val=0.0014934204 val_rollout_position_error_20=0.00100534 val_rollout_heading_error_20=0.00149117 early_stopping_counter=25 val_rmse_delta_x_body=0.000293789 val_rmse_delta_y_body=0.00044347 val_rmse_delta_theta=0.000686154 val_rmse_v_next=0.0117516 val_rmse_omega_next=0.0274462
2026-04-30 00:49:14,424 INFO [checkpoint] saved epoch checkpoint: E:\Mess\Projects\Programming\aiformula\neurokin_mpc\runs\20260430_004732\epoch_0076_val_0.00259713.pt
2026-04-30 00:49:14,428 INFO [checkpoint] updated last checkpoint: E:\Mess\Projects\Programming\aiformula\neurokin_mpc\runs\20260430_004732\last.pt
2026-04-30 00:49:14,434 INFO epoch=76 train_loss=0.0014706199 val_loss=0.0025971261 learning_rate=0.00025 elapsed=99.02s best_epoch=50 best_val=0.0014934204 val_rollout_position_error_20=0.00106069 val_rollout_heading_error_20=0.00169011 early_stopping_counter=26 val_rmse_delta_x_body=0.000294424 val_rmse_delta_y_body=0.000443038 val_rmse_delta_theta=0.000691556 val_rmse_v_next=0.0117769 val_rmse_omega_next=0.0276622
2026-04-30 00:49:14,729 INFO [checkpoint] saved epoch checkpoint: E:\Mess\Projects\Programming\aiformula\neurokin_mpc\runs\20260430_004732\epoch_0077_val_0.00265592.pt
2026-04-30 00:49:14,733 INFO [checkpoint] updated last checkpoint: E:\Mess\Projects\Programming\aiformula\neurokin_mpc\runs\20260430_004732\last.pt
2026-04-30 00:49:14,739 INFO epoch=77 train_loss=0.0014652649 val_loss=0.0026559164 learning_rate=0.00025 elapsed=99.32s best_epoch=50 best_val=0.0014934204 val_rollout_position_error_20=0.00132809 val_rollout_heading_error_20=0.00208892 early_stopping_counter=27 val_rmse_delta_x_body=0.000292952 val_rmse_delta_y_body=0.000444931 val_rmse_delta_theta=0.000700341 val_rmse_v_next=0.0117181 val_rmse_omega_next=0.0280137
2026-04-30 00:49:15,024 INFO [checkpoint] saved epoch checkpoint: E:\Mess\Projects\Programming\aiformula\neurokin_mpc\runs\20260430_004732\epoch_0078_val_0.00271226.pt
2026-04-30 00:49:15,029 INFO [checkpoint] updated last checkpoint: E:\Mess\Projects\Programming\aiformula\neurokin_mpc\runs\20260430_004732\last.pt
2026-04-30 00:49:15,034 INFO epoch=78 train_loss=0.0014593143 val_loss=0.002712265 learning_rate=0.00025 elapsed=99.62s best_epoch=50 best_val=0.0014934204 val_rollout_position_error_20=0.0013418 val_rollout_heading_error_20=0.00188362 early_stopping_counter=28 val_rmse_delta_x_body=0.00029478 val_rmse_delta_y_body=0.00044633 val_rmse_delta_theta=0.000708256 val_rmse_v_next=0.0117912 val_rmse_omega_next=0.0283302
2026-04-30 00:49:15,347 INFO [checkpoint] saved epoch checkpoint: E:\Mess\Projects\Programming\aiformula\neurokin_mpc\runs\20260430_004732\epoch_0079_val_0.00271737.pt
2026-04-30 00:49:15,353 INFO [checkpoint] updated last checkpoint: E:\Mess\Projects\Programming\aiformula\neurokin_mpc\runs\20260430_004732\last.pt
2026-04-30 00:49:15,358 INFO epoch=79 train_loss=0.0014537403 val_loss=0.0027173686 learning_rate=0.00025 elapsed=99.94s best_epoch=50 best_val=0.0014934204 val_rollout_position_error_20=0.00126352 val_rollout_heading_error_20=0.00174845 early_stopping_counter=29 val_rmse_delta_x_body=0.000293569 val_rmse_delta_y_body=0.000447159 val_rmse_delta_theta=0.000709085 val_rmse_v_next=0.0117428 val_rmse_omega_next=0.0283634
2026-04-30 00:49:15,663 INFO [checkpoint] saved epoch checkpoint: E:\Mess\Projects\Programming\aiformula\neurokin_mpc\runs\20260430_004732\epoch_0080_val_0.00275201.pt
2026-04-30 00:49:15,669 INFO [checkpoint] updated last checkpoint: E:\Mess\Projects\Programming\aiformula\neurokin_mpc\runs\20260430_004732\last.pt
2026-04-30 00:49:18,054 INFO [visualization] saved epoch snapshot: E:\Mess\Projects\Programming\aiformula\neurokin_mpc\runs\20260430_004732\visualization\epochs\epoch_0080
2026-04-30 00:49:18,055 INFO epoch=80 train_loss=0.001448946 val_loss=0.0027520135 learning_rate=0.00025 elapsed=100.26s best_epoch=50 best_val=0.0014934204 val_rollout_position_error_20=0.00141875 val_rollout_heading_error_20=0.00192393 early_stopping_counter=30 val_rmse_delta_x_body=0.000295622 val_rmse_delta_y_body=0.000447599 val_rmse_delta_theta=0.000713818 val_rmse_v_next=0.0118249 val_rmse_omega_next=0.0285527
2026-04-30 00:49:18,055 INFO Early stopping at epoch 80: best_epoch=50 best_val_loss=0.0014934204 patience=30 min_delta=1e-06
2026-04-30 00:49:20,564 INFO Detected device: cpu
2026-04-30 00:49:20,564 INFO Training finished: stopped_epoch=80 best_epoch=50 best_val_loss=0.0014934204 early_stopping=True
2026-04-30 00:49:20,580 INFO One-step test MSE: 0.00013154026
2026-04-30 00:49:20,595 INFO Wrote prediction preview: E:\Mess\Projects\Programming\aiformula\neurokin_mpc\debug\test_predictions_preview.csv
2026-04-30 00:49:21,473 INFO Rollout metrics written.
2026-04-30 00:49:22,045 INFO Wrote training and rollout plots.
2026-04-30 00:49:22,046 INFO Model summary:
ConstrainedVelocityGRUForwardModel
model_type: constrained_velocity_gru
target_source_mode: auto
selected_target_source_mode: velocity_integrated
output_mode: velocity_rate
features (12): cmd_v, cmd_omega, odom_vx, odom_vy, odom_omega_z, imu_acc_x, imu_acc_y, imu_gyro_z, vn_body_vx, vn_body_vy, rear_yaw, rear_yaw_rate
public_targets (5): delta_x_body, delta_y_body, delta_theta, v_next, omega_next
hidden_size: 64
num_layers: 2
dropout: 0.05
mlp_hidden_sizes: [128, 64]
use_residual_baseline: True
derive_deltas_from_velocity: True
use_trapezoidal_integration: True
dt: 0.04999999999999716
trainable_parameters: 56707
total_parameters: 56707

2026-04-30 00:49:22,046 INFO Evaluation complete. Test MSE: 0.00013154026
2026-04-30 00:49:22,056 INFO [checkpoint] copied finished run checkpoint to root weights: E:\Mess\Projects\Programming\aiformula\neurokin_mpc\weights\epoch0050_20260430_004732.pt
2026-04-30 00:49:22,056 INFO Checkpoint saved: E:\Mess\Projects\Programming\aiformula\neurokin_mpc\runs\20260430_004732\neurokin_forward_model.pt
2026-04-30 00:49:22,056 INFO Best checkpoint saved: E:\Mess\Projects\Programming\aiformula\neurokin_mpc\runs\20260430_004732\best.pt
