[0.395s] DEBUG:colcon:Command line arguments: ['/usr/bin/colcon', 'build']
[0.395s] DEBUG:colcon:Parsed command line arguments: Namespace(allow_overriding=[], ament_cmake_args=None, base_paths=['.'], build_base='build', catkin_cmake_args=None, catkin_skip_building_tests=False, cmake_args=None, cmake_clean_cache=False, cmake_clean_first=False, cmake_force_configure=False, cmake_target=None, cmake_target_skip_unavailable=False, continue_on_error=False, event_handlers=None, executor='parallel', ignore_user_meta=False, install_base='install', log_base=None, log_level=None, main=<bound method BuildVerb.main of <colcon_core.verb.build.BuildVerb object at 0xffffaf9dae50>>, merge_install=False, metas=['./colcon.meta'], mixin=None, mixin_files=None, mixin_verb=('build',), packages_above=None, packages_above_and_dependencies=None, packages_above_depth=None, packages_end=None, packages_ignore=None, packages_ignore_regex=None, packages_select=None, packages_select_build_failed=False, packages_select_by_dep=None, packages_select_regex=None, packages_select_test_failures=False, packages_skip=None, packages_skip_build_finished=False, packages_skip_by_dep=None, packages_skip_regex=None, packages_skip_test_passed=False, packages_skip_up_to=None, packages_start=None, packages_up_to=None, packages_up_to_regex=None, parallel_workers=12, paths=None, symlink_install=False, test_result_base=None, verb_extension=<colcon_core.verb.build.BuildVerb object at 0xffffaf9dae50>, verb_name='build', verb_parser=<colcon_mixin.mixin.mixin_argument.MixinArgumentDecorator object at 0xffffaf96b5e0>)
[0.687s] Level 1:colcon.colcon_core.package_discovery:discover_packages(colcon_meta) check parameters
[0.687s] Level 1:colcon.colcon_core.package_discovery:discover_packages(recursive) check parameters
[0.688s] Level 1:colcon.colcon_core.package_discovery:discover_packages(ignore) check parameters
[0.688s] Level 1:colcon.colcon_core.package_discovery:discover_packages(path) check parameters
[0.688s] Level 1:colcon.colcon_core.package_discovery:discover_packages(colcon_meta) discover
[0.688s] Level 1:colcon.colcon_core.package_discovery:discover_packages(recursive) discover
[0.688s] INFO:colcon.colcon_core.package_discovery:Crawling recursively for packages in '/home/nvidia/pid_ws'
[0.689s] Level 1:colcon.colcon_core.package_identification:_identify(.) by extensions ['ignore', 'ignore_ament_install']
[0.689s] Level 1:colcon.colcon_core.package_identification:_identify(.) by extension 'ignore'
[0.689s] Level 1:colcon.colcon_core.package_identification:_identify(.) by extension 'ignore_ament_install'
[0.689s] Level 1:colcon.colcon_core.package_identification:_identify(.) by extensions ['colcon_pkg']
[0.689s] Level 1:colcon.colcon_core.package_identification:_identify(.) by extension 'colcon_pkg'
[0.689s] Level 1:colcon.colcon_core.package_identification:_identify(.) by extensions ['colcon_meta']
[0.689s] Level 1:colcon.colcon_core.package_identification:_identify(.) by extension 'colcon_meta'
[0.690s] Level 1:colcon.colcon_core.package_identification:_identify(.) by extensions ['ros']
[0.690s] Level 1:colcon.colcon_core.package_identification:_identify(.) by extension 'ros'
[0.708s] Level 1:colcon.colcon_core.package_identification:_identify(.) by extensions ['cmake', 'python']
[0.709s] Level 1:colcon.colcon_core.package_identification:_identify(.) by extension 'cmake'
[0.709s] Level 1:colcon.colcon_core.package_identification:_identify(.) by extension 'python'
[0.709s] Level 1:colcon.colcon_core.package_identification:_identify(.) by extensions ['python_setup_py']
[0.709s] Level 1:colcon.colcon_core.package_identification:_identify(.) by extension 'python_setup_py'
[0.709s] Level 1:colcon.colcon_core.package_identification:_identify(build) by extensions ['ignore', 'ignore_ament_install']
[0.709s] Level 1:colcon.colcon_core.package_identification:_identify(build) by extension 'ignore'
[0.709s] Level 1:colcon.colcon_core.package_identification:_identify(build) ignored
[0.710s] Level 1:colcon.colcon_core.package_identification:_identify(install) by extensions ['ignore', 'ignore_ament_install']
[0.710s] Level 1:colcon.colcon_core.package_identification:_identify(install) by extension 'ignore'
[0.710s] Level 1:colcon.colcon_core.package_identification:_identify(install) ignored
[0.710s] Level 1:colcon.colcon_core.package_identification:_identify(lane_analysis_data) by extensions ['ignore', 'ignore_ament_install']
[0.710s] Level 1:colcon.colcon_core.package_identification:_identify(lane_analysis_data) by extension 'ignore'
[0.710s] Level 1:colcon.colcon_core.package_identification:_identify(lane_analysis_data) by extension 'ignore_ament_install'
[0.710s] Level 1:colcon.colcon_core.package_identification:_identify(lane_analysis_data) by extensions ['colcon_pkg']
[0.711s] Level 1:colcon.colcon_core.package_identification:_identify(lane_analysis_data) by extension 'colcon_pkg'
[0.711s] Level 1:colcon.colcon_core.package_identification:_identify(lane_analysis_data) by extensions ['colcon_meta']
[0.711s] Level 1:colcon.colcon_core.package_identification:_identify(lane_analysis_data) by extension 'colcon_meta'
[0.711s] Level 1:colcon.colcon_core.package_identification:_identify(lane_analysis_data) by extensions ['ros']
[0.711s] Level 1:colcon.colcon_core.package_identification:_identify(lane_analysis_data) by extension 'ros'
[0.711s] Level 1:colcon.colcon_core.package_identification:_identify(lane_analysis_data) by extensions ['cmake', 'python']
[0.711s] Level 1:colcon.colcon_core.package_identification:_identify(lane_analysis_data) by extension 'cmake'
[0.711s] Level 1:colcon.colcon_core.package_identification:_identify(lane_analysis_data) by extension 'python'
[0.711s] Level 1:colcon.colcon_core.package_identification:_identify(lane_analysis_data) by extensions ['python_setup_py']
[0.711s] Level 1:colcon.colcon_core.package_identification:_identify(lane_analysis_data) by extension 'python_setup_py'
[0.711s] Level 1:colcon.colcon_core.package_identification:_identify(lane_analysis_data/before 0626) by extensions ['ignore', 'ignore_ament_install']
[0.711s] Level 1:colcon.colcon_core.package_identification:_identify(lane_analysis_data/before 0626) by extension 'ignore'
[0.711s] Level 1:colcon.colcon_core.package_identification:_identify(lane_analysis_data/before 0626) by extension 'ignore_ament_install'
[0.712s] Level 1:colcon.colcon_core.package_identification:_identify(lane_analysis_data/before 0626) by extensions ['colcon_pkg']
[0.712s] Level 1:colcon.colcon_core.package_identification:_identify(lane_analysis_data/before 0626) by extension 'colcon_pkg'
[0.712s] Level 1:colcon.colcon_core.package_identification:_identify(lane_analysis_data/before 0626) by extensions ['colcon_meta']
[0.712s] Level 1:colcon.colcon_core.package_identification:_identify(lane_analysis_data/before 0626) by extension 'colcon_meta'
[0.712s] Level 1:colcon.colcon_core.package_identification:_identify(lane_analysis_data/before 0626) by extensions ['ros']
[0.712s] Level 1:colcon.colcon_core.package_identification:_identify(lane_analysis_data/before 0626) by extension 'ros'
[0.712s] Level 1:colcon.colcon_core.package_identification:_identify(lane_analysis_data/before 0626) by extensions ['cmake', 'python']
[0.712s] Level 1:colcon.colcon_core.package_identification:_identify(lane_analysis_data/before 0626) by extension 'cmake'
[0.712s] Level 1:colcon.colcon_core.package_identification:_identify(lane_analysis_data/before 0626) by extension 'python'
[0.712s] Level 1:colcon.colcon_core.package_identification:_identify(lane_analysis_data/before 0626) by extensions ['python_setup_py']
[0.712s] Level 1:colcon.colcon_core.package_identification:_identify(lane_analysis_data/before 0626) by extension 'python_setup_py'
[0.713s] Level 1:colcon.colcon_core.package_identification:_identify(log) by extensions ['ignore', 'ignore_ament_install']
[0.713s] Level 1:colcon.colcon_core.package_identification:_identify(log) by extension 'ignore'
[0.713s] Level 1:colcon.colcon_core.package_identification:_identify(log) ignored
[0.713s] Level 1:colcon.colcon_core.package_identification:_identify(src) by extensions ['ignore', 'ignore_ament_install']
[0.713s] Level 1:colcon.colcon_core.package_identification:_identify(src) by extension 'ignore'
[0.713s] Level 1:colcon.colcon_core.package_identification:_identify(src) by extension 'ignore_ament_install'
[0.713s] Level 1:colcon.colcon_core.package_identification:_identify(src) by extensions ['colcon_pkg']
[0.713s] Level 1:colcon.colcon_core.package_identification:_identify(src) by extension 'colcon_pkg'
[0.713s] Level 1:colcon.colcon_core.package_identification:_identify(src) by extensions ['colcon_meta']
[0.713s] Level 1:colcon.colcon_core.package_identification:_identify(src) by extension 'colcon_meta'
[0.713s] Level 1:colcon.colcon_core.package_identification:_identify(src) by extensions ['ros']
[0.714s] Level 1:colcon.colcon_core.package_identification:_identify(src) by extension 'ros'
[0.714s] Level 1:colcon.colcon_core.package_identification:_identify(src) by extensions ['cmake', 'python']
[0.714s] Level 1:colcon.colcon_core.package_identification:_identify(src) by extension 'cmake'
[0.714s] Level 1:colcon.colcon_core.package_identification:_identify(src) by extension 'python'
[0.714s] Level 1:colcon.colcon_core.package_identification:_identify(src) by extensions ['python_setup_py']
[0.714s] Level 1:colcon.colcon_core.package_identification:_identify(src) by extension 'python_setup_py'
[0.714s] Level 1:colcon.colcon_core.package_identification:_identify(src/gnss_follower) by extensions ['ignore', 'ignore_ament_install']
[0.714s] Level 1:colcon.colcon_core.package_identification:_identify(src/gnss_follower) by extension 'ignore'
[0.714s] Level 1:colcon.colcon_core.package_identification:_identify(src/gnss_follower) by extension 'ignore_ament_install'
[0.714s] Level 1:colcon.colcon_core.package_identification:_identify(src/gnss_follower) by extensions ['colcon_pkg']
[0.714s] Level 1:colcon.colcon_core.package_identification:_identify(src/gnss_follower) by extension 'colcon_pkg'
[0.714s] Level 1:colcon.colcon_core.package_identification:_identify(src/gnss_follower) by extensions ['colcon_meta']
[0.714s] Level 1:colcon.colcon_core.package_identification:_identify(src/gnss_follower) by extension 'colcon_meta'
[0.715s] Level 1:colcon.colcon_core.package_identification:_identify(src/gnss_follower) by extensions ['ros']
[0.715s] Level 1:colcon.colcon_core.package_identification:_identify(src/gnss_follower) by extension 'ros'
[0.719s] DEBUG:colcon.colcon_core.package_identification:Package 'src/gnss_follower' with type 'ros.ament_python' and name 'gnss_follower'
[0.719s] Level 1:colcon.colcon_core.package_identification:_identify(src/lane_analysis_data) by extensions ['ignore', 'ignore_ament_install']
[0.720s] Level 1:colcon.colcon_core.package_identification:_identify(src/lane_analysis_data) by extension 'ignore'
[0.720s] Level 1:colcon.colcon_core.package_identification:_identify(src/lane_analysis_data) by extension 'ignore_ament_install'
[0.720s] Level 1:colcon.colcon_core.package_identification:_identify(src/lane_analysis_data) by extensions ['colcon_pkg']
[0.720s] Level 1:colcon.colcon_core.package_identification:_identify(src/lane_analysis_data) by extension 'colcon_pkg'
[0.720s] Level 1:colcon.colcon_core.package_identification:_identify(src/lane_analysis_data) by extensions ['colcon_meta']
[0.720s] Level 1:colcon.colcon_core.package_identification:_identify(src/lane_analysis_data) by extension 'colcon_meta'
[0.720s] Level 1:colcon.colcon_core.package_identification:_identify(src/lane_analysis_data) by extensions ['ros']
[0.720s] Level 1:colcon.colcon_core.package_identification:_identify(src/lane_analysis_data) by extension 'ros'
[0.720s] Level 1:colcon.colcon_core.package_identification:_identify(src/lane_analysis_data) by extensions ['cmake', 'python']
[0.720s] Level 1:colcon.colcon_core.package_identification:_identify(src/lane_analysis_data) by extension 'cmake'
[0.721s] Level 1:colcon.colcon_core.package_identification:_identify(src/lane_analysis_data) by extension 'python'
[0.721s] Level 1:colcon.colcon_core.package_identification:_identify(src/lane_analysis_data) by extensions ['python_setup_py']
[0.721s] Level 1:colcon.colcon_core.package_identification:_identify(src/lane_analysis_data) by extension 'python_setup_py'
[0.721s] Level 1:colcon.colcon_core.package_identification:_identify(src/pid_controller) by extensions ['ignore', 'ignore_ament_install']
[0.721s] Level 1:colcon.colcon_core.package_identification:_identify(src/pid_controller) by extension 'ignore'
[0.721s] Level 1:colcon.colcon_core.package_identification:_identify(src/pid_controller) by extension 'ignore_ament_install'
[0.721s] Level 1:colcon.colcon_core.package_identification:_identify(src/pid_controller) by extensions ['colcon_pkg']
[0.721s] Level 1:colcon.colcon_core.package_identification:_identify(src/pid_controller) by extension 'colcon_pkg'
[0.721s] Level 1:colcon.colcon_core.package_identification:_identify(src/pid_controller) by extensions ['colcon_meta']
[0.721s] Level 1:colcon.colcon_core.package_identification:_identify(src/pid_controller) by extension 'colcon_meta'
[0.721s] Level 1:colcon.colcon_core.package_identification:_identify(src/pid_controller) by extensions ['ros']
[0.721s] Level 1:colcon.colcon_core.package_identification:_identify(src/pid_controller) by extension 'ros'
[0.723s] DEBUG:colcon.colcon_core.package_identification:Package 'src/pid_controller' with type 'ros.ament_cmake' and name 'pid_controller'
[0.723s] Level 1:colcon.colcon_core.package_identification:_identify(src/trajectory_follower) by extensions ['ignore', 'ignore_ament_install']
[0.723s] Level 1:colcon.colcon_core.package_identification:_identify(src/trajectory_follower) by extension 'ignore'
[0.723s] Level 1:colcon.colcon_core.package_identification:_identify(src/trajectory_follower) by extension 'ignore_ament_install'
[0.723s] Level 1:colcon.colcon_core.package_identification:_identify(src/trajectory_follower) by extensions ['colcon_pkg']
[0.723s] Level 1:colcon.colcon_core.package_identification:_identify(src/trajectory_follower) by extension 'colcon_pkg'
[0.723s] Level 1:colcon.colcon_core.package_identification:_identify(src/trajectory_follower) by extensions ['colcon_meta']
[0.723s] Level 1:colcon.colcon_core.package_identification:_identify(src/trajectory_follower) by extension 'colcon_meta'
[0.723s] Level 1:colcon.colcon_core.package_identification:_identify(src/trajectory_follower) by extensions ['ros']
[0.723s] Level 1:colcon.colcon_core.package_identification:_identify(src/trajectory_follower) by extension 'ros'
[0.725s] DEBUG:colcon.colcon_core.package_identification:Package 'src/trajectory_follower' with type 'ros.ament_python' and name 'trajectory_follower'
[0.725s] Level 1:colcon.colcon_core.package_discovery:discover_packages(recursive) using defaults
[0.725s] Level 1:colcon.colcon_core.package_discovery:discover_packages(ignore) discover
[0.726s] Level 1:colcon.colcon_core.package_discovery:discover_packages(ignore) using defaults
[0.726s] Level 1:colcon.colcon_core.package_discovery:discover_packages(path) discover
[0.726s] Level 1:colcon.colcon_core.package_discovery:discover_packages(path) using defaults
[0.756s] Level 1:colcon.colcon_core.package_discovery:discover_packages(prefix_path) check parameters
[0.757s] Level 1:colcon.colcon_core.package_discovery:discover_packages(prefix_path) discover
[0.762s] DEBUG:colcon.colcon_installed_package_information.package_discovery:Found 3 installed packages in /home/nvidia/pid_ws/install
[0.764s] DEBUG:colcon.colcon_installed_package_information.package_discovery:Found 26 installed packages in /home/nvidia/workspace/ros2_ws/install
[0.766s] DEBUG:colcon.colcon_installed_package_information.package_discovery:Found 347 installed packages in /opt/ros/foxy
[0.793s] Level 1:colcon.colcon_core.package_discovery:discover_packages(prefix_path) using defaults
[0.912s] Level 5:colcon.colcon_core.verb:set package 'gnss_follower' build argument 'cmake_args' from command line to 'None'
[0.912s] Level 5:colcon.colcon_core.verb:set package 'gnss_follower' build argument 'cmake_target' from command line to 'None'
[0.912s] Level 5:colcon.colcon_core.verb:set package 'gnss_follower' build argument 'cmake_target_skip_unavailable' from command line to 'False'
[0.912s] Level 5:colcon.colcon_core.verb:set package 'gnss_follower' build argument 'cmake_clean_cache' from command line to 'False'
[0.912s] Level 5:colcon.colcon_core.verb:set package 'gnss_follower' build argument 'cmake_clean_first' from command line to 'False'
[0.912s] Level 5:colcon.colcon_core.verb:set package 'gnss_follower' build argument 'cmake_force_configure' from command line to 'False'
[0.912s] Level 5:colcon.colcon_core.verb:set package 'gnss_follower' build argument 'ament_cmake_args' from command line to 'None'
[0.912s] Level 5:colcon.colcon_core.verb:set package 'gnss_follower' build argument 'catkin_cmake_args' from command line to 'None'
[0.912s] Level 5:colcon.colcon_core.verb:set package 'gnss_follower' build argument 'catkin_skip_building_tests' from command line to 'False'
[0.912s] DEBUG:colcon.colcon_core.verb:Building package 'gnss_follower' with the following arguments: {'ament_cmake_args': None, 'build_base': '/home/nvidia/pid_ws/build/gnss_follower', 'catkin_cmake_args': None, 'catkin_skip_building_tests': False, 'cmake_args': None, 'cmake_clean_cache': False, 'cmake_clean_first': False, 'cmake_force_configure': False, 'cmake_target': None, 'cmake_target_skip_unavailable': False, 'install_base': '/home/nvidia/pid_ws/install/gnss_follower', 'merge_install': False, 'path': '/home/nvidia/pid_ws/src/gnss_follower', 'symlink_install': False, 'test_result_base': None}
[0.913s] Level 5:colcon.colcon_core.verb:set package 'pid_controller' build argument 'cmake_args' from command line to 'None'
[0.913s] Level 5:colcon.colcon_core.verb:set package 'pid_controller' build argument 'cmake_target' from command line to 'None'
[0.913s] Level 5:colcon.colcon_core.verb:set package 'pid_controller' build argument 'cmake_target_skip_unavailable' from command line to 'False'
[0.913s] Level 5:colcon.colcon_core.verb:set package 'pid_controller' build argument 'cmake_clean_cache' from command line to 'False'
[0.913s] Level 5:colcon.colcon_core.verb:set package 'pid_controller' build argument 'cmake_clean_first' from command line to 'False'
[0.913s] Level 5:colcon.colcon_core.verb:set package 'pid_controller' build argument 'cmake_force_configure' from command line to 'False'
[0.913s] Level 5:colcon.colcon_core.verb:set package 'pid_controller' build argument 'ament_cmake_args' from command line to 'None'
[0.913s] Level 5:colcon.colcon_core.verb:set package 'pid_controller' build argument 'catkin_cmake_args' from command line to 'None'
[0.913s] Level 5:colcon.colcon_core.verb:set package 'pid_controller' build argument 'catkin_skip_building_tests' from command line to 'False'
[0.913s] DEBUG:colcon.colcon_core.verb:Building package 'pid_controller' with the following arguments: {'ament_cmake_args': None, 'build_base': '/home/nvidia/pid_ws/build/pid_controller', 'catkin_cmake_args': None, 'catkin_skip_building_tests': False, 'cmake_args': None, 'cmake_clean_cache': False, 'cmake_clean_first': False, 'cmake_force_configure': False, 'cmake_target': None, 'cmake_target_skip_unavailable': False, 'install_base': '/home/nvidia/pid_ws/install/pid_controller', 'merge_install': False, 'path': '/home/nvidia/pid_ws/src/pid_controller', 'symlink_install': False, 'test_result_base': None}
[0.914s] Level 5:colcon.colcon_core.verb:set package 'trajectory_follower' build argument 'cmake_args' from command line to 'None'
[0.914s] Level 5:colcon.colcon_core.verb:set package 'trajectory_follower' build argument 'cmake_target' from command line to 'None'
[0.914s] Level 5:colcon.colcon_core.verb:set package 'trajectory_follower' build argument 'cmake_target_skip_unavailable' from command line to 'False'
[0.914s] Level 5:colcon.colcon_core.verb:set package 'trajectory_follower' build argument 'cmake_clean_cache' from command line to 'False'
[0.914s] Level 5:colcon.colcon_core.verb:set package 'trajectory_follower' build argument 'cmake_clean_first' from command line to 'False'
[0.914s] Level 5:colcon.colcon_core.verb:set package 'trajectory_follower' build argument 'cmake_force_configure' from command line to 'False'
[0.914s] Level 5:colcon.colcon_core.verb:set package 'trajectory_follower' build argument 'ament_cmake_args' from command line to 'None'
[0.914s] Level 5:colcon.colcon_core.verb:set package 'trajectory_follower' build argument 'catkin_cmake_args' from command line to 'None'
[0.914s] Level 5:colcon.colcon_core.verb:set package 'trajectory_follower' build argument 'catkin_skip_building_tests' from command line to 'False'
[0.914s] DEBUG:colcon.colcon_core.verb:Building package 'trajectory_follower' with the following arguments: {'ament_cmake_args': None, 'build_base': '/home/nvidia/pid_ws/build/trajectory_follower', 'catkin_cmake_args': None, 'catkin_skip_building_tests': False, 'cmake_args': None, 'cmake_clean_cache': False, 'cmake_clean_first': False, 'cmake_force_configure': False, 'cmake_target': None, 'cmake_target_skip_unavailable': False, 'install_base': '/home/nvidia/pid_ws/install/trajectory_follower', 'merge_install': False, 'path': '/home/nvidia/pid_ws/src/trajectory_follower', 'symlink_install': False, 'test_result_base': None}
[0.914s] INFO:colcon.colcon_core.executor:Executing jobs using 'parallel' executor
[0.917s] DEBUG:colcon.colcon_parallel_executor.executor.parallel:run_until_complete
[0.917s] INFO:colcon.colcon_ros.task.ament_python.build:Building ROS package in '/home/nvidia/pid_ws/src/gnss_follower' with build type 'ament_python'
[0.917s] Level 1:colcon.colcon_core.shell:create_environment_hook('gnss_follower', 'ament_prefix_path')
[0.921s] INFO:colcon.colcon_core.plugin_system:Skipping extension 'colcon_core.shell.bat': Not used on non-Windows systems
[0.922s] INFO:colcon.colcon_core.shell:Creating environment hook '/home/nvidia/pid_ws/install/gnss_follower/share/gnss_follower/hook/ament_prefix_path.ps1'
[0.923s] INFO:colcon.colcon_core.shell:Creating environment descriptor '/home/nvidia/pid_ws/install/gnss_follower/share/gnss_follower/hook/ament_prefix_path.dsv'
[0.924s] INFO:colcon.colcon_core.shell:Creating environment hook '/home/nvidia/pid_ws/install/gnss_follower/share/gnss_follower/hook/ament_prefix_path.sh'
[0.930s] INFO:colcon.colcon_core.shell:Skip shell extension 'powershell' for command environment: Not usable outside of PowerShell
[0.930s] DEBUG:colcon.colcon_core.shell:Skip shell extension 'dsv' for command environment
[0.944s] INFO:colcon.colcon_ros.task.ament_cmake.build:Building ROS package in '/home/nvidia/pid_ws/src/pid_controller' with build type 'ament_cmake'
[0.945s] INFO:colcon.colcon_cmake.task.cmake.build:Building CMake package in '/home/nvidia/pid_ws/src/pid_controller'
[0.946s] INFO:colcon.colcon_core.shell:Skip shell extension 'powershell' for command environment: Not usable outside of PowerShell
[0.946s] DEBUG:colcon.colcon_core.shell:Skip shell extension 'dsv' for command environment
[0.963s] INFO:colcon.colcon_ros.task.ament_python.build:Building ROS package in '/home/nvidia/pid_ws/src/trajectory_follower' with build type 'ament_python'
[0.964s] Level 1:colcon.colcon_core.shell:create_environment_hook('trajectory_follower', 'ament_prefix_path')
[0.965s] INFO:colcon.colcon_core.shell:Creating environment hook '/home/nvidia/pid_ws/install/trajectory_follower/share/trajectory_follower/hook/ament_prefix_path.ps1'
[0.966s] INFO:colcon.colcon_core.shell:Creating environment descriptor '/home/nvidia/pid_ws/install/trajectory_follower/share/trajectory_follower/hook/ament_prefix_path.dsv'
[0.967s] INFO:colcon.colcon_core.shell:Creating environment hook '/home/nvidia/pid_ws/install/trajectory_follower/share/trajectory_follower/hook/ament_prefix_path.sh'
[0.968s] INFO:colcon.colcon_core.shell:Skip shell extension 'powershell' for command environment: Not usable outside of PowerShell
[0.968s] DEBUG:colcon.colcon_core.shell:Skip shell extension 'dsv' for command environment
[1.445s] INFO:colcon.colcon_core.task.python.build:Building Python package in '/home/nvidia/pid_ws/src/gnss_follower'
[1.446s] INFO:colcon.colcon_core.shell:Skip shell extension 'powershell' for command environment: Not usable outside of PowerShell
[1.446s] DEBUG:colcon.colcon_core.shell:Skip shell extension 'dsv' for command environment
[1.467s] DEBUG:colcon.colcon_core.event_handler.log_command:Invoking command in '/home/nvidia/pid_ws/build/pid_controller': CMAKE_PREFIX_PATH=/home/nvidia/pid_ws/install/pid_controller:/home/nvidia/workspace/ros2_ws/install/zed_ros2:/home/nvidia/workspace/ros2_ws/install/zed_wrapper:/home/nvidia/workspace/ros2_ws/install/zed_components:/home/nvidia/workspace/ros2_ws/install/zed_interfaces:/home/nvidia/workspace/ros2_ws/install/vectornav:/home/nvidia/workspace/ros2_ws/install/vectornav_msgs:/home/nvidia/workspace/ros2_ws/install/ros2_socketcan:/home/nvidia/workspace/ros2_ws/install/ros2_socketcan_msgs:/home/nvidia/workspace/ros2_ws/install/odometry_publisher:/home/nvidia/workspace/ros2_ws/install/navigation:/home/nvidia/workspace/ros2_ws/install/launchers:/home/nvidia/workspace/ros2_ws/install/lane_line_publisher:/home/nvidia/pid_ws/install/trajectory_follower:/home/nvidia/pid_ws/install/gnss_follower:/home/nvidia/workspace/ros2_ws/install/simulator:/home/nvidia/workspace/ros2_ws/install/motor_controller:/home/nvidia/workspace/ros2_ws/install/vehicle:/home/nvidia/workspace/ros2_ws/install/road_detector:/home/nvidia/workspace/ros2_ws/install/rear_potentiometer:/home/nvidia/workspace/ros2_ws/install/obsticle_avoidence:/home/nvidia/workspace/ros2_ws/install/object_detector:/home/nvidia/workspace/ros2_ws/install/new_detector:/home/nvidia/workspace/ros2_ws/install/common_python:/home/nvidia/workspace/ros2_ws/install/lane_points:/home/nvidia/workspace/ros2_ws/install/kalman_filter:/home/nvidia/workspace/ros2_ws/install/auto_launch:/opt/ros/foxy:/home/nvidia/workspace/ros2_ws/install/data_record:/home/nvidia/workspace/ros2_ws/install/common_cpp /usr/bin/cmake --build /home/nvidia/pid_ws/build/pid_controller -- -j12 -l12
[1.904s] INFO:colcon.colcon_core.task.python.build:Building Python package in '/home/nvidia/pid_ws/src/trajectory_follower'
[1.904s] INFO:colcon.colcon_core.shell:Skip shell extension 'powershell' for command environment: Not usable outside of PowerShell
[1.904s] DEBUG:colcon.colcon_core.shell:Skip shell extension 'dsv' for command environment
[1.933s] DEBUG:colcon.colcon_core.event_handler.log_command:Invoked command in '/home/nvidia/pid_ws/build/pid_controller' returned '0': CMAKE_PREFIX_PATH=/home/nvidia/pid_ws/install/pid_controller:/home/nvidia/workspace/ros2_ws/install/zed_ros2:/home/nvidia/workspace/ros2_ws/install/zed_wrapper:/home/nvidia/workspace/ros2_ws/install/zed_components:/home/nvidia/workspace/ros2_ws/install/zed_interfaces:/home/nvidia/workspace/ros2_ws/install/vectornav:/home/nvidia/workspace/ros2_ws/install/vectornav_msgs:/home/nvidia/workspace/ros2_ws/install/ros2_socketcan:/home/nvidia/workspace/ros2_ws/install/ros2_socketcan_msgs:/home/nvidia/workspace/ros2_ws/install/odometry_publisher:/home/nvidia/workspace/ros2_ws/install/navigation:/home/nvidia/workspace/ros2_ws/install/launchers:/home/nvidia/workspace/ros2_ws/install/lane_line_publisher:/home/nvidia/pid_ws/install/trajectory_follower:/home/nvidia/pid_ws/install/gnss_follower:/home/nvidia/workspace/ros2_ws/install/simulator:/home/nvidia/workspace/ros2_ws/install/motor_controller:/home/nvidia/workspace/ros2_ws/install/vehicle:/home/nvidia/workspace/ros2_ws/install/road_detector:/home/nvidia/workspace/ros2_ws/install/rear_potentiometer:/home/nvidia/workspace/ros2_ws/install/obsticle_avoidence:/home/nvidia/workspace/ros2_ws/install/object_detector:/home/nvidia/workspace/ros2_ws/install/new_detector:/home/nvidia/workspace/ros2_ws/install/common_python:/home/nvidia/workspace/ros2_ws/install/lane_points:/home/nvidia/workspace/ros2_ws/install/kalman_filter:/home/nvidia/workspace/ros2_ws/install/auto_launch:/opt/ros/foxy:/home/nvidia/workspace/ros2_ws/install/data_record:/home/nvidia/workspace/ros2_ws/install/common_cpp /usr/bin/cmake --build /home/nvidia/pid_ws/build/pid_controller -- -j12 -l12
[1.959s] DEBUG:colcon.colcon_core.event_handler.log_command:Invoking command in '/home/nvidia/pid_ws/build/pid_controller': CMAKE_PREFIX_PATH=/home/nvidia/pid_ws/install/pid_controller:/home/nvidia/workspace/ros2_ws/install/zed_ros2:/home/nvidia/workspace/ros2_ws/install/zed_wrapper:/home/nvidia/workspace/ros2_ws/install/zed_components:/home/nvidia/workspace/ros2_ws/install/zed_interfaces:/home/nvidia/workspace/ros2_ws/install/vectornav:/home/nvidia/workspace/ros2_ws/install/vectornav_msgs:/home/nvidia/workspace/ros2_ws/install/ros2_socketcan:/home/nvidia/workspace/ros2_ws/install/ros2_socketcan_msgs:/home/nvidia/workspace/ros2_ws/install/odometry_publisher:/home/nvidia/workspace/ros2_ws/install/navigation:/home/nvidia/workspace/ros2_ws/install/launchers:/home/nvidia/workspace/ros2_ws/install/lane_line_publisher:/home/nvidia/pid_ws/install/trajectory_follower:/home/nvidia/pid_ws/install/gnss_follower:/home/nvidia/workspace/ros2_ws/install/simulator:/home/nvidia/workspace/ros2_ws/install/motor_controller:/home/nvidia/workspace/ros2_ws/install/vehicle:/home/nvidia/workspace/ros2_ws/install/road_detector:/home/nvidia/workspace/ros2_ws/install/rear_potentiometer:/home/nvidia/workspace/ros2_ws/install/obsticle_avoidence:/home/nvidia/workspace/ros2_ws/install/object_detector:/home/nvidia/workspace/ros2_ws/install/new_detector:/home/nvidia/workspace/ros2_ws/install/common_python:/home/nvidia/workspace/ros2_ws/install/lane_points:/home/nvidia/workspace/ros2_ws/install/kalman_filter:/home/nvidia/workspace/ros2_ws/install/auto_launch:/opt/ros/foxy:/home/nvidia/workspace/ros2_ws/install/data_record:/home/nvidia/workspace/ros2_ws/install/common_cpp /usr/bin/cmake --install /home/nvidia/pid_ws/build/pid_controller
[1.981s] Level 1:colcon.colcon_core.environment:create_environment_scripts_only(pid_controller)
[1.983s] DEBUG:colcon.colcon_core.event_handler.log_command:Invoked command in '/home/nvidia/pid_ws/build/pid_controller' returned '0': CMAKE_PREFIX_PATH=/home/nvidia/pid_ws/install/pid_controller:/home/nvidia/workspace/ros2_ws/install/zed_ros2:/home/nvidia/workspace/ros2_ws/install/zed_wrapper:/home/nvidia/workspace/ros2_ws/install/zed_components:/home/nvidia/workspace/ros2_ws/install/zed_interfaces:/home/nvidia/workspace/ros2_ws/install/vectornav:/home/nvidia/workspace/ros2_ws/install/vectornav_msgs:/home/nvidia/workspace/ros2_ws/install/ros2_socketcan:/home/nvidia/workspace/ros2_ws/install/ros2_socketcan_msgs:/home/nvidia/workspace/ros2_ws/install/odometry_publisher:/home/nvidia/workspace/ros2_ws/install/navigation:/home/nvidia/workspace/ros2_ws/install/launchers:/home/nvidia/workspace/ros2_ws/install/lane_line_publisher:/home/nvidia/pid_ws/install/trajectory_follower:/home/nvidia/pid_ws/install/gnss_follower:/home/nvidia/workspace/ros2_ws/install/simulator:/home/nvidia/workspace/ros2_ws/install/motor_controller:/home/nvidia/workspace/ros2_ws/install/vehicle:/home/nvidia/workspace/ros2_ws/install/road_detector:/home/nvidia/workspace/ros2_ws/install/rear_potentiometer:/home/nvidia/workspace/ros2_ws/install/obsticle_avoidence:/home/nvidia/workspace/ros2_ws/install/object_detector:/home/nvidia/workspace/ros2_ws/install/new_detector:/home/nvidia/workspace/ros2_ws/install/common_python:/home/nvidia/workspace/ros2_ws/install/lane_points:/home/nvidia/workspace/ros2_ws/install/kalman_filter:/home/nvidia/workspace/ros2_ws/install/auto_launch:/opt/ros/foxy:/home/nvidia/workspace/ros2_ws/install/data_record:/home/nvidia/workspace/ros2_ws/install/common_cpp /usr/bin/cmake --install /home/nvidia/pid_ws/build/pid_controller
[1.987s] Level 1:colcon.colcon_core.environment:checking '/home/nvidia/pid_ws/install/pid_controller' for CMake module files
[1.988s] Level 1:colcon.colcon_core.environment:checking '/home/nvidia/pid_ws/install/pid_controller' for CMake config files
[1.988s] Level 1:colcon.colcon_core.shell:create_environment_hook('pid_controller', 'cmake_prefix_path')
[1.989s] INFO:colcon.colcon_core.shell:Creating environment hook '/home/nvidia/pid_ws/install/pid_controller/share/pid_controller/hook/cmake_prefix_path.ps1'
[1.990s] INFO:colcon.colcon_core.shell:Creating environment descriptor '/home/nvidia/pid_ws/install/pid_controller/share/pid_controller/hook/cmake_prefix_path.dsv'
[1.995s] INFO:colcon.colcon_core.shell:Creating environment hook '/home/nvidia/pid_ws/install/pid_controller/share/pid_controller/hook/cmake_prefix_path.sh'
[1.997s] Level 1:colcon.colcon_core.environment:checking '/home/nvidia/pid_ws/install/pid_controller/lib'
[1.997s] Level 1:colcon.colcon_core.environment:checking '/home/nvidia/pid_ws/install/pid_controller/bin'
[1.997s] Level 1:colcon.colcon_core.environment:checking '/home/nvidia/pid_ws/install/pid_controller/lib/pkgconfig/pid_controller.pc'
[1.998s] Level 1:colcon.colcon_core.environment:checking '/home/nvidia/pid_ws/install/pid_controller/lib/python3.8/site-packages'
[1.998s] Level 1:colcon.colcon_core.environment:checking '/home/nvidia/pid_ws/install/pid_controller/bin'
[1.998s] INFO:colcon.colcon_core.shell:Creating package script '/home/nvidia/pid_ws/install/pid_controller/share/pid_controller/package.ps1'
[2.000s] INFO:colcon.colcon_core.shell:Creating package descriptor '/home/nvidia/pid_ws/install/pid_controller/share/pid_controller/package.dsv'
[2.001s] INFO:colcon.colcon_core.shell:Creating package script '/home/nvidia/pid_ws/install/pid_controller/share/pid_controller/package.sh'
[2.002s] INFO:colcon.colcon_core.shell:Creating package script '/home/nvidia/pid_ws/install/pid_controller/share/pid_controller/package.bash'
[2.003s] INFO:colcon.colcon_core.shell:Creating package script '/home/nvidia/pid_ws/install/pid_controller/share/pid_controller/package.zsh'
[2.004s] Level 1:colcon.colcon_core.environment:create_file_with_runtime_dependencies(/home/nvidia/pid_ws/install/pid_controller/share/colcon-core/packages/pid_controller)
[2.005s] Level 1:colcon.colcon_core.environment:create_environment_scripts_only(pid_controller)
[2.006s] Level 1:colcon.colcon_core.environment:checking '/home/nvidia/pid_ws/install/pid_controller' for CMake module files
[2.006s] Level 1:colcon.colcon_core.environment:checking '/home/nvidia/pid_ws/install/pid_controller' for CMake config files
[2.007s] Level 1:colcon.colcon_core.shell:create_environment_hook('pid_controller', 'cmake_prefix_path')
[2.007s] INFO:colcon.colcon_core.shell:Creating environment hook '/home/nvidia/pid_ws/install/pid_controller/share/pid_controller/hook/cmake_prefix_path.ps1'
[2.008s] INFO:colcon.colcon_core.shell:Creating environment descriptor '/home/nvidia/pid_ws/install/pid_controller/share/pid_controller/hook/cmake_prefix_path.dsv'
[2.009s] INFO:colcon.colcon_core.shell:Creating environment hook '/home/nvidia/pid_ws/install/pid_controller/share/pid_controller/hook/cmake_prefix_path.sh'
[2.010s] Level 1:colcon.colcon_core.environment:checking '/home/nvidia/pid_ws/install/pid_controller/lib'
[2.010s] Level 1:colcon.colcon_core.environment:checking '/home/nvidia/pid_ws/install/pid_controller/bin'
[2.010s] Level 1:colcon.colcon_core.environment:checking '/home/nvidia/pid_ws/install/pid_controller/lib/pkgconfig/pid_controller.pc'
[2.011s] Level 1:colcon.colcon_core.environment:checking '/home/nvidia/pid_ws/install/pid_controller/lib/python3.8/site-packages'
[2.011s] Level 1:colcon.colcon_core.environment:checking '/home/nvidia/pid_ws/install/pid_controller/bin'
[2.011s] INFO:colcon.colcon_core.shell:Creating package script '/home/nvidia/pid_ws/install/pid_controller/share/pid_controller/package.ps1'
[2.012s] INFO:colcon.colcon_core.shell:Creating package descriptor '/home/nvidia/pid_ws/install/pid_controller/share/pid_controller/package.dsv'
[2.013s] INFO:colcon.colcon_core.shell:Creating package script '/home/nvidia/pid_ws/install/pid_controller/share/pid_controller/package.sh'
[2.013s] INFO:colcon.colcon_core.shell:Creating package script '/home/nvidia/pid_ws/install/pid_controller/share/pid_controller/package.bash'
[2.014s] INFO:colcon.colcon_core.shell:Creating package script '/home/nvidia/pid_ws/install/pid_controller/share/pid_controller/package.zsh'
[2.015s] Level 1:colcon.colcon_core.environment:create_file_with_runtime_dependencies(/home/nvidia/pid_ws/install/pid_controller/share/colcon-core/packages/pid_controller)
[2.664s] DEBUG:colcon.colcon_core.event_handler.log_command:Invoking command in '/home/nvidia/pid_ws/src/gnss_follower': PYTHONPATH=/home/nvidia/pid_ws/build/gnss_follower/prefix_override:/usr/lib/python3/dist-packages/colcon_core/task/python/colcon_distutils_commands:/home/nvidia/pid_ws/install/gnss_follower/lib/python3.8/site-packages:${PYTHONPATH} /usr/bin/python3 -W ignore:setup.py install is deprecated -W ignore:easy_install command is deprecated setup.py egg_info --egg-base ../../build/gnss_follower build --build-base /home/nvidia/pid_ws/build/gnss_follower/build install --record /home/nvidia/pid_ws/build/gnss_follower/install.log --install-scripts $base/lib/gnss_follower --single-version-externally-managed install_data
[2.701s] DEBUG:colcon.colcon_core.event_handler.log_command:Invoking command in '/home/nvidia/pid_ws/src/trajectory_follower': PYTHONPATH=/home/nvidia/pid_ws/build/trajectory_follower/prefix_override:/usr/lib/python3/dist-packages/colcon_core/task/python/colcon_distutils_commands:/home/nvidia/pid_ws/install/trajectory_follower/lib/python3.8/site-packages:${PYTHONPATH} /usr/bin/python3 -W ignore:setup.py install is deprecated -W ignore:easy_install command is deprecated setup.py egg_info --egg-base ../../build/trajectory_follower build --build-base /home/nvidia/pid_ws/build/trajectory_follower/build install --record /home/nvidia/pid_ws/build/trajectory_follower/install.log --install-scripts $base/lib/trajectory_follower --single-version-externally-managed install_data
[3.228s] Level 1:colcon.colcon_core.environment:checking '/home/nvidia/pid_ws/install/gnss_follower' for CMake module files
[3.229s] DEBUG:colcon.colcon_core.event_handler.log_command:Invoked command in '/home/nvidia/pid_ws/src/gnss_follower' returned '0': PYTHONPATH=/home/nvidia/pid_ws/build/gnss_follower/prefix_override:/usr/lib/python3/dist-packages/colcon_core/task/python/colcon_distutils_commands:/home/nvidia/pid_ws/install/gnss_follower/lib/python3.8/site-packages:${PYTHONPATH} /usr/bin/python3 -W ignore:setup.py install is deprecated -W ignore:easy_install command is deprecated setup.py egg_info --egg-base ../../build/gnss_follower build --build-base /home/nvidia/pid_ws/build/gnss_follower/build install --record /home/nvidia/pid_ws/build/gnss_follower/install.log --install-scripts $base/lib/gnss_follower --single-version-externally-managed install_data
[3.229s] Level 1:colcon.colcon_core.environment:checking '/home/nvidia/pid_ws/install/gnss_follower' for CMake config files
[3.230s] Level 1:colcon.colcon_core.environment:checking '/home/nvidia/pid_ws/install/gnss_follower/lib'
[3.230s] Level 1:colcon.colcon_core.environment:checking '/home/nvidia/pid_ws/install/gnss_follower/bin'
[3.230s] Level 1:colcon.colcon_core.environment:checking '/home/nvidia/pid_ws/install/gnss_follower/lib/pkgconfig/gnss_follower.pc'
[3.231s] Level 1:colcon.colcon_core.environment:checking '/home/nvidia/pid_ws/install/gnss_follower/lib/python3.8/site-packages'
[3.231s] Level 1:colcon.colcon_core.shell:create_environment_hook('gnss_follower', 'pythonpath')
[3.231s] INFO:colcon.colcon_core.shell:Creating environment hook '/home/nvidia/pid_ws/install/gnss_follower/share/gnss_follower/hook/pythonpath.ps1'
[3.232s] INFO:colcon.colcon_core.shell:Creating environment descriptor '/home/nvidia/pid_ws/install/gnss_follower/share/gnss_follower/hook/pythonpath.dsv'
[3.233s] INFO:colcon.colcon_core.shell:Creating environment hook '/home/nvidia/pid_ws/install/gnss_follower/share/gnss_follower/hook/pythonpath.sh'
[3.236s] Level 1:colcon.colcon_core.environment:checking '/home/nvidia/pid_ws/install/gnss_follower/bin'
[3.236s] Level 1:colcon.colcon_core.environment:create_environment_scripts_only(gnss_follower)
[3.238s] INFO:colcon.colcon_core.shell:Creating package script '/home/nvidia/pid_ws/install/gnss_follower/share/gnss_follower/package.ps1'
[3.240s] INFO:colcon.colcon_core.shell:Creating package descriptor '/home/nvidia/pid_ws/install/gnss_follower/share/gnss_follower/package.dsv'
[3.240s] INFO:colcon.colcon_core.shell:Creating package script '/home/nvidia/pid_ws/install/gnss_follower/share/gnss_follower/package.sh'
[3.241s] INFO:colcon.colcon_core.shell:Creating package script '/home/nvidia/pid_ws/install/gnss_follower/share/gnss_follower/package.bash'
[3.242s] INFO:colcon.colcon_core.shell:Creating package script '/home/nvidia/pid_ws/install/gnss_follower/share/gnss_follower/package.zsh'
[3.242s] Level 1:colcon.colcon_core.environment:create_file_with_runtime_dependencies(/home/nvidia/pid_ws/install/gnss_follower/share/colcon-core/packages/gnss_follower)
[3.251s] Level 1:colcon.colcon_core.environment:checking '/home/nvidia/pid_ws/install/trajectory_follower' for CMake module files
[3.252s] DEBUG:colcon.colcon_core.event_handler.log_command:Invoked command in '/home/nvidia/pid_ws/src/trajectory_follower' returned '0': PYTHONPATH=/home/nvidia/pid_ws/build/trajectory_follower/prefix_override:/usr/lib/python3/dist-packages/colcon_core/task/python/colcon_distutils_commands:/home/nvidia/pid_ws/install/trajectory_follower/lib/python3.8/site-packages:${PYTHONPATH} /usr/bin/python3 -W ignore:setup.py install is deprecated -W ignore:easy_install command is deprecated setup.py egg_info --egg-base ../../build/trajectory_follower build --build-base /home/nvidia/pid_ws/build/trajectory_follower/build install --record /home/nvidia/pid_ws/build/trajectory_follower/install.log --install-scripts $base/lib/trajectory_follower --single-version-externally-managed install_data
[3.253s] Level 1:colcon.colcon_core.environment:checking '/home/nvidia/pid_ws/install/trajectory_follower' for CMake config files
[3.254s] Level 1:colcon.colcon_core.environment:checking '/home/nvidia/pid_ws/install/trajectory_follower/lib'
[3.254s] Level 1:colcon.colcon_core.environment:checking '/home/nvidia/pid_ws/install/trajectory_follower/bin'
[3.254s] Level 1:colcon.colcon_core.environment:checking '/home/nvidia/pid_ws/install/trajectory_follower/lib/pkgconfig/trajectory_follower.pc'
[3.254s] Level 1:colcon.colcon_core.environment:checking '/home/nvidia/pid_ws/install/trajectory_follower/lib/python3.8/site-packages'
[3.254s] Level 1:colcon.colcon_core.shell:create_environment_hook('trajectory_follower', 'pythonpath')
[3.255s] INFO:colcon.colcon_core.shell:Creating environment hook '/home/nvidia/pid_ws/install/trajectory_follower/share/trajectory_follower/hook/pythonpath.ps1'
[3.256s] INFO:colcon.colcon_core.shell:Creating environment descriptor '/home/nvidia/pid_ws/install/trajectory_follower/share/trajectory_follower/hook/pythonpath.dsv'
[3.256s] INFO:colcon.colcon_core.shell:Creating environment hook '/home/nvidia/pid_ws/install/trajectory_follower/share/trajectory_follower/hook/pythonpath.sh'
[3.260s] Level 1:colcon.colcon_core.environment:checking '/home/nvidia/pid_ws/install/trajectory_follower/bin'
[3.260s] Level 1:colcon.colcon_core.environment:create_environment_scripts_only(trajectory_follower)
[3.262s] INFO:colcon.colcon_core.shell:Creating package script '/home/nvidia/pid_ws/install/trajectory_follower/share/trajectory_follower/package.ps1'
[3.264s] INFO:colcon.colcon_core.shell:Creating package descriptor '/home/nvidia/pid_ws/install/trajectory_follower/share/trajectory_follower/package.dsv'
[3.264s] INFO:colcon.colcon_core.shell:Creating package script '/home/nvidia/pid_ws/install/trajectory_follower/share/trajectory_follower/package.sh'
[3.265s] INFO:colcon.colcon_core.shell:Creating package script '/home/nvidia/pid_ws/install/trajectory_follower/share/trajectory_follower/package.bash'
[3.265s] INFO:colcon.colcon_core.shell:Creating package script '/home/nvidia/pid_ws/install/trajectory_follower/share/trajectory_follower/package.zsh'
[3.266s] Level 1:colcon.colcon_core.environment:create_file_with_runtime_dependencies(/home/nvidia/pid_ws/install/trajectory_follower/share/colcon-core/packages/trajectory_follower)
[3.267s] DEBUG:colcon.colcon_parallel_executor.executor.parallel:closing loop
[3.267s] DEBUG:colcon.colcon_parallel_executor.executor.parallel:loop closed
[3.267s] DEBUG:colcon.colcon_parallel_executor.executor.parallel:run_until_complete finished with '0'
[3.267s] DEBUG:colcon.colcon_core.event_reactor:joining thread
[3.277s] INFO:colcon.colcon_core.plugin_system:Skipping extension 'colcon_notification.desktop_notification.terminal_notifier': Not used on non-Darwin systems
[3.277s] INFO:colcon.colcon_core.plugin_system:Skipping extension 'colcon_notification.desktop_notification.win32': Not used on non-Windows systems
[3.277s] INFO:colcon.colcon_notification.desktop_notification:Sending desktop notification using 'notify2'
[3.306s] DEBUG:colcon.colcon_core.event_reactor:joined thread
[3.307s] INFO:colcon.colcon_core.shell:Creating prefix script '/home/nvidia/pid_ws/install/local_setup.ps1'
[3.309s] INFO:colcon.colcon_core.shell:Creating prefix util module '/home/nvidia/pid_ws/install/_local_setup_util_ps1.py'
[3.316s] INFO:colcon.colcon_core.shell:Creating prefix chain script '/home/nvidia/pid_ws/install/setup.ps1'
[3.320s] INFO:colcon.colcon_core.shell:Creating prefix script '/home/nvidia/pid_ws/install/local_setup.sh'
[3.321s] INFO:colcon.colcon_core.shell:Creating prefix util module '/home/nvidia/pid_ws/install/_local_setup_util_sh.py'
[3.322s] INFO:colcon.colcon_core.shell:Creating prefix chain script '/home/nvidia/pid_ws/install/setup.sh'
[3.326s] INFO:colcon.colcon_core.shell:Creating prefix script '/home/nvidia/pid_ws/install/local_setup.bash'
[3.327s] INFO:colcon.colcon_core.shell:Creating prefix chain script '/home/nvidia/pid_ws/install/setup.bash'
[3.330s] INFO:colcon.colcon_core.shell:Creating prefix script '/home/nvidia/pid_ws/install/local_setup.zsh'
[3.331s] INFO:colcon.colcon_core.shell:Creating prefix chain script '/home/nvidia/pid_ws/install/setup.zsh'
