/home/nvidia/pid_ws/install/trajectory_follower/lib/python3.8/site-packages/trajectory_follower/lya_superrecord.py
/home/nvidia/pid_ws/install/trajectory_follower/lib/python3.8/site-packages/trajectory_follower/__init__.py
/home/nvidia/pid_ws/install/trajectory_follower/lib/python3.8/site-packages/trajectory_follower/lya_oa.py
/home/nvidia/pid_ws/install/trajectory_follower/lib/python3.8/site-packages/trajectory_follower/p_follower.py
/home/nvidia/pid_ws/install/trajectory_follower/lib/python3.8/site-packages/trajectory_follower/lya_precircle.py
/home/nvidia/pid_ws/install/trajectory_follower/lib/python3.8/site-packages/trajectory_follower/pp_preset.py
/home/nvidia/pid_ws/install/trajectory_follower/lib/python3.8/site-packages/trajectory_follower/lya_record.py
/home/nvidia/pid_ws/install/trajectory_follower/lib/python3.8/site-packages/trajectory_follower/lya_follower_0122.py
/home/nvidia/pid_ws/install/trajectory_follower/lib/python3.8/site-packages/trajectory_follower/lya_avoid_preset.py
/home/nvidia/pid_ws/install/trajectory_follower/lib/python3.8/site-packages/trajectory_follower/pid_follower_connected.py
/home/nvidia/pid_ws/install/trajectory_follower/lib/python3.8/site-packages/trajectory_follower/lya_0221.py
/home/nvidia/pid_ws/install/trajectory_follower/lib/python3.8/site-packages/trajectory_follower/lya_preset.py
/home/nvidia/pid_ws/install/trajectory_follower/lib/python3.8/site-packages/trajectory_follower/pid_follower_connected_global.py
/home/nvidia/pid_ws/install/trajectory_follower/lib/python3.8/site-packages/trajectory_follower/pid_follower.py
/home/nvidia/pid_ws/install/trajectory_follower/lib/python3.8/site-packages/trajectory_follower/lya_follower_connected.py
/home/nvidia/pid_ws/install/trajectory_follower/lib/python3.8/site-packages/trajectory_follower/lya_follower_fixedpath.py
/home/nvidia/pid_ws/install/trajectory_follower/lib/python3.8/site-packages/trajectory_follower/lya_follower.py
/home/nvidia/pid_ws/install/trajectory_follower/lib/python3.8/site-packages/trajectory_follower/lya_follower_connected_omegat_global.py
/home/nvidia/pid_ws/install/trajectory_follower/lib/python3.8/site-packages/trajectory_follower/pid_preset.py
/home/nvidia/pid_ws/install/trajectory_follower/lib/python3.8/site-packages/trajectory_follower/lya_baseline_follower_fixedpath_record.py
/home/nvidia/pid_ws/install/trajectory_follower/lib/python3.8/site-packages/trajectory_follower/lya_follower_fixedpath_record.py
/home/nvidia/pid_ws/install/trajectory_follower/lib/python3.8/site-packages/trajectory_follower/lya_superrecord2.py
/home/nvidia/pid_ws/install/trajectory_follower/lib/python3.8/site-packages/trajectory_follower/lya_follower_connected_global.py
/home/nvidia/pid_ws/install/trajectory_follower/lib/python3.8/site-packages/trajectory_follower/p_follower_connected.py
/home/nvidia/pid_ws/install/trajectory_follower/lib/python3.8/site-packages/trajectory_follower/enhanced_lya_record.py
/home/nvidia/pid_ws/install/trajectory_follower/lib/python3.8/site-packages/trajectory_follower/__pycache__/lya_superrecord.cpython-38.pyc
/home/nvidia/pid_ws/install/trajectory_follower/lib/python3.8/site-packages/trajectory_follower/__pycache__/__init__.cpython-38.pyc
/home/nvidia/pid_ws/install/trajectory_follower/lib/python3.8/site-packages/trajectory_follower/__pycache__/lya_oa.cpython-38.pyc
/home/nvidia/pid_ws/install/trajectory_follower/lib/python3.8/site-packages/trajectory_follower/__pycache__/p_follower.cpython-38.pyc
/home/nvidia/pid_ws/install/trajectory_follower/lib/python3.8/site-packages/trajectory_follower/__pycache__/lya_precircle.cpython-38.pyc
/home/nvidia/pid_ws/install/trajectory_follower/lib/python3.8/site-packages/trajectory_follower/__pycache__/pp_preset.cpython-38.pyc
/home/nvidia/pid_ws/install/trajectory_follower/lib/python3.8/site-packages/trajectory_follower/__pycache__/lya_record.cpython-38.pyc
/home/nvidia/pid_ws/install/trajectory_follower/lib/python3.8/site-packages/trajectory_follower/__pycache__/lya_follower_0122.cpython-38.pyc
/home/nvidia/pid_ws/install/trajectory_follower/lib/python3.8/site-packages/trajectory_follower/__pycache__/lya_avoid_preset.cpython-38.pyc
/home/nvidia/pid_ws/install/trajectory_follower/lib/python3.8/site-packages/trajectory_follower/__pycache__/pid_follower_connected.cpython-38.pyc
/home/nvidia/pid_ws/install/trajectory_follower/lib/python3.8/site-packages/trajectory_follower/__pycache__/lya_0221.cpython-38.pyc
/home/nvidia/pid_ws/install/trajectory_follower/lib/python3.8/site-packages/trajectory_follower/__pycache__/lya_preset.cpython-38.pyc
/home/nvidia/pid_ws/install/trajectory_follower/lib/python3.8/site-packages/trajectory_follower/__pycache__/pid_follower_connected_global.cpython-38.pyc
/home/nvidia/pid_ws/install/trajectory_follower/lib/python3.8/site-packages/trajectory_follower/__pycache__/pid_follower.cpython-38.pyc
/home/nvidia/pid_ws/install/trajectory_follower/lib/python3.8/site-packages/trajectory_follower/__pycache__/lya_follower_connected.cpython-38.pyc
/home/nvidia/pid_ws/install/trajectory_follower/lib/python3.8/site-packages/trajectory_follower/__pycache__/lya_follower_fixedpath.cpython-38.pyc
/home/nvidia/pid_ws/install/trajectory_follower/lib/python3.8/site-packages/trajectory_follower/__pycache__/lya_follower.cpython-38.pyc
/home/nvidia/pid_ws/install/trajectory_follower/lib/python3.8/site-packages/trajectory_follower/__pycache__/lya_follower_connected_omegat_global.cpython-38.pyc
/home/nvidia/pid_ws/install/trajectory_follower/lib/python3.8/site-packages/trajectory_follower/__pycache__/pid_preset.cpython-38.pyc
/home/nvidia/pid_ws/install/trajectory_follower/lib/python3.8/site-packages/trajectory_follower/__pycache__/lya_baseline_follower_fixedpath_record.cpython-38.pyc
/home/nvidia/pid_ws/install/trajectory_follower/lib/python3.8/site-packages/trajectory_follower/__pycache__/lya_follower_fixedpath_record.cpython-38.pyc
/home/nvidia/pid_ws/install/trajectory_follower/lib/python3.8/site-packages/trajectory_follower/__pycache__/lya_superrecord2.cpython-38.pyc
/home/nvidia/pid_ws/install/trajectory_follower/lib/python3.8/site-packages/trajectory_follower/__pycache__/lya_follower_connected_global.cpython-38.pyc
/home/nvidia/pid_ws/install/trajectory_follower/lib/python3.8/site-packages/trajectory_follower/__pycache__/p_follower_connected.cpython-38.pyc
/home/nvidia/pid_ws/install/trajectory_follower/lib/python3.8/site-packages/trajectory_follower/__pycache__/enhanced_lya_record.cpython-38.pyc
/home/nvidia/pid_ws/install/trajectory_follower/share/ament_index/resource_index/packages/trajectory_follower
/home/nvidia/pid_ws/install/trajectory_follower/share/trajectory_follower/package.xml
/home/nvidia/pid_ws/install/trajectory_follower/lib/python3.8/site-packages/trajectory_follower-0.0.0-py3.8.egg-info/dependency_links.txt
/home/nvidia/pid_ws/install/trajectory_follower/lib/python3.8/site-packages/trajectory_follower-0.0.0-py3.8.egg-info/entry_points.txt
/home/nvidia/pid_ws/install/trajectory_follower/lib/python3.8/site-packages/trajectory_follower-0.0.0-py3.8.egg-info/PKG-INFO
/home/nvidia/pid_ws/install/trajectory_follower/lib/python3.8/site-packages/trajectory_follower-0.0.0-py3.8.egg-info/requires.txt
/home/nvidia/pid_ws/install/trajectory_follower/lib/python3.8/site-packages/trajectory_follower-0.0.0-py3.8.egg-info/zip-safe
/home/nvidia/pid_ws/install/trajectory_follower/lib/python3.8/site-packages/trajectory_follower-0.0.0-py3.8.egg-info/top_level.txt
/home/nvidia/pid_ws/install/trajectory_follower/lib/python3.8/site-packages/trajectory_follower-0.0.0-py3.8.egg-info/SOURCES.txt
/home/nvidia/pid_ws/install/trajectory_follower/lib/trajectory_follower/enhanced_lya_record
/home/nvidia/pid_ws/install/trajectory_follower/lib/trajectory_follower/lya_0221
/home/nvidia/pid_ws/install/trajectory_follower/lib/trajectory_follower/lya_avoid_preset
/home/nvidia/pid_ws/install/trajectory_follower/lib/trajectory_follower/lya_baseline_follower_fixedpath_record
/home/nvidia/pid_ws/install/trajectory_follower/lib/trajectory_follower/lya_follower
/home/nvidia/pid_ws/install/trajectory_follower/lib/trajectory_follower/lya_follower_0122
/home/nvidia/pid_ws/install/trajectory_follower/lib/trajectory_follower/lya_follower_connected
/home/nvidia/pid_ws/install/trajectory_follower/lib/trajectory_follower/lya_follower_connected_global
/home/nvidia/pid_ws/install/trajectory_follower/lib/trajectory_follower/lya_follower_connected_omegat_global
/home/nvidia/pid_ws/install/trajectory_follower/lib/trajectory_follower/lya_follower_fixedpath
/home/nvidia/pid_ws/install/trajectory_follower/lib/trajectory_follower/lya_follower_fixedpath_record
/home/nvidia/pid_ws/install/trajectory_follower/lib/trajectory_follower/lya_oa
/home/nvidia/pid_ws/install/trajectory_follower/lib/trajectory_follower/lya_precircle
/home/nvidia/pid_ws/install/trajectory_follower/lib/trajectory_follower/lya_preset
/home/nvidia/pid_ws/install/trajectory_follower/lib/trajectory_follower/lya_record
/home/nvidia/pid_ws/install/trajectory_follower/lib/trajectory_follower/lya_superrecord
/home/nvidia/pid_ws/install/trajectory_follower/lib/trajectory_follower/lya_superrecord2
/home/nvidia/pid_ws/install/trajectory_follower/lib/trajectory_follower/p_follower
/home/nvidia/pid_ws/install/trajectory_follower/lib/trajectory_follower/p_follower_connected
/home/nvidia/pid_ws/install/trajectory_follower/lib/trajectory_follower/pid_follower
/home/nvidia/pid_ws/install/trajectory_follower/lib/trajectory_follower/pid_follower_connected
/home/nvidia/pid_ws/install/trajectory_follower/lib/trajectory_follower/pid_follower_connected_global
/home/nvidia/pid_ws/install/trajectory_follower/lib/trajectory_follower/pid_preset
/home/nvidia/pid_ws/install/trajectory_follower/lib/trajectory_follower/pp_preset
