[2.555s] Invoking command in '/home/nvidia/pid_ws/src/trajectory_follower': PYTHONPATH=/home/nvidia/pid_ws/build/trajectory_follower/prefix_override:/usr/lib/python3/dist-packages/colcon_core/task/python/colcon_distutils_commands:/home/nvidia/pid_ws/install/trajectory_follower/lib/python3.8/site-packages:${PYTHONPATH} /usr/bin/python3 -W ignore:setup.py install is deprecated -W ignore:easy_install command is deprecated setup.py egg_info --egg-base ../../build/trajectory_follower build --build-base /home/nvidia/pid_ws/build/trajectory_follower/build install --record /home/nvidia/pid_ws/build/trajectory_follower/install.log --install-scripts $base/lib/trajectory_follower --single-version-externally-managed install_data
[3.040s] running egg_info
[3.040s] writing ../../build/trajectory_follower/trajectory_follower.egg-info/PKG-INFO
[3.041s] writing dependency_links to ../../build/trajectory_follower/trajectory_follower.egg-info/dependency_links.txt
[3.041s] writing entry points to ../../build/trajectory_follower/trajectory_follower.egg-info/entry_points.txt
[3.045s] writing requirements to ../../build/trajectory_follower/trajectory_follower.egg-info/requires.txt
[3.045s] writing top-level names to ../../build/trajectory_follower/trajectory_follower.egg-info/top_level.txt
[3.096s] reading manifest file '../../build/trajectory_follower/trajectory_follower.egg-info/SOURCES.txt'
[3.098s] writing manifest file '../../build/trajectory_follower/trajectory_follower.egg-info/SOURCES.txt'
[3.099s] running build
[3.099s] running build_py
[3.102s] copying trajectory_follower/lya_superrecord2.py -> /home/nvidia/pid_ws/build/trajectory_follower/build/lib/trajectory_follower
[3.103s] running install
[3.106s] running install_lib
[3.109s] copying /home/nvidia/pid_ws/build/trajectory_follower/build/lib/trajectory_follower/lya_superrecord2.py -> /home/nvidia/pid_ws/install/trajectory_follower/lib/python3.8/site-packages/trajectory_follower
[3.111s] byte-compiling /home/nvidia/pid_ws/install/trajectory_follower/lib/python3.8/site-packages/trajectory_follower/lya_superrecord.py to lya_superrecord.cpython-38.pyc
[3.116s] byte-compiling /home/nvidia/pid_ws/install/trajectory_follower/lib/python3.8/site-packages/trajectory_follower/lya_oa.py to lya_oa.cpython-38.pyc
[3.117s] byte-compiling /home/nvidia/pid_ws/install/trajectory_follower/lib/python3.8/site-packages/trajectory_follower/lya_superrecord2.py to lya_superrecord2.cpython-38.pyc
[3.119s] byte-compiling /home/nvidia/pid_ws/install/trajectory_follower/lib/python3.8/site-packages/trajectory_follower/enhanced_lya_record.py to enhanced_lya_record.cpython-38.pyc
[3.121s] running install_data
[3.121s] running install_egg_info
[3.125s] removing '/home/nvidia/pid_ws/install/trajectory_follower/lib/python3.8/site-packages/trajectory_follower-0.0.0-py3.8.egg-info' (and everything under it)
[3.125s] Copying ../../build/trajectory_follower/trajectory_follower.egg-info to /home/nvidia/pid_ws/install/trajectory_follower/lib/python3.8/site-packages/trajectory_follower-0.0.0-py3.8.egg-info
[3.127s] running install_scripts
[3.158s] Installing enhanced_lya_record script to /home/nvidia/pid_ws/install/trajectory_follower/lib/trajectory_follower
[3.158s] Installing lya_0221 script to /home/nvidia/pid_ws/install/trajectory_follower/lib/trajectory_follower
[3.159s] Installing lya_avoid_preset script to /home/nvidia/pid_ws/install/trajectory_follower/lib/trajectory_follower
[3.161s] Installing lya_follower script to /home/nvidia/pid_ws/install/trajectory_follower/lib/trajectory_follower
[3.161s] Installing lya_follower_0122 script to /home/nvidia/pid_ws/install/trajectory_follower/lib/trajectory_follower
[3.162s] Installing lya_follower_connected script to /home/nvidia/pid_ws/install/trajectory_follower/lib/trajectory_follower
[3.162s] Installing lya_follower_connected_global script to /home/nvidia/pid_ws/install/trajectory_follower/lib/trajectory_follower
[3.162s] Installing lya_follower_connected_omegat_global script to /home/nvidia/pid_ws/install/trajectory_follower/lib/trajectory_follower
[3.162s] Installing lya_oa script to /home/nvidia/pid_ws/install/trajectory_follower/lib/trajectory_follower
[3.163s] Installing lya_precircle script to /home/nvidia/pid_ws/install/trajectory_follower/lib/trajectory_follower
[3.163s] Installing lya_preset script to /home/nvidia/pid_ws/install/trajectory_follower/lib/trajectory_follower
[3.163s] Installing lya_record script to /home/nvidia/pid_ws/install/trajectory_follower/lib/trajectory_follower
[3.163s] Installing lya_superrecord script to /home/nvidia/pid_ws/install/trajectory_follower/lib/trajectory_follower
[3.163s] Installing lya_superrecord2 script to /home/nvidia/pid_ws/install/trajectory_follower/lib/trajectory_follower
[3.163s] Installing p_follower script to /home/nvidia/pid_ws/install/trajectory_follower/lib/trajectory_follower
[3.163s] Installing p_follower_connected script to /home/nvidia/pid_ws/install/trajectory_follower/lib/trajectory_follower
[3.164s] Installing pid_follower script to /home/nvidia/pid_ws/install/trajectory_follower/lib/trajectory_follower
[3.164s] Installing pid_follower_connected script to /home/nvidia/pid_ws/install/trajectory_follower/lib/trajectory_follower
[3.164s] Installing pid_follower_connected_global script to /home/nvidia/pid_ws/install/trajectory_follower/lib/trajectory_follower
[3.164s] Installing pid_preset script to /home/nvidia/pid_ws/install/trajectory_follower/lib/trajectory_follower
[3.164s] Installing pp_preset script to /home/nvidia/pid_ws/install/trajectory_follower/lib/trajectory_follower
[3.165s] writing list of installed files to '/home/nvidia/pid_ws/build/trajectory_follower/install.log'
[3.222s] Invoked command in '/home/nvidia/pid_ws/src/trajectory_follower' returned '0': PYTHONPATH=/home/nvidia/pid_ws/build/trajectory_follower/prefix_override:/usr/lib/python3/dist-packages/colcon_core/task/python/colcon_distutils_commands:/home/nvidia/pid_ws/install/trajectory_follower/lib/python3.8/site-packages:${PYTHONPATH} /usr/bin/python3 -W ignore:setup.py install is deprecated -W ignore:easy_install command is deprecated setup.py egg_info --egg-base ../../build/trajectory_follower build --build-base /home/nvidia/pid_ws/build/trajectory_follower/build install --record /home/nvidia/pid_ws/build/trajectory_follower/install.log --install-scripts $base/lib/trajectory_follower --single-version-externally-managed install_data
