[1.746s] Invoking command in '/home/nvidia/pid_ws/src/gnss_follower': PYTHONPATH=/home/nvidia/pid_ws/build/gnss_follower/prefix_override:/usr/lib/python3/dist-packages/colcon_core/task/python/colcon_distutils_commands:/home/nvidia/pid_ws/install/gnss_follower/lib/python3.8/site-packages:${PYTHONPATH} /usr/bin/python3 -W ignore:setup.py install is deprecated -W ignore:easy_install command is deprecated setup.py egg_info --egg-base ../../build/gnss_follower build --build-base /home/nvidia/pid_ws/build/gnss_follower/build install --record /home/nvidia/pid_ws/build/gnss_follower/install.log --install-scripts $base/lib/gnss_follower --single-version-externally-managed install_data
[2.155s] running egg_info
[2.156s] writing ../../build/gnss_follower/gnss_follower.egg-info/PKG-INFO
[2.157s] writing dependency_links to ../../build/gnss_follower/gnss_follower.egg-info/dependency_links.txt
[2.157s] writing entry points to ../../build/gnss_follower/gnss_follower.egg-info/entry_points.txt
[2.157s] writing requirements to ../../build/gnss_follower/gnss_follower.egg-info/requires.txt
[2.157s] writing top-level names to ../../build/gnss_follower/gnss_follower.egg-info/top_level.txt
[2.212s] reading manifest file '../../build/gnss_follower/gnss_follower.egg-info/SOURCES.txt'
[2.213s] writing manifest file '../../build/gnss_follower/gnss_follower.egg-info/SOURCES.txt'
[2.213s] running build
[2.214s] running build_py
[2.214s] copying gnss_follower/lya_gnss_plus_opencv0316.py -> /home/nvidia/pid_ws/build/gnss_follower/build/lib/gnss_follower
[2.214s] copying gnss_follower/lya_gnss_plus_path0316.py -> /home/nvidia/pid_ws/build/gnss_follower/build/lib/gnss_follower
[2.214s] copying gnss_follower/lya_gnss_base0316.py -> /home/nvidia/pid_ws/build/gnss_follower/build/lib/gnss_follower
[2.215s] copying gnss_follower/path_gnss_0315.py -> /home/nvidia/pid_ws/build/gnss_follower/build/lib/gnss_follower
[2.215s] copying gnss_follower/lya_follower_gnss_0315.py -> /home/nvidia/pid_ws/build/gnss_follower/build/lib/gnss_follower
[2.215s] running install
[2.217s] running install_lib
[2.219s] copying /home/nvidia/pid_ws/build/gnss_follower/build/lib/gnss_follower/lya_gnss_plus_opencv0316.py -> /home/nvidia/pid_ws/install/gnss_follower/lib/python3.8/site-packages/gnss_follower
[2.219s] copying /home/nvidia/pid_ws/build/gnss_follower/build/lib/gnss_follower/lya_gnss_plus_path0316.py -> /home/nvidia/pid_ws/install/gnss_follower/lib/python3.8/site-packages/gnss_follower
[2.220s] copying /home/nvidia/pid_ws/build/gnss_follower/build/lib/gnss_follower/lya_gnss_base0316.py -> /home/nvidia/pid_ws/install/gnss_follower/lib/python3.8/site-packages/gnss_follower
[2.220s] copying /home/nvidia/pid_ws/build/gnss_follower/build/lib/gnss_follower/path_gnss_0315.py -> /home/nvidia/pid_ws/install/gnss_follower/lib/python3.8/site-packages/gnss_follower
[2.220s] copying /home/nvidia/pid_ws/build/gnss_follower/build/lib/gnss_follower/lya_follower_gnss_0315.py -> /home/nvidia/pid_ws/install/gnss_follower/lib/python3.8/site-packages/gnss_follower
[2.222s] byte-compiling /home/nvidia/pid_ws/install/gnss_follower/lib/python3.8/site-packages/gnss_follower/lya_gnss_plus_opencv0316.py to lya_gnss_plus_opencv0316.cpython-38.pyc
[2.226s] byte-compiling /home/nvidia/pid_ws/install/gnss_follower/lib/python3.8/site-packages/gnss_follower/lya_gnss_plus_path0316.py to lya_gnss_plus_path0316.cpython-38.pyc
[2.228s] byte-compiling /home/nvidia/pid_ws/install/gnss_follower/lib/python3.8/site-packages/gnss_follower/lya_gnss_base0316.py to lya_gnss_base0316.cpython-38.pyc
[2.230s] byte-compiling /home/nvidia/pid_ws/install/gnss_follower/lib/python3.8/site-packages/gnss_follower/path_gnss_0315.py to path_gnss_0315.cpython-38.pyc
[2.232s] byte-compiling /home/nvidia/pid_ws/install/gnss_follower/lib/python3.8/site-packages/gnss_follower/lya_follower_gnss_0315.py to lya_follower_gnss_0315.cpython-38.pyc
[2.235s] running install_data
[2.235s] running install_egg_info
[2.239s] removing '/home/nvidia/pid_ws/install/gnss_follower/lib/python3.8/site-packages/gnss_follower-0.0.0-py3.8.egg-info' (and everything under it)
[2.239s] Copying ../../build/gnss_follower/gnss_follower.egg-info to /home/nvidia/pid_ws/install/gnss_follower/lib/python3.8/site-packages/gnss_follower-0.0.0-py3.8.egg-info
[2.242s] running install_scripts
[2.274s] Installing lya_follower_gnss_0303 script to /home/nvidia/pid_ws/install/gnss_follower/lib/gnss_follower
[2.274s] Installing lya_follower_gnss_0315 script to /home/nvidia/pid_ws/install/gnss_follower/lib/gnss_follower
[2.274s] Installing lya_gnss_base0316 script to /home/nvidia/pid_ws/install/gnss_follower/lib/gnss_follower
[2.274s] Installing lya_gnss_plus_opencv0316 script to /home/nvidia/pid_ws/install/gnss_follower/lib/gnss_follower
[2.275s] Installing lya_gnss_plus_path0316 script to /home/nvidia/pid_ws/install/gnss_follower/lib/gnss_follower
[2.275s] Installing path_gnss_0303 script to /home/nvidia/pid_ws/install/gnss_follower/lib/gnss_follower
[2.275s] Installing path_gnss_0315 script to /home/nvidia/pid_ws/install/gnss_follower/lib/gnss_follower
[2.276s] writing list of installed files to '/home/nvidia/pid_ws/build/gnss_follower/install.log'
[2.334s] Invoked command in '/home/nvidia/pid_ws/src/gnss_follower' returned '0': PYTHONPATH=/home/nvidia/pid_ws/build/gnss_follower/prefix_override:/usr/lib/python3/dist-packages/colcon_core/task/python/colcon_distutils_commands:/home/nvidia/pid_ws/install/gnss_follower/lib/python3.8/site-packages:${PYTHONPATH} /usr/bin/python3 -W ignore:setup.py install is deprecated -W ignore:easy_install command is deprecated setup.py egg_info --egg-base ../../build/gnss_follower build --build-base /home/nvidia/pid_ws/build/gnss_follower/build install --record /home/nvidia/pid_ws/build/gnss_follower/install.log --install-scripts $base/lib/gnss_follower --single-version-externally-managed install_data
