[1.180s] DEBUG:colcon:Command line arguments: ['/usr/bin/colcon', 'build']
[1.180s] DEBUG:colcon:Parsed command line arguments: Namespace(allow_overriding=[], ament_cmake_args=None, base_paths=['.'], build_base='build', catkin_cmake_args=None, catkin_skip_building_tests=False, cmake_args=None, cmake_clean_cache=False, cmake_clean_first=False, cmake_force_configure=False, cmake_target=None, cmake_target_skip_unavailable=False, continue_on_error=False, event_handlers=None, executor='parallel', ignore_user_meta=False, install_base='install', log_base=None, log_level=None, main=<bound method BuildVerb.main of <colcon_core.verb.build.BuildVerb object at 0xffffb44b2a90>>, merge_install=False, metas=['./colcon.meta'], mixin=None, mixin_files=None, mixin_verb=('build',), packages_above=None, packages_above_and_dependencies=None, packages_above_depth=None, packages_end=None, packages_ignore=None, packages_ignore_regex=None, packages_select=None, packages_select_build_failed=False, packages_select_by_dep=None, packages_select_regex=None, packages_select_test_failures=False, packages_skip=None, packages_skip_build_finished=False, packages_skip_by_dep=None, packages_skip_regex=None, packages_skip_test_passed=False, packages_skip_up_to=None, packages_start=None, packages_up_to=None, packages_up_to_regex=None, parallel_workers=12, paths=None, symlink_install=False, test_result_base=None, verb_extension=<colcon_core.verb.build.BuildVerb object at 0xffffb44b2a90>, verb_name='build', verb_parser=<colcon_mixin.mixin.mixin_argument.MixinArgumentDecorator object at 0xffffb44c41f0>)
[1.668s] Level 1:colcon.colcon_core.package_discovery:discover_packages(colcon_meta) check parameters
[1.668s] Level 1:colcon.colcon_core.package_discovery:discover_packages(recursive) check parameters
[1.668s] Level 1:colcon.colcon_core.package_discovery:discover_packages(ignore) check parameters
[1.668s] Level 1:colcon.colcon_core.package_discovery:discover_packages(path) check parameters
[1.668s] Level 1:colcon.colcon_core.package_discovery:discover_packages(colcon_meta) discover
[1.669s] Level 1:colcon.colcon_core.package_discovery:discover_packages(recursive) discover
[1.669s] INFO:colcon.colcon_core.package_discovery:Crawling recursively for packages in '/home/nvidia/pid_ws'
[1.669s] Level 1:colcon.colcon_core.package_identification:_identify(.) by extensions ['ignore', 'ignore_ament_install']
[1.669s] Level 1:colcon.colcon_core.package_identification:_identify(.) by extension 'ignore'
[1.669s] Level 1:colcon.colcon_core.package_identification:_identify(.) by extension 'ignore_ament_install'
[1.669s] Level 1:colcon.colcon_core.package_identification:_identify(.) by extensions ['colcon_pkg']
[1.669s] Level 1:colcon.colcon_core.package_identification:_identify(.) by extension 'colcon_pkg'
[1.670s] Level 1:colcon.colcon_core.package_identification:_identify(.) by extensions ['colcon_meta']
[1.670s] Level 1:colcon.colcon_core.package_identification:_identify(.) by extension 'colcon_meta'
[1.670s] Level 1:colcon.colcon_core.package_identification:_identify(.) by extensions ['ros']
[1.670s] Level 1:colcon.colcon_core.package_identification:_identify(.) by extension 'ros'
[1.690s] Level 1:colcon.colcon_core.package_identification:_identify(.) by extensions ['cmake', 'python']
[1.690s] Level 1:colcon.colcon_core.package_identification:_identify(.) by extension 'cmake'
[1.690s] Level 1:colcon.colcon_core.package_identification:_identify(.) by extension 'python'
[1.690s] Level 1:colcon.colcon_core.package_identification:_identify(.) by extensions ['python_setup_py']
[1.690s] Level 1:colcon.colcon_core.package_identification:_identify(.) by extension 'python_setup_py'
[1.690s] Level 1:colcon.colcon_core.package_identification:_identify(build) by extensions ['ignore', 'ignore_ament_install']
[1.690s] Level 1:colcon.colcon_core.package_identification:_identify(build) by extension 'ignore'
[1.691s] Level 1:colcon.colcon_core.package_identification:_identify(build) ignored
[1.691s] Level 1:colcon.colcon_core.package_identification:_identify(install) by extensions ['ignore', 'ignore_ament_install']
[1.691s] Level 1:colcon.colcon_core.package_identification:_identify(install) by extension 'ignore'
[1.691s] Level 1:colcon.colcon_core.package_identification:_identify(install) ignored
[1.691s] Level 1:colcon.colcon_core.package_identification:_identify(lane_analysis_data) by extensions ['ignore', 'ignore_ament_install']
[1.691s] Level 1:colcon.colcon_core.package_identification:_identify(lane_analysis_data) by extension 'ignore'
[1.691s] Level 1:colcon.colcon_core.package_identification:_identify(lane_analysis_data) by extension 'ignore_ament_install'
[1.691s] Level 1:colcon.colcon_core.package_identification:_identify(lane_analysis_data) by extensions ['colcon_pkg']
[1.691s] Level 1:colcon.colcon_core.package_identification:_identify(lane_analysis_data) by extension 'colcon_pkg'
[1.692s] Level 1:colcon.colcon_core.package_identification:_identify(lane_analysis_data) by extensions ['colcon_meta']
[1.692s] Level 1:colcon.colcon_core.package_identification:_identify(lane_analysis_data) by extension 'colcon_meta'
[1.692s] Level 1:colcon.colcon_core.package_identification:_identify(lane_analysis_data) by extensions ['ros']
[1.692s] Level 1:colcon.colcon_core.package_identification:_identify(lane_analysis_data) by extension 'ros'
[1.692s] Level 1:colcon.colcon_core.package_identification:_identify(lane_analysis_data) by extensions ['cmake', 'python']
[1.692s] Level 1:colcon.colcon_core.package_identification:_identify(lane_analysis_data) by extension 'cmake'
[1.692s] Level 1:colcon.colcon_core.package_identification:_identify(lane_analysis_data) by extension 'python'
[1.692s] Level 1:colcon.colcon_core.package_identification:_identify(lane_analysis_data) by extensions ['python_setup_py']
[1.692s] Level 1:colcon.colcon_core.package_identification:_identify(lane_analysis_data) by extension 'python_setup_py'
[1.692s] Level 1:colcon.colcon_core.package_identification:_identify(log) by extensions ['ignore', 'ignore_ament_install']
[1.692s] Level 1:colcon.colcon_core.package_identification:_identify(log) by extension 'ignore'
[1.693s] Level 1:colcon.colcon_core.package_identification:_identify(log) ignored
[1.693s] Level 1:colcon.colcon_core.package_identification:_identify(src) by extensions ['ignore', 'ignore_ament_install']
[1.693s] Level 1:colcon.colcon_core.package_identification:_identify(src) by extension 'ignore'
[1.693s] Level 1:colcon.colcon_core.package_identification:_identify(src) by extension 'ignore_ament_install'
[1.693s] Level 1:colcon.colcon_core.package_identification:_identify(src) by extensions ['colcon_pkg']
[1.693s] Level 1:colcon.colcon_core.package_identification:_identify(src) by extension 'colcon_pkg'
[1.693s] Level 1:colcon.colcon_core.package_identification:_identify(src) by extensions ['colcon_meta']
[1.693s] Level 1:colcon.colcon_core.package_identification:_identify(src) by extension 'colcon_meta'
[1.693s] Level 1:colcon.colcon_core.package_identification:_identify(src) by extensions ['ros']
[1.693s] Level 1:colcon.colcon_core.package_identification:_identify(src) by extension 'ros'
[1.694s] Level 1:colcon.colcon_core.package_identification:_identify(src) by extensions ['cmake', 'python']
[1.694s] Level 1:colcon.colcon_core.package_identification:_identify(src) by extension 'cmake'
[1.694s] Level 1:colcon.colcon_core.package_identification:_identify(src) by extension 'python'
[1.694s] Level 1:colcon.colcon_core.package_identification:_identify(src) by extensions ['python_setup_py']
[1.694s] Level 1:colcon.colcon_core.package_identification:_identify(src) by extension 'python_setup_py'
[1.694s] Level 1:colcon.colcon_core.package_identification:_identify(src/gnss_follower) by extensions ['ignore', 'ignore_ament_install']
[1.694s] Level 1:colcon.colcon_core.package_identification:_identify(src/gnss_follower) by extension 'ignore'
[1.694s] Level 1:colcon.colcon_core.package_identification:_identify(src/gnss_follower) by extension 'ignore_ament_install'
[1.694s] Level 1:colcon.colcon_core.package_identification:_identify(src/gnss_follower) by extensions ['colcon_pkg']
[1.694s] Level 1:colcon.colcon_core.package_identification:_identify(src/gnss_follower) by extension 'colcon_pkg'
[1.694s] Level 1:colcon.colcon_core.package_identification:_identify(src/gnss_follower) by extensions ['colcon_meta']
[1.694s] Level 1:colcon.colcon_core.package_identification:_identify(src/gnss_follower) by extension 'colcon_meta'
[1.695s] Level 1:colcon.colcon_core.package_identification:_identify(src/gnss_follower) by extensions ['ros']
[1.695s] Level 1:colcon.colcon_core.package_identification:_identify(src/gnss_follower) by extension 'ros'
[1.703s] DEBUG:colcon.colcon_core.package_identification:Package 'src/gnss_follower' with type 'ros.ament_python' and name 'gnss_follower'
[1.703s] Level 1:colcon.colcon_core.package_identification:_identify(src/lane_analysis_data) by extensions ['ignore', 'ignore_ament_install']
[1.704s] Level 1:colcon.colcon_core.package_identification:_identify(src/lane_analysis_data) by extension 'ignore'
[1.704s] Level 1:colcon.colcon_core.package_identification:_identify(src/lane_analysis_data) by extension 'ignore_ament_install'
[1.704s] Level 1:colcon.colcon_core.package_identification:_identify(src/lane_analysis_data) by extensions ['colcon_pkg']
[1.704s] Level 1:colcon.colcon_core.package_identification:_identify(src/lane_analysis_data) by extension 'colcon_pkg'
[1.704s] Level 1:colcon.colcon_core.package_identification:_identify(src/lane_analysis_data) by extensions ['colcon_meta']
[1.704s] Level 1:colcon.colcon_core.package_identification:_identify(src/lane_analysis_data) by extension 'colcon_meta'
[1.704s] Level 1:colcon.colcon_core.package_identification:_identify(src/lane_analysis_data) by extensions ['ros']
[1.704s] Level 1:colcon.colcon_core.package_identification:_identify(src/lane_analysis_data) by extension 'ros'
[1.704s] Level 1:colcon.colcon_core.package_identification:_identify(src/lane_analysis_data) by extensions ['cmake', 'python']
[1.704s] Level 1:colcon.colcon_core.package_identification:_identify(src/lane_analysis_data) by extension 'cmake'
[1.704s] Level 1:colcon.colcon_core.package_identification:_identify(src/lane_analysis_data) by extension 'python'
[1.705s] Level 1:colcon.colcon_core.package_identification:_identify(src/lane_analysis_data) by extensions ['python_setup_py']
[1.705s] Level 1:colcon.colcon_core.package_identification:_identify(src/lane_analysis_data) by extension 'python_setup_py'
[1.705s] Level 1:colcon.colcon_core.package_identification:_identify(src/pid_controller) by extensions ['ignore', 'ignore_ament_install']
[1.705s] Level 1:colcon.colcon_core.package_identification:_identify(src/pid_controller) by extension 'ignore'
[1.705s] Level 1:colcon.colcon_core.package_identification:_identify(src/pid_controller) by extension 'ignore_ament_install'
[1.705s] Level 1:colcon.colcon_core.package_identification:_identify(src/pid_controller) by extensions ['colcon_pkg']
[1.705s] Level 1:colcon.colcon_core.package_identification:_identify(src/pid_controller) by extension 'colcon_pkg'
[1.705s] Level 1:colcon.colcon_core.package_identification:_identify(src/pid_controller) by extensions ['colcon_meta']
[1.705s] Level 1:colcon.colcon_core.package_identification:_identify(src/pid_controller) by extension 'colcon_meta'
[1.705s] Level 1:colcon.colcon_core.package_identification:_identify(src/pid_controller) by extensions ['ros']
[1.705s] Level 1:colcon.colcon_core.package_identification:_identify(src/pid_controller) by extension 'ros'
[1.707s] DEBUG:colcon.colcon_core.package_identification:Package 'src/pid_controller' with type 'ros.ament_cmake' and name 'pid_controller'
[1.707s] Level 1:colcon.colcon_core.package_identification:_identify(src/trajectory_follower) by extensions ['ignore', 'ignore_ament_install']
[1.708s] Level 1:colcon.colcon_core.package_identification:_identify(src/trajectory_follower) by extension 'ignore'
[1.708s] Level 1:colcon.colcon_core.package_identification:_identify(src/trajectory_follower) by extension 'ignore_ament_install'
[1.708s] Level 1:colcon.colcon_core.package_identification:_identify(src/trajectory_follower) by extensions ['colcon_pkg']
[1.708s] Level 1:colcon.colcon_core.package_identification:_identify(src/trajectory_follower) by extension 'colcon_pkg'
[1.708s] Level 1:colcon.colcon_core.package_identification:_identify(src/trajectory_follower) by extensions ['colcon_meta']
[1.708s] Level 1:colcon.colcon_core.package_identification:_identify(src/trajectory_follower) by extension 'colcon_meta'
[1.708s] Level 1:colcon.colcon_core.package_identification:_identify(src/trajectory_follower) by extensions ['ros']
[1.708s] Level 1:colcon.colcon_core.package_identification:_identify(src/trajectory_follower) by extension 'ros'
[1.710s] DEBUG:colcon.colcon_core.package_identification:Package 'src/trajectory_follower' with type 'ros.ament_python' and name 'trajectory_follower'
[1.710s] Level 1:colcon.colcon_core.package_discovery:discover_packages(recursive) using defaults
[1.710s] Level 1:colcon.colcon_core.package_discovery:discover_packages(ignore) discover
[1.710s] Level 1:colcon.colcon_core.package_discovery:discover_packages(ignore) using defaults
[1.710s] Level 1:colcon.colcon_core.package_discovery:discover_packages(path) discover
[1.710s] Level 1:colcon.colcon_core.package_discovery:discover_packages(path) using defaults
[1.783s] Level 1:colcon.colcon_core.package_discovery:discover_packages(prefix_path) check parameters
[1.784s] Level 1:colcon.colcon_core.package_discovery:discover_packages(prefix_path) discover
[1.812s] DEBUG:colcon.colcon_installed_package_information.package_discovery:Found 3 installed packages in /home/nvidia/pid_ws/install
[1.814s] DEBUG:colcon.colcon_installed_package_information.package_discovery:Found 25 installed packages in /home/nvidia/workspace/ros2_ws/install
[1.816s] DEBUG:colcon.colcon_installed_package_information.package_discovery:Found 347 installed packages in /opt/ros/foxy
[1.844s] Level 1:colcon.colcon_core.package_discovery:discover_packages(prefix_path) using defaults
[2.108s] Level 5:colcon.colcon_core.verb:set package 'gnss_follower' build argument 'cmake_args' from command line to 'None'
[2.108s] Level 5:colcon.colcon_core.verb:set package 'gnss_follower' build argument 'cmake_target' from command line to 'None'
[2.108s] Level 5:colcon.colcon_core.verb:set package 'gnss_follower' build argument 'cmake_target_skip_unavailable' from command line to 'False'
[2.108s] Level 5:colcon.colcon_core.verb:set package 'gnss_follower' build argument 'cmake_clean_cache' from command line to 'False'
[2.108s] Level 5:colcon.colcon_core.verb:set package 'gnss_follower' build argument 'cmake_clean_first' from command line to 'False'
[2.108s] Level 5:colcon.colcon_core.verb:set package 'gnss_follower' build argument 'cmake_force_configure' from command line to 'False'
[2.108s] Level 5:colcon.colcon_core.verb:set package 'gnss_follower' build argument 'ament_cmake_args' from command line to 'None'
[2.108s] Level 5:colcon.colcon_core.verb:set package 'gnss_follower' build argument 'catkin_cmake_args' from command line to 'None'
[2.108s] Level 5:colcon.colcon_core.verb:set package 'gnss_follower' build argument 'catkin_skip_building_tests' from command line to 'False'
[2.108s] DEBUG:colcon.colcon_core.verb:Building package 'gnss_follower' with the following arguments: {'ament_cmake_args': None, 'build_base': '/home/nvidia/pid_ws/build/gnss_follower', 'catkin_cmake_args': None, 'catkin_skip_building_tests': False, 'cmake_args': None, 'cmake_clean_cache': False, 'cmake_clean_first': False, 'cmake_force_configure': False, 'cmake_target': None, 'cmake_target_skip_unavailable': False, 'install_base': '/home/nvidia/pid_ws/install/gnss_follower', 'merge_install': False, 'path': '/home/nvidia/pid_ws/src/gnss_follower', 'symlink_install': False, 'test_result_base': None}
[2.109s] Level 5:colcon.colcon_core.verb:set package 'pid_controller' build argument 'cmake_args' from command line to 'None'
[2.109s] Level 5:colcon.colcon_core.verb:set package 'pid_controller' build argument 'cmake_target' from command line to 'None'
[2.109s] Level 5:colcon.colcon_core.verb:set package 'pid_controller' build argument 'cmake_target_skip_unavailable' from command line to 'False'
[2.109s] Level 5:colcon.colcon_core.verb:set package 'pid_controller' build argument 'cmake_clean_cache' from command line to 'False'
[2.109s] Level 5:colcon.colcon_core.verb:set package 'pid_controller' build argument 'cmake_clean_first' from command line to 'False'
[2.109s] Level 5:colcon.colcon_core.verb:set package 'pid_controller' build argument 'cmake_force_configure' from command line to 'False'
[2.109s] Level 5:colcon.colcon_core.verb:set package 'pid_controller' build argument 'ament_cmake_args' from command line to 'None'
[2.109s] Level 5:colcon.colcon_core.verb:set package 'pid_controller' build argument 'catkin_cmake_args' from command line to 'None'
[2.109s] Level 5:colcon.colcon_core.verb:set package 'pid_controller' build argument 'catkin_skip_building_tests' from command line to 'False'
[2.109s] DEBUG:colcon.colcon_core.verb:Building package 'pid_controller' with the following arguments: {'ament_cmake_args': None, 'build_base': '/home/nvidia/pid_ws/build/pid_controller', 'catkin_cmake_args': None, 'catkin_skip_building_tests': False, 'cmake_args': None, 'cmake_clean_cache': False, 'cmake_clean_first': False, 'cmake_force_configure': False, 'cmake_target': None, 'cmake_target_skip_unavailable': False, 'install_base': '/home/nvidia/pid_ws/install/pid_controller', 'merge_install': False, 'path': '/home/nvidia/pid_ws/src/pid_controller', 'symlink_install': False, 'test_result_base': None}
[2.109s] Level 5:colcon.colcon_core.verb:set package 'trajectory_follower' build argument 'cmake_args' from command line to 'None'
[2.110s] Level 5:colcon.colcon_core.verb:set package 'trajectory_follower' build argument 'cmake_target' from command line to 'None'
[2.110s] Level 5:colcon.colcon_core.verb:set package 'trajectory_follower' build argument 'cmake_target_skip_unavailable' from command line to 'False'
[2.110s] Level 5:colcon.colcon_core.verb:set package 'trajectory_follower' build argument 'cmake_clean_cache' from command line to 'False'
[2.110s] Level 5:colcon.colcon_core.verb:set package 'trajectory_follower' build argument 'cmake_clean_first' from command line to 'False'
[2.110s] Level 5:colcon.colcon_core.verb:set package 'trajectory_follower' build argument 'cmake_force_configure' from command line to 'False'
[2.110s] Level 5:colcon.colcon_core.verb:set package 'trajectory_follower' build argument 'ament_cmake_args' from command line to 'None'
[2.110s] Level 5:colcon.colcon_core.verb:set package 'trajectory_follower' build argument 'catkin_cmake_args' from command line to 'None'
[2.110s] Level 5:colcon.colcon_core.verb:set package 'trajectory_follower' build argument 'catkin_skip_building_tests' from command line to 'False'
[2.110s] DEBUG:colcon.colcon_core.verb:Building package 'trajectory_follower' with the following arguments: {'ament_cmake_args': None, 'build_base': '/home/nvidia/pid_ws/build/trajectory_follower', 'catkin_cmake_args': None, 'catkin_skip_building_tests': False, 'cmake_args': None, 'cmake_clean_cache': False, 'cmake_clean_first': False, 'cmake_force_configure': False, 'cmake_target': None, 'cmake_target_skip_unavailable': False, 'install_base': '/home/nvidia/pid_ws/install/trajectory_follower', 'merge_install': False, 'path': '/home/nvidia/pid_ws/src/trajectory_follower', 'symlink_install': False, 'test_result_base': None}
[2.110s] INFO:colcon.colcon_core.executor:Executing jobs using 'parallel' executor
[2.112s] DEBUG:colcon.colcon_parallel_executor.executor.parallel:run_until_complete
[2.112s] INFO:colcon.colcon_ros.task.ament_python.build:Building ROS package in '/home/nvidia/pid_ws/src/gnss_follower' with build type 'ament_python'
[2.112s] Level 1:colcon.colcon_core.shell:create_environment_hook('gnss_follower', 'ament_prefix_path')
[2.141s] INFO:colcon.colcon_core.plugin_system:Skipping extension 'colcon_core.shell.bat': Not used on non-Windows systems
[2.141s] INFO:colcon.colcon_core.shell:Creating environment hook '/home/nvidia/pid_ws/install/gnss_follower/share/gnss_follower/hook/ament_prefix_path.ps1'
[2.143s] INFO:colcon.colcon_core.shell:Creating environment descriptor '/home/nvidia/pid_ws/install/gnss_follower/share/gnss_follower/hook/ament_prefix_path.dsv'
[2.145s] INFO:colcon.colcon_core.shell:Creating environment hook '/home/nvidia/pid_ws/install/gnss_follower/share/gnss_follower/hook/ament_prefix_path.sh'
[2.147s] INFO:colcon.colcon_core.shell:Skip shell extension 'powershell' for command environment: Not usable outside of PowerShell
[2.147s] DEBUG:colcon.colcon_core.shell:Skip shell extension 'dsv' for command environment
[2.157s] INFO:colcon.colcon_ros.task.ament_cmake.build:Building ROS package in '/home/nvidia/pid_ws/src/pid_controller' with build type 'ament_cmake'
[2.158s] INFO:colcon.colcon_cmake.task.cmake.build:Building CMake package in '/home/nvidia/pid_ws/src/pid_controller'
[2.159s] INFO:colcon.colcon_core.shell:Skip shell extension 'powershell' for command environment: Not usable outside of PowerShell
[2.159s] DEBUG:colcon.colcon_core.shell:Skip shell extension 'dsv' for command environment
[2.170s] INFO:colcon.colcon_ros.task.ament_python.build:Building ROS package in '/home/nvidia/pid_ws/src/trajectory_follower' with build type 'ament_python'
[2.171s] Level 1:colcon.colcon_core.shell:create_environment_hook('trajectory_follower', 'ament_prefix_path')
[2.171s] INFO:colcon.colcon_core.shell:Creating environment hook '/home/nvidia/pid_ws/install/trajectory_follower/share/trajectory_follower/hook/ament_prefix_path.ps1'
[2.173s] INFO:colcon.colcon_core.shell:Creating environment descriptor '/home/nvidia/pid_ws/install/trajectory_follower/share/trajectory_follower/hook/ament_prefix_path.dsv'
[2.174s] INFO:colcon.colcon_core.shell:Creating environment hook '/home/nvidia/pid_ws/install/trajectory_follower/share/trajectory_follower/hook/ament_prefix_path.sh'
[2.175s] INFO:colcon.colcon_core.shell:Skip shell extension 'powershell' for command environment: Not usable outside of PowerShell
[2.175s] DEBUG:colcon.colcon_core.shell:Skip shell extension 'dsv' for command environment
[2.612s] INFO:colcon.colcon_core.task.python.build:Building Python package in '/home/nvidia/pid_ws/src/gnss_follower'
[2.613s] INFO:colcon.colcon_core.shell:Skip shell extension 'powershell' for command environment: Not usable outside of PowerShell
[2.613s] DEBUG:colcon.colcon_core.shell:Skip shell extension 'dsv' for command environment
[2.648s] DEBUG:colcon.colcon_core.event_handler.log_command:Invoking command in '/home/nvidia/pid_ws/build/pid_controller': CMAKE_PREFIX_PATH=${CMAKE_PREFIX_PATH}:/home/nvidia/pid_ws/install/trajectory_follower:/home/nvidia/pid_ws/install/gnss_follower:/home/nvidia/workspace/ros2_ws/install/simulator:/home/nvidia/workspace/ros2_ws/install/motor_controller:/home/nvidia/workspace/ros2_ws/install/vehicle:/home/nvidia/workspace/ros2_ws/install/road_detector:/home/nvidia/workspace/ros2_ws/install/rear_potentiometer:/home/nvidia/workspace/ros2_ws/install/obsticle_avoidence:/home/nvidia/workspace/ros2_ws/install/object_detector:/home/nvidia/workspace/ros2_ws/install/new_detector:/home/nvidia/workspace/ros2_ws/install/common_python:/home/nvidia/workspace/ros2_ws/install/lane_points:/home/nvidia/workspace/ros2_ws/install/kalman_filter:/home/nvidia/workspace/ros2_ws/install/auto_launch:/opt/ros/foxy /usr/bin/cmake --build /home/nvidia/pid_ws/build/pid_controller -- -j12 -l12
[3.095s] INFO:colcon.colcon_core.task.python.build:Building Python package in '/home/nvidia/pid_ws/src/trajectory_follower'
[3.096s] INFO:colcon.colcon_core.shell:Skip shell extension 'powershell' for command environment: Not usable outside of PowerShell
[3.096s] DEBUG:colcon.colcon_core.shell:Skip shell extension 'dsv' for command environment
[3.124s] DEBUG:colcon.colcon_core.event_handler.log_command:Invoked command in '/home/nvidia/pid_ws/build/pid_controller' returned '0': CMAKE_PREFIX_PATH=${CMAKE_PREFIX_PATH}:/home/nvidia/pid_ws/install/trajectory_follower:/home/nvidia/pid_ws/install/gnss_follower:/home/nvidia/workspace/ros2_ws/install/simulator:/home/nvidia/workspace/ros2_ws/install/motor_controller:/home/nvidia/workspace/ros2_ws/install/vehicle:/home/nvidia/workspace/ros2_ws/install/road_detector:/home/nvidia/workspace/ros2_ws/install/rear_potentiometer:/home/nvidia/workspace/ros2_ws/install/obsticle_avoidence:/home/nvidia/workspace/ros2_ws/install/object_detector:/home/nvidia/workspace/ros2_ws/install/new_detector:/home/nvidia/workspace/ros2_ws/install/common_python:/home/nvidia/workspace/ros2_ws/install/lane_points:/home/nvidia/workspace/ros2_ws/install/kalman_filter:/home/nvidia/workspace/ros2_ws/install/auto_launch:/opt/ros/foxy /usr/bin/cmake --build /home/nvidia/pid_ws/build/pid_controller -- -j12 -l12
[3.149s] DEBUG:colcon.colcon_core.event_handler.log_command:Invoking command in '/home/nvidia/pid_ws/build/pid_controller': CMAKE_PREFIX_PATH=${CMAKE_PREFIX_PATH}:/home/nvidia/pid_ws/install/trajectory_follower:/home/nvidia/pid_ws/install/gnss_follower:/home/nvidia/workspace/ros2_ws/install/simulator:/home/nvidia/workspace/ros2_ws/install/motor_controller:/home/nvidia/workspace/ros2_ws/install/vehicle:/home/nvidia/workspace/ros2_ws/install/road_detector:/home/nvidia/workspace/ros2_ws/install/rear_potentiometer:/home/nvidia/workspace/ros2_ws/install/obsticle_avoidence:/home/nvidia/workspace/ros2_ws/install/object_detector:/home/nvidia/workspace/ros2_ws/install/new_detector:/home/nvidia/workspace/ros2_ws/install/common_python:/home/nvidia/workspace/ros2_ws/install/lane_points:/home/nvidia/workspace/ros2_ws/install/kalman_filter:/home/nvidia/workspace/ros2_ws/install/auto_launch:/opt/ros/foxy /usr/bin/cmake --install /home/nvidia/pid_ws/build/pid_controller
[3.180s] Level 1:colcon.colcon_core.environment:create_environment_scripts_only(pid_controller)
[3.181s] DEBUG:colcon.colcon_core.event_handler.log_command:Invoked command in '/home/nvidia/pid_ws/build/pid_controller' returned '0': CMAKE_PREFIX_PATH=${CMAKE_PREFIX_PATH}:/home/nvidia/pid_ws/install/trajectory_follower:/home/nvidia/pid_ws/install/gnss_follower:/home/nvidia/workspace/ros2_ws/install/simulator:/home/nvidia/workspace/ros2_ws/install/motor_controller:/home/nvidia/workspace/ros2_ws/install/vehicle:/home/nvidia/workspace/ros2_ws/install/road_detector:/home/nvidia/workspace/ros2_ws/install/rear_potentiometer:/home/nvidia/workspace/ros2_ws/install/obsticle_avoidence:/home/nvidia/workspace/ros2_ws/install/object_detector:/home/nvidia/workspace/ros2_ws/install/new_detector:/home/nvidia/workspace/ros2_ws/install/common_python:/home/nvidia/workspace/ros2_ws/install/lane_points:/home/nvidia/workspace/ros2_ws/install/kalman_filter:/home/nvidia/workspace/ros2_ws/install/auto_launch:/opt/ros/foxy /usr/bin/cmake --install /home/nvidia/pid_ws/build/pid_controller
[3.194s] Level 1:colcon.colcon_core.environment:checking '/home/nvidia/pid_ws/install/pid_controller' for CMake module files
[3.195s] Level 1:colcon.colcon_core.environment:checking '/home/nvidia/pid_ws/install/pid_controller' for CMake config files
[3.196s] Level 1:colcon.colcon_core.shell:create_environment_hook('pid_controller', 'cmake_prefix_path')
[3.196s] INFO:colcon.colcon_core.shell:Creating environment hook '/home/nvidia/pid_ws/install/pid_controller/share/pid_controller/hook/cmake_prefix_path.ps1'
[3.198s] INFO:colcon.colcon_core.shell:Creating environment descriptor '/home/nvidia/pid_ws/install/pid_controller/share/pid_controller/hook/cmake_prefix_path.dsv'
[3.198s] INFO:colcon.colcon_core.shell:Creating environment hook '/home/nvidia/pid_ws/install/pid_controller/share/pid_controller/hook/cmake_prefix_path.sh'
[3.200s] Level 1:colcon.colcon_core.environment:checking '/home/nvidia/pid_ws/install/pid_controller/lib'
[3.200s] Level 1:colcon.colcon_core.environment:checking '/home/nvidia/pid_ws/install/pid_controller/bin'
[3.200s] Level 1:colcon.colcon_core.environment:checking '/home/nvidia/pid_ws/install/pid_controller/lib/pkgconfig/pid_controller.pc'
[3.201s] Level 1:colcon.colcon_core.environment:checking '/home/nvidia/pid_ws/install/pid_controller/lib/python3.8/site-packages'
[3.201s] Level 1:colcon.colcon_core.environment:checking '/home/nvidia/pid_ws/install/pid_controller/bin'
[3.201s] INFO:colcon.colcon_core.shell:Creating package script '/home/nvidia/pid_ws/install/pid_controller/share/pid_controller/package.ps1'
[3.207s] INFO:colcon.colcon_core.shell:Creating package descriptor '/home/nvidia/pid_ws/install/pid_controller/share/pid_controller/package.dsv'
[3.214s] INFO:colcon.colcon_core.shell:Creating package script '/home/nvidia/pid_ws/install/pid_controller/share/pid_controller/package.sh'
[3.223s] INFO:colcon.colcon_core.shell:Creating package script '/home/nvidia/pid_ws/install/pid_controller/share/pid_controller/package.bash'
[3.238s] INFO:colcon.colcon_core.shell:Creating package script '/home/nvidia/pid_ws/install/pid_controller/share/pid_controller/package.zsh'
[3.241s] Level 1:colcon.colcon_core.environment:create_file_with_runtime_dependencies(/home/nvidia/pid_ws/install/pid_controller/share/colcon-core/packages/pid_controller)
[3.243s] Level 1:colcon.colcon_core.environment:create_environment_scripts_only(pid_controller)
[3.243s] Level 1:colcon.colcon_core.environment:checking '/home/nvidia/pid_ws/install/pid_controller' for CMake module files
[3.244s] Level 1:colcon.colcon_core.environment:checking '/home/nvidia/pid_ws/install/pid_controller' for CMake config files
[3.245s] Level 1:colcon.colcon_core.shell:create_environment_hook('pid_controller', 'cmake_prefix_path')
[3.245s] INFO:colcon.colcon_core.shell:Creating environment hook '/home/nvidia/pid_ws/install/pid_controller/share/pid_controller/hook/cmake_prefix_path.ps1'
[3.246s] INFO:colcon.colcon_core.shell:Creating environment descriptor '/home/nvidia/pid_ws/install/pid_controller/share/pid_controller/hook/cmake_prefix_path.dsv'
[3.248s] INFO:colcon.colcon_core.shell:Creating environment hook '/home/nvidia/pid_ws/install/pid_controller/share/pid_controller/hook/cmake_prefix_path.sh'
[3.250s] Level 1:colcon.colcon_core.environment:checking '/home/nvidia/pid_ws/install/pid_controller/lib'
[3.250s] Level 1:colcon.colcon_core.environment:checking '/home/nvidia/pid_ws/install/pid_controller/bin'
[3.250s] Level 1:colcon.colcon_core.environment:checking '/home/nvidia/pid_ws/install/pid_controller/lib/pkgconfig/pid_controller.pc'
[3.250s] Level 1:colcon.colcon_core.environment:checking '/home/nvidia/pid_ws/install/pid_controller/lib/python3.8/site-packages'
[3.250s] Level 1:colcon.colcon_core.environment:checking '/home/nvidia/pid_ws/install/pid_controller/bin'
[3.251s] INFO:colcon.colcon_core.shell:Creating package script '/home/nvidia/pid_ws/install/pid_controller/share/pid_controller/package.ps1'
[3.252s] INFO:colcon.colcon_core.shell:Creating package descriptor '/home/nvidia/pid_ws/install/pid_controller/share/pid_controller/package.dsv'
[3.253s] INFO:colcon.colcon_core.shell:Creating package script '/home/nvidia/pid_ws/install/pid_controller/share/pid_controller/package.sh'
[3.254s] INFO:colcon.colcon_core.shell:Creating package script '/home/nvidia/pid_ws/install/pid_controller/share/pid_controller/package.bash'
[3.254s] INFO:colcon.colcon_core.shell:Creating package script '/home/nvidia/pid_ws/install/pid_controller/share/pid_controller/package.zsh'
[3.255s] Level 1:colcon.colcon_core.environment:create_file_with_runtime_dependencies(/home/nvidia/pid_ws/install/pid_controller/share/colcon-core/packages/pid_controller)
[4.032s] DEBUG:colcon.colcon_core.event_handler.log_command:Invoking command in '/home/nvidia/pid_ws/src/trajectory_follower': PYTHONPATH=/home/nvidia/pid_ws/build/trajectory_follower/prefix_override:/usr/lib/python3/dist-packages/colcon_core/task/python/colcon_distutils_commands:/home/nvidia/pid_ws/install/trajectory_follower/lib/python3.8/site-packages:${PYTHONPATH} /usr/bin/python3 -W ignore:setup.py install is deprecated -W ignore:easy_install command is deprecated setup.py egg_info --egg-base ../../build/trajectory_follower build --build-base /home/nvidia/pid_ws/build/trajectory_follower/build install --record /home/nvidia/pid_ws/build/trajectory_follower/install.log --install-scripts $base/lib/trajectory_follower --single-version-externally-managed install_data
[4.037s] DEBUG:colcon.colcon_core.event_handler.log_command:Invoking command in '/home/nvidia/pid_ws/src/gnss_follower': PYTHONPATH=/home/nvidia/pid_ws/build/gnss_follower/prefix_override:/usr/lib/python3/dist-packages/colcon_core/task/python/colcon_distutils_commands:/home/nvidia/pid_ws/install/gnss_follower/lib/python3.8/site-packages:${PYTHONPATH} /usr/bin/python3 -W ignore:setup.py install is deprecated -W ignore:easy_install command is deprecated setup.py egg_info --egg-base ../../build/gnss_follower build --build-base /home/nvidia/pid_ws/build/gnss_follower/build install --record /home/nvidia/pid_ws/build/gnss_follower/install.log --install-scripts $base/lib/gnss_follower --single-version-externally-managed install_data
[4.610s] Level 1:colcon.colcon_core.environment:checking '/home/nvidia/pid_ws/install/gnss_follower' for CMake module files
[4.611s] DEBUG:colcon.colcon_core.event_handler.log_command:Invoked command in '/home/nvidia/pid_ws/src/gnss_follower' returned '0': PYTHONPATH=/home/nvidia/pid_ws/build/gnss_follower/prefix_override:/usr/lib/python3/dist-packages/colcon_core/task/python/colcon_distutils_commands:/home/nvidia/pid_ws/install/gnss_follower/lib/python3.8/site-packages:${PYTHONPATH} /usr/bin/python3 -W ignore:setup.py install is deprecated -W ignore:easy_install command is deprecated setup.py egg_info --egg-base ../../build/gnss_follower build --build-base /home/nvidia/pid_ws/build/gnss_follower/build install --record /home/nvidia/pid_ws/build/gnss_follower/install.log --install-scripts $base/lib/gnss_follower --single-version-externally-managed install_data
[4.612s] Level 1:colcon.colcon_core.environment:checking '/home/nvidia/pid_ws/install/gnss_follower' for CMake config files
[4.613s] Level 1:colcon.colcon_core.environment:checking '/home/nvidia/pid_ws/install/gnss_follower/lib'
[4.613s] Level 1:colcon.colcon_core.environment:checking '/home/nvidia/pid_ws/install/gnss_follower/bin'
[4.613s] Level 1:colcon.colcon_core.environment:checking '/home/nvidia/pid_ws/install/gnss_follower/lib/pkgconfig/gnss_follower.pc'
[4.614s] Level 1:colcon.colcon_core.environment:checking '/home/nvidia/pid_ws/install/gnss_follower/lib/python3.8/site-packages'
[4.614s] Level 1:colcon.colcon_core.shell:create_environment_hook('gnss_follower', 'pythonpath')
[4.614s] INFO:colcon.colcon_core.shell:Creating environment hook '/home/nvidia/pid_ws/install/gnss_follower/share/gnss_follower/hook/pythonpath.ps1'
[4.616s] INFO:colcon.colcon_core.shell:Creating environment descriptor '/home/nvidia/pid_ws/install/gnss_follower/share/gnss_follower/hook/pythonpath.dsv'
[4.616s] INFO:colcon.colcon_core.shell:Creating environment hook '/home/nvidia/pid_ws/install/gnss_follower/share/gnss_follower/hook/pythonpath.sh'
[4.622s] Level 1:colcon.colcon_core.environment:checking '/home/nvidia/pid_ws/install/gnss_follower/bin'
[4.623s] Level 1:colcon.colcon_core.environment:create_environment_scripts_only(gnss_follower)
[4.623s] INFO:colcon.colcon_core.shell:Creating package script '/home/nvidia/pid_ws/install/gnss_follower/share/gnss_follower/package.ps1'
[4.625s] INFO:colcon.colcon_core.shell:Creating package descriptor '/home/nvidia/pid_ws/install/gnss_follower/share/gnss_follower/package.dsv'
[4.626s] INFO:colcon.colcon_core.shell:Creating package script '/home/nvidia/pid_ws/install/gnss_follower/share/gnss_follower/package.sh'
[4.626s] INFO:colcon.colcon_core.shell:Creating package script '/home/nvidia/pid_ws/install/gnss_follower/share/gnss_follower/package.bash'
[4.627s] INFO:colcon.colcon_core.shell:Creating package script '/home/nvidia/pid_ws/install/gnss_follower/share/gnss_follower/package.zsh'
[4.628s] Level 1:colcon.colcon_core.environment:create_file_with_runtime_dependencies(/home/nvidia/pid_ws/install/gnss_follower/share/colcon-core/packages/gnss_follower)
[4.630s] Level 1:colcon.colcon_core.environment:checking '/home/nvidia/pid_ws/install/trajectory_follower' for CMake module files
[4.631s] DEBUG:colcon.colcon_core.event_handler.log_command:Invoked command in '/home/nvidia/pid_ws/src/trajectory_follower' returned '0': PYTHONPATH=/home/nvidia/pid_ws/build/trajectory_follower/prefix_override:/usr/lib/python3/dist-packages/colcon_core/task/python/colcon_distutils_commands:/home/nvidia/pid_ws/install/trajectory_follower/lib/python3.8/site-packages:${PYTHONPATH} /usr/bin/python3 -W ignore:setup.py install is deprecated -W ignore:easy_install command is deprecated setup.py egg_info --egg-base ../../build/trajectory_follower build --build-base /home/nvidia/pid_ws/build/trajectory_follower/build install --record /home/nvidia/pid_ws/build/trajectory_follower/install.log --install-scripts $base/lib/trajectory_follower --single-version-externally-managed install_data
[4.632s] Level 1:colcon.colcon_core.environment:checking '/home/nvidia/pid_ws/install/trajectory_follower' for CMake config files
[4.633s] Level 1:colcon.colcon_core.environment:checking '/home/nvidia/pid_ws/install/trajectory_follower/lib'
[4.634s] Level 1:colcon.colcon_core.environment:checking '/home/nvidia/pid_ws/install/trajectory_follower/bin'
[4.634s] Level 1:colcon.colcon_core.environment:checking '/home/nvidia/pid_ws/install/trajectory_follower/lib/pkgconfig/trajectory_follower.pc'
[4.634s] Level 1:colcon.colcon_core.environment:checking '/home/nvidia/pid_ws/install/trajectory_follower/lib/python3.8/site-packages'
[4.634s] Level 1:colcon.colcon_core.shell:create_environment_hook('trajectory_follower', 'pythonpath')
[4.634s] INFO:colcon.colcon_core.shell:Creating environment hook '/home/nvidia/pid_ws/install/trajectory_follower/share/trajectory_follower/hook/pythonpath.ps1'
[4.636s] INFO:colcon.colcon_core.shell:Creating environment descriptor '/home/nvidia/pid_ws/install/trajectory_follower/share/trajectory_follower/hook/pythonpath.dsv'
[4.639s] INFO:colcon.colcon_core.shell:Creating environment hook '/home/nvidia/pid_ws/install/trajectory_follower/share/trajectory_follower/hook/pythonpath.sh'
[4.641s] Level 1:colcon.colcon_core.environment:checking '/home/nvidia/pid_ws/install/trajectory_follower/bin'
[4.641s] Level 1:colcon.colcon_core.environment:create_environment_scripts_only(trajectory_follower)
[4.642s] INFO:colcon.colcon_core.shell:Creating package script '/home/nvidia/pid_ws/install/trajectory_follower/share/trajectory_follower/package.ps1'
[4.646s] INFO:colcon.colcon_core.shell:Creating package descriptor '/home/nvidia/pid_ws/install/trajectory_follower/share/trajectory_follower/package.dsv'
[4.649s] INFO:colcon.colcon_core.shell:Creating package script '/home/nvidia/pid_ws/install/trajectory_follower/share/trajectory_follower/package.sh'
[4.650s] INFO:colcon.colcon_core.shell:Creating package script '/home/nvidia/pid_ws/install/trajectory_follower/share/trajectory_follower/package.bash'
[4.651s] INFO:colcon.colcon_core.shell:Creating package script '/home/nvidia/pid_ws/install/trajectory_follower/share/trajectory_follower/package.zsh'
[4.652s] Level 1:colcon.colcon_core.environment:create_file_with_runtime_dependencies(/home/nvidia/pid_ws/install/trajectory_follower/share/colcon-core/packages/trajectory_follower)
[4.653s] DEBUG:colcon.colcon_parallel_executor.executor.parallel:closing loop
[4.656s] DEBUG:colcon.colcon_parallel_executor.executor.parallel:loop closed
[4.656s] DEBUG:colcon.colcon_parallel_executor.executor.parallel:run_until_complete finished with '0'
[4.656s] DEBUG:colcon.colcon_core.event_reactor:joining thread
[4.671s] INFO:colcon.colcon_core.plugin_system:Skipping extension 'colcon_notification.desktop_notification.terminal_notifier': Not used on non-Darwin systems
[4.671s] INFO:colcon.colcon_core.plugin_system:Skipping extension 'colcon_notification.desktop_notification.win32': Not used on non-Windows systems
[4.671s] INFO:colcon.colcon_notification.desktop_notification:Sending desktop notification using 'notify2'
[4.715s] DEBUG:colcon.colcon_core.event_reactor:joined thread
[4.716s] INFO:colcon.colcon_core.shell:Creating prefix script '/home/nvidia/pid_ws/install/local_setup.ps1'
[4.719s] INFO:colcon.colcon_core.shell:Creating prefix util module '/home/nvidia/pid_ws/install/_local_setup_util_ps1.py'
[4.723s] INFO:colcon.colcon_core.shell:Creating prefix chain script '/home/nvidia/pid_ws/install/setup.ps1'
[4.732s] INFO:colcon.colcon_core.shell:Creating prefix script '/home/nvidia/pid_ws/install/local_setup.sh'
[4.734s] INFO:colcon.colcon_core.shell:Creating prefix util module '/home/nvidia/pid_ws/install/_local_setup_util_sh.py'
[4.736s] INFO:colcon.colcon_core.shell:Creating prefix chain script '/home/nvidia/pid_ws/install/setup.sh'
[4.744s] INFO:colcon.colcon_core.shell:Creating prefix script '/home/nvidia/pid_ws/install/local_setup.bash'
[4.745s] INFO:colcon.colcon_core.shell:Creating prefix chain script '/home/nvidia/pid_ws/install/setup.bash'
[4.750s] INFO:colcon.colcon_core.shell:Creating prefix script '/home/nvidia/pid_ws/install/local_setup.zsh'
[4.751s] INFO:colcon.colcon_core.shell:Creating prefix chain script '/home/nvidia/pid_ws/install/setup.zsh'
