[0.464s] Invoking command in '/home/nvidia/pid_ws/build/pid_controller': CMAKE_PREFIX_PATH=${CMAKE_PREFIX_PATH}:/home/nvidia/pid_ws/src/install/trajectory_follower:/home/nvidia/pid_ws/src/install/gnss_follower:/home/nvidia/workspace/ros2_ws/install/simulator:/home/nvidia/workspace/ros2_ws/install/motor_controller:/home/nvidia/workspace/ros2_ws/install/vehicle:/home/nvidia/workspace/ros2_ws/install/road_detector:/home/nvidia/workspace/ros2_ws/install/rear_potentiometer:/home/nvidia/workspace/ros2_ws/install/object_detector:/home/nvidia/workspace/ros2_ws/install/new_detector:/home/nvidia/workspace/ros2_ws/install/common_python:/home/nvidia/workspace/ros2_ws/install/lane_points:/home/nvidia/workspace/ros2_ws/install/kalman_filter:/home/nvidia/workspace/ros2_ws/install/auto_launch:/opt/ros/foxy /usr/bin/cmake /home/nvidia/pid_ws/src/pid_controller -DCMAKE_INSTALL_PREFIX=/home/nvidia/pid_ws/install/pid_controller
[0.567s] -- The C compiler identification is GNU 9.4.0
[0.649s] -- The CXX compiler identification is GNU 9.4.0
[0.657s] -- Check for working C compiler: /usr/bin/cc
[0.782s] -- Check for working C compiler: /usr/bin/cc -- works
[0.784s] -- Detecting C compiler ABI info
[0.904s] -- Detecting C compiler ABI info - done
[0.920s] -- Detecting C compile features
[0.920s] -- Detecting C compile features - done
[0.923s] -- Check for working CXX compiler: /usr/bin/c++
[1.057s] -- Check for working CXX compiler: /usr/bin/c++ -- works
[1.058s] -- Detecting CXX compiler ABI info
[1.190s] -- Detecting CXX compiler ABI info - done
[1.204s] -- Detecting CXX compile features
[1.204s] -- Detecting CXX compile features - done
[1.211s] -- Found ament_cmake: 0.9.12 (/opt/ros/foxy/share/ament_cmake/cmake)
[1.274s] -- Found PythonInterp: /usr/bin/python3 (found suitable version "3.8.10", minimum required is "3") 
[1.274s] -- Using PYTHON_EXECUTABLE: /usr/bin/python3
[1.677s] -- Found rclcpp: 2.4.3 (/opt/ros/foxy/share/rclcpp/cmake)
[1.773s] -- Using all available rosidl_typesupport_c: rosidl_typesupport_fastrtps_c;rosidl_typesupport_introspection_c
[1.790s] -- Found rosidl_adapter: 1.3.1 (/opt/ros/foxy/share/rosidl_adapter/cmake)
[1.962s] -- Found OpenSSL: /usr/lib/aarch64-linux-gnu/libcrypto.so (found version "1.1.1f")  
[2.018s] -- Found FastRTPS: /opt/ros/foxy/include  
[2.177s] -- Using all available rosidl_typesupport_cpp: rosidl_typesupport_fastrtps_cpp;rosidl_typesupport_introspection_cpp
[2.278s] -- Found rmw_implementation_cmake: 1.0.4 (/opt/ros/foxy/share/rmw_implementation_cmake/cmake)
[2.283s] -- Using RMW implementation 'rmw_fastrtps_cpp' as default
[2.284s] -- Looking for pthread.h
[2.413s] -- Looking for pthread.h - found
[2.413s] -- Performing Test CMAKE_HAVE_LIBC_PTHREAD
[2.551s] -- Performing Test CMAKE_HAVE_LIBC_PTHREAD - Failed
[2.551s] -- Looking for pthread_create in pthreads
[2.668s] -- Looking for pthread_create in pthreads - not found
[2.668s] -- Looking for pthread_create in pthread
[2.794s] -- Looking for pthread_create in pthread - found
[2.796s] -- Found Threads: TRUE  
[3.029s] -- Found geometry_msgs: 2.0.5 (/opt/ros/foxy/share/geometry_msgs/cmake)
[3.079s] -- Found ament_lint_auto: 0.9.8 (/opt/ros/foxy/share/ament_lint_auto/cmake)
[3.247s] -- Added test 'copyright' to check source files copyright and LICENSE
[3.248s] -- Added test 'cppcheck' to perform static code analysis on C / C++ code
[3.249s] -- Configured cppcheck include dirs: 
[3.249s] -- Configured cppcheck exclude dirs and/or files: 
[3.250s] -- Added test 'cpplint' to check C / C++ code against the Google style
[3.250s] -- Configured cpplint exclude dirs and/or files: 
[3.251s] -- Added test 'flake8' to check Python code syntax and style conventions
[3.252s] -- Added test 'lint_cmake' to check CMake code style
[3.253s] -- Added test 'pep257' to check Python code against some of the style conventions in PEP 257
[3.255s] -- Added test 'uncrustify' to check C / C++ code style
[3.255s] -- Configured uncrustify additional arguments: 
[3.256s] -- Added test 'xmllint' to check XML markup files
[3.263s] -- Configuring done
[3.274s] -- Generating done
[3.284s] -- Build files have been written to: /home/nvidia/pid_ws/build/pid_controller
[3.305s] Invoked command in '/home/nvidia/pid_ws/build/pid_controller' returned '0': CMAKE_PREFIX_PATH=${CMAKE_PREFIX_PATH}:/home/nvidia/pid_ws/src/install/trajectory_follower:/home/nvidia/pid_ws/src/install/gnss_follower:/home/nvidia/workspace/ros2_ws/install/simulator:/home/nvidia/workspace/ros2_ws/install/motor_controller:/home/nvidia/workspace/ros2_ws/install/vehicle:/home/nvidia/workspace/ros2_ws/install/road_detector:/home/nvidia/workspace/ros2_ws/install/rear_potentiometer:/home/nvidia/workspace/ros2_ws/install/object_detector:/home/nvidia/workspace/ros2_ws/install/new_detector:/home/nvidia/workspace/ros2_ws/install/common_python:/home/nvidia/workspace/ros2_ws/install/lane_points:/home/nvidia/workspace/ros2_ws/install/kalman_filter:/home/nvidia/workspace/ros2_ws/install/auto_launch:/opt/ros/foxy /usr/bin/cmake /home/nvidia/pid_ws/src/pid_controller -DCMAKE_INSTALL_PREFIX=/home/nvidia/pid_ws/install/pid_controller
[3.310s] Invoking command in '/home/nvidia/pid_ws/build/pid_controller': CMAKE_PREFIX_PATH=${CMAKE_PREFIX_PATH}:/home/nvidia/pid_ws/src/install/trajectory_follower:/home/nvidia/pid_ws/src/install/gnss_follower:/home/nvidia/workspace/ros2_ws/install/simulator:/home/nvidia/workspace/ros2_ws/install/motor_controller:/home/nvidia/workspace/ros2_ws/install/vehicle:/home/nvidia/workspace/ros2_ws/install/road_detector:/home/nvidia/workspace/ros2_ws/install/rear_potentiometer:/home/nvidia/workspace/ros2_ws/install/object_detector:/home/nvidia/workspace/ros2_ws/install/new_detector:/home/nvidia/workspace/ros2_ws/install/common_python:/home/nvidia/workspace/ros2_ws/install/lane_points:/home/nvidia/workspace/ros2_ws/install/kalman_filter:/home/nvidia/workspace/ros2_ws/install/auto_launch:/opt/ros/foxy /usr/bin/cmake --build /home/nvidia/pid_ws/build/pid_controller -- -j12 -l12
[3.391s] [35m[1mScanning dependencies of target my_pid[0m
[3.445s] [ 50%] [32mBuilding CXX object CMakeFiles/my_pid.dir/src/my_pid.cpp.o[0m
[14.086s] [100%] [32m[1mLinking CXX executable my_pid[0m
[14.540s] [100%] Built target my_pid
[14.564s] Invoked command in '/home/nvidia/pid_ws/build/pid_controller' returned '0': CMAKE_PREFIX_PATH=${CMAKE_PREFIX_PATH}:/home/nvidia/pid_ws/src/install/trajectory_follower:/home/nvidia/pid_ws/src/install/gnss_follower:/home/nvidia/workspace/ros2_ws/install/simulator:/home/nvidia/workspace/ros2_ws/install/motor_controller:/home/nvidia/workspace/ros2_ws/install/vehicle:/home/nvidia/workspace/ros2_ws/install/road_detector:/home/nvidia/workspace/ros2_ws/install/rear_potentiometer:/home/nvidia/workspace/ros2_ws/install/object_detector:/home/nvidia/workspace/ros2_ws/install/new_detector:/home/nvidia/workspace/ros2_ws/install/common_python:/home/nvidia/workspace/ros2_ws/install/lane_points:/home/nvidia/workspace/ros2_ws/install/kalman_filter:/home/nvidia/workspace/ros2_ws/install/auto_launch:/opt/ros/foxy /usr/bin/cmake --build /home/nvidia/pid_ws/build/pid_controller -- -j12 -l12
[14.593s] Invoking command in '/home/nvidia/pid_ws/build/pid_controller': CMAKE_PREFIX_PATH=${CMAKE_PREFIX_PATH}:/home/nvidia/pid_ws/src/install/trajectory_follower:/home/nvidia/pid_ws/src/install/gnss_follower:/home/nvidia/workspace/ros2_ws/install/simulator:/home/nvidia/workspace/ros2_ws/install/motor_controller:/home/nvidia/workspace/ros2_ws/install/vehicle:/home/nvidia/workspace/ros2_ws/install/road_detector:/home/nvidia/workspace/ros2_ws/install/rear_potentiometer:/home/nvidia/workspace/ros2_ws/install/object_detector:/home/nvidia/workspace/ros2_ws/install/new_detector:/home/nvidia/workspace/ros2_ws/install/common_python:/home/nvidia/workspace/ros2_ws/install/lane_points:/home/nvidia/workspace/ros2_ws/install/kalman_filter:/home/nvidia/workspace/ros2_ws/install/auto_launch:/opt/ros/foxy /usr/bin/cmake --install /home/nvidia/pid_ws/build/pid_controller
[14.610s] -- Install configuration: ""
[14.610s] -- Installing: /home/nvidia/pid_ws/install/pid_controller/lib/pid_controller/my_pid
[14.615s] -- Set runtime path of "/home/nvidia/pid_ws/install/pid_controller/lib/pid_controller/my_pid" to ""
[14.615s] -- Installing: /home/nvidia/pid_ws/install/pid_controller/share/ament_index/resource_index/package_run_dependencies/pid_controller
[14.615s] -- Installing: /home/nvidia/pid_ws/install/pid_controller/share/ament_index/resource_index/parent_prefix_path/pid_controller
[14.616s] -- Installing: /home/nvidia/pid_ws/install/pid_controller/share/pid_controller/environment/ament_prefix_path.sh
[14.616s] -- Installing: /home/nvidia/pid_ws/install/pid_controller/share/pid_controller/environment/ament_prefix_path.dsv
[14.616s] -- Installing: /home/nvidia/pid_ws/install/pid_controller/share/pid_controller/environment/path.sh
[14.616s] -- Installing: /home/nvidia/pid_ws/install/pid_controller/share/pid_controller/environment/path.dsv
[14.616s] -- Installing: /home/nvidia/pid_ws/install/pid_controller/share/pid_controller/local_setup.bash
[14.616s] -- Installing: /home/nvidia/pid_ws/install/pid_controller/share/pid_controller/local_setup.sh
[14.617s] -- Installing: /home/nvidia/pid_ws/install/pid_controller/share/pid_controller/local_setup.zsh
[14.617s] -- Installing: /home/nvidia/pid_ws/install/pid_controller/share/pid_controller/local_setup.dsv
[14.617s] -- Installing: /home/nvidia/pid_ws/install/pid_controller/share/pid_controller/package.dsv
[14.617s] -- Installing: /home/nvidia/pid_ws/install/pid_controller/share/ament_index/resource_index/packages/pid_controller
[14.617s] -- Installing: /home/nvidia/pid_ws/install/pid_controller/share/pid_controller/cmake/pid_controllerConfig.cmake
[14.618s] -- Installing: /home/nvidia/pid_ws/install/pid_controller/share/pid_controller/cmake/pid_controllerConfig-version.cmake
[14.618s] -- Installing: /home/nvidia/pid_ws/install/pid_controller/share/pid_controller/package.xml
[14.624s] Invoked command in '/home/nvidia/pid_ws/build/pid_controller' returned '0': CMAKE_PREFIX_PATH=${CMAKE_PREFIX_PATH}:/home/nvidia/pid_ws/src/install/trajectory_follower:/home/nvidia/pid_ws/src/install/gnss_follower:/home/nvidia/workspace/ros2_ws/install/simulator:/home/nvidia/workspace/ros2_ws/install/motor_controller:/home/nvidia/workspace/ros2_ws/install/vehicle:/home/nvidia/workspace/ros2_ws/install/road_detector:/home/nvidia/workspace/ros2_ws/install/rear_potentiometer:/home/nvidia/workspace/ros2_ws/install/object_detector:/home/nvidia/workspace/ros2_ws/install/new_detector:/home/nvidia/workspace/ros2_ws/install/common_python:/home/nvidia/workspace/ros2_ws/install/lane_points:/home/nvidia/workspace/ros2_ws/install/kalman_filter:/home/nvidia/workspace/ros2_ws/install/auto_launch:/opt/ros/foxy /usr/bin/cmake --install /home/nvidia/pid_ws/build/pid_controller
