[0.485s] Invoking command in '/home/nvidia/pid_ws/build/pid_controller': CMAKE_PREFIX_PATH=${CMAKE_PREFIX_PATH}:/home/nvidia/pid_ws/install/trajectory_follower:/home/nvidia/pid_ws/install/gnss_follower:/home/nvidia/workspace/ros2_ws/install/simulator:/home/nvidia/workspace/ros2_ws/install/motor_controller:/home/nvidia/workspace/ros2_ws/install/vehicle:/home/nvidia/workspace/ros2_ws/install/road_detector:/home/nvidia/workspace/ros2_ws/install/rear_potentiometer:/home/nvidia/workspace/ros2_ws/install/obsticle_avoidence:/home/nvidia/workspace/ros2_ws/install/object_detector:/home/nvidia/workspace/ros2_ws/install/new_detector:/home/nvidia/workspace/ros2_ws/install/common_python:/home/nvidia/workspace/ros2_ws/install/lane_points:/home/nvidia/workspace/ros2_ws/install/kalman_filter:/home/nvidia/workspace/ros2_ws/install/auto_launch:/opt/ros/foxy /usr/bin/cmake --build /home/nvidia/pid_ws/build/pid_controller -- -j12 -l12
[0.604s] [100%] Built target my_pid
[0.944s] Invoked command in '/home/nvidia/pid_ws/build/pid_controller' returned '0': CMAKE_PREFIX_PATH=${CMAKE_PREFIX_PATH}:/home/nvidia/pid_ws/install/trajectory_follower:/home/nvidia/pid_ws/install/gnss_follower:/home/nvidia/workspace/ros2_ws/install/simulator:/home/nvidia/workspace/ros2_ws/install/motor_controller:/home/nvidia/workspace/ros2_ws/install/vehicle:/home/nvidia/workspace/ros2_ws/install/road_detector:/home/nvidia/workspace/ros2_ws/install/rear_potentiometer:/home/nvidia/workspace/ros2_ws/install/obsticle_avoidence:/home/nvidia/workspace/ros2_ws/install/object_detector:/home/nvidia/workspace/ros2_ws/install/new_detector:/home/nvidia/workspace/ros2_ws/install/common_python:/home/nvidia/workspace/ros2_ws/install/lane_points:/home/nvidia/workspace/ros2_ws/install/kalman_filter:/home/nvidia/workspace/ros2_ws/install/auto_launch:/opt/ros/foxy /usr/bin/cmake --build /home/nvidia/pid_ws/build/pid_controller -- -j12 -l12
[0.969s] Invoking command in '/home/nvidia/pid_ws/build/pid_controller': CMAKE_PREFIX_PATH=${CMAKE_PREFIX_PATH}:/home/nvidia/pid_ws/install/trajectory_follower:/home/nvidia/pid_ws/install/gnss_follower:/home/nvidia/workspace/ros2_ws/install/simulator:/home/nvidia/workspace/ros2_ws/install/motor_controller:/home/nvidia/workspace/ros2_ws/install/vehicle:/home/nvidia/workspace/ros2_ws/install/road_detector:/home/nvidia/workspace/ros2_ws/install/rear_potentiometer:/home/nvidia/workspace/ros2_ws/install/obsticle_avoidence:/home/nvidia/workspace/ros2_ws/install/object_detector:/home/nvidia/workspace/ros2_ws/install/new_detector:/home/nvidia/workspace/ros2_ws/install/common_python:/home/nvidia/workspace/ros2_ws/install/lane_points:/home/nvidia/workspace/ros2_ws/install/kalman_filter:/home/nvidia/workspace/ros2_ws/install/auto_launch:/opt/ros/foxy /usr/bin/cmake --install /home/nvidia/pid_ws/build/pid_controller
[0.986s] -- Install configuration: ""
[0.986s] -- Up-to-date: /home/nvidia/pid_ws/install/pid_controller/lib/pid_controller/my_pid
[0.987s] -- Up-to-date: /home/nvidia/pid_ws/install/pid_controller/share/ament_index/resource_index/package_run_dependencies/pid_controller
[0.987s] -- Up-to-date: /home/nvidia/pid_ws/install/pid_controller/share/ament_index/resource_index/parent_prefix_path/pid_controller
[0.987s] -- Up-to-date: /home/nvidia/pid_ws/install/pid_controller/share/pid_controller/environment/ament_prefix_path.sh
[0.987s] -- Up-to-date: /home/nvidia/pid_ws/install/pid_controller/share/pid_controller/environment/ament_prefix_path.dsv
[0.987s] -- Up-to-date: /home/nvidia/pid_ws/install/pid_controller/share/pid_controller/environment/path.sh
[0.987s] -- Up-to-date: /home/nvidia/pid_ws/install/pid_controller/share/pid_controller/environment/path.dsv
[0.987s] -- Up-to-date: /home/nvidia/pid_ws/install/pid_controller/share/pid_controller/local_setup.bash
[0.988s] -- Up-to-date: /home/nvidia/pid_ws/install/pid_controller/share/pid_controller/local_setup.sh
[0.988s] -- Up-to-date: /home/nvidia/pid_ws/install/pid_controller/share/pid_controller/local_setup.zsh
[0.988s] -- Up-to-date: /home/nvidia/pid_ws/install/pid_controller/share/pid_controller/local_setup.dsv
[0.988s] -- Installing: /home/nvidia/pid_ws/install/pid_controller/share/pid_controller/package.dsv
[0.988s] -- Up-to-date: /home/nvidia/pid_ws/install/pid_controller/share/ament_index/resource_index/packages/pid_controller
[0.988s] -- Up-to-date: /home/nvidia/pid_ws/install/pid_controller/share/pid_controller/cmake/pid_controllerConfig.cmake
[0.989s] -- Up-to-date: /home/nvidia/pid_ws/install/pid_controller/share/pid_controller/cmake/pid_controllerConfig-version.cmake
[0.989s] -- Up-to-date: /home/nvidia/pid_ws/install/pid_controller/share/pid_controller/package.xml
[0.992s] Invoked command in '/home/nvidia/pid_ws/build/pid_controller' returned '0': CMAKE_PREFIX_PATH=${CMAKE_PREFIX_PATH}:/home/nvidia/pid_ws/install/trajectory_follower:/home/nvidia/pid_ws/install/gnss_follower:/home/nvidia/workspace/ros2_ws/install/simulator:/home/nvidia/workspace/ros2_ws/install/motor_controller:/home/nvidia/workspace/ros2_ws/install/vehicle:/home/nvidia/workspace/ros2_ws/install/road_detector:/home/nvidia/workspace/ros2_ws/install/rear_potentiometer:/home/nvidia/workspace/ros2_ws/install/obsticle_avoidence:/home/nvidia/workspace/ros2_ws/install/object_detector:/home/nvidia/workspace/ros2_ws/install/new_detector:/home/nvidia/workspace/ros2_ws/install/common_python:/home/nvidia/workspace/ros2_ws/install/lane_points:/home/nvidia/workspace/ros2_ws/install/kalman_filter:/home/nvidia/workspace/ros2_ws/install/auto_launch:/opt/ros/foxy /usr/bin/cmake --install /home/nvidia/pid_ws/build/pid_controller
