[2.487s] Invoking command in '/home/nvidia/pid_ws/src/trajectory_follower': PYTHONPATH=/home/nvidia/pid_ws/build/trajectory_follower/prefix_override:/usr/lib/python3/dist-packages/colcon_core/task/python/colcon_distutils_commands:/home/nvidia/pid_ws/install/trajectory_follower/lib/python3.8/site-packages:${PYTHONPATH} /usr/bin/python3 -W ignore:setup.py install is deprecated -W ignore:easy_install command is deprecated setup.py egg_info --egg-base ../../build/trajectory_follower build --build-base /home/nvidia/pid_ws/build/trajectory_follower/build install --record /home/nvidia/pid_ws/build/trajectory_follower/install.log --install-scripts $base/lib/trajectory_follower --single-version-externally-managed install_data
[3.247s] running egg_info
[3.251s] writing ../../build/trajectory_follower/trajectory_follower.egg-info/PKG-INFO
[3.255s] writing dependency_links to ../../build/trajectory_follower/trajectory_follower.egg-info/dependency_links.txt
[3.257s] writing entry points to ../../build/trajectory_follower/trajectory_follower.egg-info/entry_points.txt
[3.257s] writing requirements to ../../build/trajectory_follower/trajectory_follower.egg-info/requires.txt
[3.262s] writing top-level names to ../../build/trajectory_follower/trajectory_follower.egg-info/top_level.txt
[3.344s] reading manifest file '../../build/trajectory_follower/trajectory_follower.egg-info/SOURCES.txt'
[3.346s] writing manifest file '../../build/trajectory_follower/trajectory_follower.egg-info/SOURCES.txt'
[3.346s] running build
[3.346s] running build_py
[3.354s] running install
[3.356s] running install_lib
[3.360s] byte-compiling /home/nvidia/pid_ws/install/trajectory_follower/lib/python3.8/site-packages/trajectory_follower/lya_superrecord2.py to lya_superrecord2.cpython-38.pyc
[3.365s] running install_data
[3.368s] running install_egg_info
[3.374s] removing '/home/nvidia/pid_ws/install/trajectory_follower/lib/python3.8/site-packages/trajectory_follower-0.0.0-py3.8.egg-info' (and everything under it)
[3.375s] Copying ../../build/trajectory_follower/trajectory_follower.egg-info to /home/nvidia/pid_ws/install/trajectory_follower/lib/python3.8/site-packages/trajectory_follower-0.0.0-py3.8.egg-info
[3.376s] running install_scripts
[3.417s] Installing enhanced_lya_record script to /home/nvidia/pid_ws/install/trajectory_follower/lib/trajectory_follower
[3.417s] Installing lya_0221 script to /home/nvidia/pid_ws/install/trajectory_follower/lib/trajectory_follower
[3.417s] Installing lya_avoid_preset script to /home/nvidia/pid_ws/install/trajectory_follower/lib/trajectory_follower
[3.420s] Installing lya_follower script to /home/nvidia/pid_ws/install/trajectory_follower/lib/trajectory_follower
[3.422s] Installing lya_follower_0122 script to /home/nvidia/pid_ws/install/trajectory_follower/lib/trajectory_follower
[3.423s] Installing lya_follower_connected script to /home/nvidia/pid_ws/install/trajectory_follower/lib/trajectory_follower
[3.423s] Installing lya_follower_connected_global script to /home/nvidia/pid_ws/install/trajectory_follower/lib/trajectory_follower
[3.423s] Installing lya_follower_connected_omegat_global script to /home/nvidia/pid_ws/install/trajectory_follower/lib/trajectory_follower
[3.423s] Installing lya_oa script to /home/nvidia/pid_ws/install/trajectory_follower/lib/trajectory_follower
[3.424s] Installing lya_precircle script to /home/nvidia/pid_ws/install/trajectory_follower/lib/trajectory_follower
[3.424s] Installing lya_preset script to /home/nvidia/pid_ws/install/trajectory_follower/lib/trajectory_follower
[3.424s] Installing lya_record script to /home/nvidia/pid_ws/install/trajectory_follower/lib/trajectory_follower
[3.424s] Installing lya_superrecord script to /home/nvidia/pid_ws/install/trajectory_follower/lib/trajectory_follower
[3.424s] Installing lya_superrecord2 script to /home/nvidia/pid_ws/install/trajectory_follower/lib/trajectory_follower
[3.425s] Installing p_follower script to /home/nvidia/pid_ws/install/trajectory_follower/lib/trajectory_follower
[3.425s] Installing p_follower_connected script to /home/nvidia/pid_ws/install/trajectory_follower/lib/trajectory_follower
[3.425s] Installing pid_follower script to /home/nvidia/pid_ws/install/trajectory_follower/lib/trajectory_follower
[3.425s] Installing pid_follower_connected script to /home/nvidia/pid_ws/install/trajectory_follower/lib/trajectory_follower
[3.425s] Installing pid_follower_connected_global script to /home/nvidia/pid_ws/install/trajectory_follower/lib/trajectory_follower
[3.425s] Installing pid_preset script to /home/nvidia/pid_ws/install/trajectory_follower/lib/trajectory_follower
[3.426s] Installing pp_preset script to /home/nvidia/pid_ws/install/trajectory_follower/lib/trajectory_follower
[3.427s] writing list of installed files to '/home/nvidia/pid_ws/build/trajectory_follower/install.log'
[3.494s] Invoked command in '/home/nvidia/pid_ws/src/trajectory_follower' returned '0': PYTHONPATH=/home/nvidia/pid_ws/build/trajectory_follower/prefix_override:/usr/lib/python3/dist-packages/colcon_core/task/python/colcon_distutils_commands:/home/nvidia/pid_ws/install/trajectory_follower/lib/python3.8/site-packages:${PYTHONPATH} /usr/bin/python3 -W ignore:setup.py install is deprecated -W ignore:easy_install command is deprecated setup.py egg_info --egg-base ../../build/trajectory_follower build --build-base /home/nvidia/pid_ws/build/trajectory_follower/build install --record /home/nvidia/pid_ws/build/trajectory_follower/install.log --install-scripts $base/lib/trajectory_follower --single-version-externally-managed install_data
