[3.136s] Invoking command in '/home/nvidia/pid_ws/src/gnss_follower': PYTHONPATH=/home/nvidia/pid_ws/build/gnss_follower/prefix_override:/usr/lib/python3/dist-packages/colcon_core/task/python/colcon_distutils_commands:/home/nvidia/pid_ws/install/gnss_follower/lib/python3.8/site-packages:${PYTHONPATH} /usr/bin/python3 -W ignore:setup.py install is deprecated -W ignore:easy_install command is deprecated setup.py egg_info --egg-base ../../build/gnss_follower build --build-base /home/nvidia/pid_ws/build/gnss_follower/build install --record /home/nvidia/pid_ws/build/gnss_follower/install.log --install-scripts $base/lib/gnss_follower --single-version-externally-managed install_data
[3.658s] running egg_info
[3.659s] writing ../../build/gnss_follower/gnss_follower.egg-info/PKG-INFO
[3.669s] writing dependency_links to ../../build/gnss_follower/gnss_follower.egg-info/dependency_links.txt
[3.670s] writing entry points to ../../build/gnss_follower/gnss_follower.egg-info/entry_points.txt
[3.671s] writing requirements to ../../build/gnss_follower/gnss_follower.egg-info/requires.txt
[3.671s] writing top-level names to ../../build/gnss_follower/gnss_follower.egg-info/top_level.txt
[3.718s] reading manifest file '../../build/gnss_follower/gnss_follower.egg-info/SOURCES.txt'
[3.719s] writing manifest file '../../build/gnss_follower/gnss_follower.egg-info/SOURCES.txt'
[3.719s] running build
[3.719s] running build_py
[3.723s] running install
[3.727s] running install_lib
[3.729s] running install_data
[3.731s] running install_egg_info
[3.732s] removing '/home/nvidia/pid_ws/install/gnss_follower/lib/python3.8/site-packages/gnss_follower-0.0.0-py3.8.egg-info' (and everything under it)
[3.733s] Copying ../../build/gnss_follower/gnss_follower.egg-info to /home/nvidia/pid_ws/install/gnss_follower/lib/python3.8/site-packages/gnss_follower-0.0.0-py3.8.egg-info
[3.734s] running install_scripts
[3.764s] Installing lya_follower_gnss_0303 script to /home/nvidia/pid_ws/install/gnss_follower/lib/gnss_follower
[3.764s] Installing lya_follower_gnss_0315 script to /home/nvidia/pid_ws/install/gnss_follower/lib/gnss_follower
[3.764s] Installing lya_gnss_base0316 script to /home/nvidia/pid_ws/install/gnss_follower/lib/gnss_follower
[3.764s] Installing lya_gnss_plus_opencv0316 script to /home/nvidia/pid_ws/install/gnss_follower/lib/gnss_follower
[3.764s] Installing lya_gnss_plus_path0316 script to /home/nvidia/pid_ws/install/gnss_follower/lib/gnss_follower
[3.766s] Installing path_gnss_0303 script to /home/nvidia/pid_ws/install/gnss_follower/lib/gnss_follower
[3.767s] Installing path_gnss_0315 script to /home/nvidia/pid_ws/install/gnss_follower/lib/gnss_follower
[3.769s] writing list of installed files to '/home/nvidia/pid_ws/build/gnss_follower/install.log'
[3.820s] Invoked command in '/home/nvidia/pid_ws/src/gnss_follower' returned '0': PYTHONPATH=/home/nvidia/pid_ws/build/gnss_follower/prefix_override:/usr/lib/python3/dist-packages/colcon_core/task/python/colcon_distutils_commands:/home/nvidia/pid_ws/install/gnss_follower/lib/python3.8/site-packages:${PYTHONPATH} /usr/bin/python3 -W ignore:setup.py install is deprecated -W ignore:easy_install command is deprecated setup.py egg_info --egg-base ../../build/gnss_follower build --build-base /home/nvidia/pid_ws/build/gnss_follower/build install --record /home/nvidia/pid_ws/build/gnss_follower/install.log --install-scripts $base/lib/gnss_follower --single-version-externally-managed install_data
