[1.745s] Invoking command in '/home/nvidia/pid_ws/src/trajectory_follower': PYTHONPATH=/home/nvidia/pid_ws/build/trajectory_follower/prefix_override:/usr/lib/python3/dist-packages/colcon_core/task/python/colcon_distutils_commands:/home/nvidia/pid_ws/install/trajectory_follower/lib/python3.8/site-packages:${PYTHONPATH} /usr/bin/python3 -W ignore:setup.py install is deprecated -W ignore:easy_install command is deprecated setup.py egg_info --egg-base ../../build/trajectory_follower build --build-base /home/nvidia/pid_ws/build/trajectory_follower/build install --record /home/nvidia/pid_ws/build/trajectory_follower/install.log --install-scripts $base/lib/trajectory_follower --single-version-externally-managed install_data
[2.171s] running egg_info
[2.172s] creating ../../build/trajectory_follower/trajectory_follower.egg-info
[2.172s] writing ../../build/trajectory_follower/trajectory_follower.egg-info/PKG-INFO
[2.173s] writing dependency_links to ../../build/trajectory_follower/trajectory_follower.egg-info/dependency_links.txt
[2.173s] writing entry points to ../../build/trajectory_follower/trajectory_follower.egg-info/entry_points.txt
[2.173s] writing requirements to ../../build/trajectory_follower/trajectory_follower.egg-info/requires.txt
[2.174s] writing top-level names to ../../build/trajectory_follower/trajectory_follower.egg-info/top_level.txt
[2.176s] writing manifest file '../../build/trajectory_follower/trajectory_follower.egg-info/SOURCES.txt'
[2.226s] reading manifest file '../../build/trajectory_follower/trajectory_follower.egg-info/SOURCES.txt'
[2.227s] writing manifest file '../../build/trajectory_follower/trajectory_follower.egg-info/SOURCES.txt'
[2.227s] running build
[2.227s] running build_py
[2.227s] creating /home/nvidia/pid_ws/build/trajectory_follower/build
[2.228s] creating /home/nvidia/pid_ws/build/trajectory_follower/build/lib
[2.228s] creating /home/nvidia/pid_ws/build/trajectory_follower/build/lib/trajectory_follower
[2.228s] copying trajectory_follower/__init__.py -> /home/nvidia/pid_ws/build/trajectory_follower/build/lib/trajectory_follower
[2.228s] copying trajectory_follower/p_follower.py -> /home/nvidia/pid_ws/build/trajectory_follower/build/lib/trajectory_follower
[2.228s] copying trajectory_follower/pp_preset.py -> /home/nvidia/pid_ws/build/trajectory_follower/build/lib/trajectory_follower
[2.228s] copying trajectory_follower/lya_record.py -> /home/nvidia/pid_ws/build/trajectory_follower/build/lib/trajectory_follower
[2.229s] copying trajectory_follower/lya_follower_0122.py -> /home/nvidia/pid_ws/build/trajectory_follower/build/lib/trajectory_follower
[2.229s] copying trajectory_follower/lya_avoid_preset.py -> /home/nvidia/pid_ws/build/trajectory_follower/build/lib/trajectory_follower
[2.229s] copying trajectory_follower/pid_follower_connected.py -> /home/nvidia/pid_ws/build/trajectory_follower/build/lib/trajectory_follower
[2.229s] copying trajectory_follower/lya_0221.py -> /home/nvidia/pid_ws/build/trajectory_follower/build/lib/trajectory_follower
[2.230s] copying trajectory_follower/lya_preset.py -> /home/nvidia/pid_ws/build/trajectory_follower/build/lib/trajectory_follower
[2.230s] copying trajectory_follower/pid_follower.py -> /home/nvidia/pid_ws/build/trajectory_follower/build/lib/trajectory_follower
[2.230s] copying trajectory_follower/lya_follower_connected.py -> /home/nvidia/pid_ws/build/trajectory_follower/build/lib/trajectory_follower
[2.230s] copying trajectory_follower/lya_follower.py -> /home/nvidia/pid_ws/build/trajectory_follower/build/lib/trajectory_follower
[2.230s] copying trajectory_follower/lya_follower_connected_omegat_global.py -> /home/nvidia/pid_ws/build/trajectory_follower/build/lib/trajectory_follower
[2.231s] copying trajectory_follower/pid_preset.py -> /home/nvidia/pid_ws/build/trajectory_follower/build/lib/trajectory_follower
[2.231s] copying trajectory_follower/lya_follower_connected_global.py -> /home/nvidia/pid_ws/build/trajectory_follower/build/lib/trajectory_follower
[2.231s] copying trajectory_follower/p_follower_connected.py -> /home/nvidia/pid_ws/build/trajectory_follower/build/lib/trajectory_follower
[2.231s] running install
[2.233s] running install_lib
[2.235s] creating /home/nvidia/pid_ws/install/trajectory_follower/lib/python3.8/site-packages/trajectory_follower
[2.235s] copying /home/nvidia/pid_ws/build/trajectory_follower/build/lib/trajectory_follower/__init__.py -> /home/nvidia/pid_ws/install/trajectory_follower/lib/python3.8/site-packages/trajectory_follower
[2.236s] copying /home/nvidia/pid_ws/build/trajectory_follower/build/lib/trajectory_follower/p_follower.py -> /home/nvidia/pid_ws/install/trajectory_follower/lib/python3.8/site-packages/trajectory_follower
[2.236s] copying /home/nvidia/pid_ws/build/trajectory_follower/build/lib/trajectory_follower/pp_preset.py -> /home/nvidia/pid_ws/install/trajectory_follower/lib/python3.8/site-packages/trajectory_follower
[2.236s] copying /home/nvidia/pid_ws/build/trajectory_follower/build/lib/trajectory_follower/lya_record.py -> /home/nvidia/pid_ws/install/trajectory_follower/lib/python3.8/site-packages/trajectory_follower
[2.236s] copying /home/nvidia/pid_ws/build/trajectory_follower/build/lib/trajectory_follower/lya_follower_0122.py -> /home/nvidia/pid_ws/install/trajectory_follower/lib/python3.8/site-packages/trajectory_follower
[2.236s] copying /home/nvidia/pid_ws/build/trajectory_follower/build/lib/trajectory_follower/lya_avoid_preset.py -> /home/nvidia/pid_ws/install/trajectory_follower/lib/python3.8/site-packages/trajectory_follower
[2.237s] copying /home/nvidia/pid_ws/build/trajectory_follower/build/lib/trajectory_follower/pid_follower_connected.py -> /home/nvidia/pid_ws/install/trajectory_follower/lib/python3.8/site-packages/trajectory_follower
[2.237s] copying /home/nvidia/pid_ws/build/trajectory_follower/build/lib/trajectory_follower/lya_0221.py -> /home/nvidia/pid_ws/install/trajectory_follower/lib/python3.8/site-packages/trajectory_follower
[2.237s] copying /home/nvidia/pid_ws/build/trajectory_follower/build/lib/trajectory_follower/lya_preset.py -> /home/nvidia/pid_ws/install/trajectory_follower/lib/python3.8/site-packages/trajectory_follower
[2.237s] copying /home/nvidia/pid_ws/build/trajectory_follower/build/lib/trajectory_follower/pid_follower.py -> /home/nvidia/pid_ws/install/trajectory_follower/lib/python3.8/site-packages/trajectory_follower
[2.237s] copying /home/nvidia/pid_ws/build/trajectory_follower/build/lib/trajectory_follower/lya_follower_connected.py -> /home/nvidia/pid_ws/install/trajectory_follower/lib/python3.8/site-packages/trajectory_follower
[2.237s] copying /home/nvidia/pid_ws/build/trajectory_follower/build/lib/trajectory_follower/lya_follower.py -> /home/nvidia/pid_ws/install/trajectory_follower/lib/python3.8/site-packages/trajectory_follower
[2.238s] copying /home/nvidia/pid_ws/build/trajectory_follower/build/lib/trajectory_follower/lya_follower_connected_omegat_global.py -> /home/nvidia/pid_ws/install/trajectory_follower/lib/python3.8/site-packages/trajectory_follower
[2.238s] copying /home/nvidia/pid_ws/build/trajectory_follower/build/lib/trajectory_follower/pid_preset.py -> /home/nvidia/pid_ws/install/trajectory_follower/lib/python3.8/site-packages/trajectory_follower
[2.238s] copying /home/nvidia/pid_ws/build/trajectory_follower/build/lib/trajectory_follower/lya_follower_connected_global.py -> /home/nvidia/pid_ws/install/trajectory_follower/lib/python3.8/site-packages/trajectory_follower
[2.238s] copying /home/nvidia/pid_ws/build/trajectory_follower/build/lib/trajectory_follower/p_follower_connected.py -> /home/nvidia/pid_ws/install/trajectory_follower/lib/python3.8/site-packages/trajectory_follower
[2.239s] byte-compiling /home/nvidia/pid_ws/install/trajectory_follower/lib/python3.8/site-packages/trajectory_follower/__init__.py to __init__.cpython-38.pyc
[2.240s] byte-compiling /home/nvidia/pid_ws/install/trajectory_follower/lib/python3.8/site-packages/trajectory_follower/p_follower.py to p_follower.cpython-38.pyc
[2.243s] byte-compiling /home/nvidia/pid_ws/install/trajectory_follower/lib/python3.8/site-packages/trajectory_follower/pp_preset.py to pp_preset.cpython-38.pyc
[2.247s] byte-compiling /home/nvidia/pid_ws/install/trajectory_follower/lib/python3.8/site-packages/trajectory_follower/lya_record.py to lya_record.cpython-38.pyc
[2.248s] byte-compiling /home/nvidia/pid_ws/install/trajectory_follower/lib/python3.8/site-packages/trajectory_follower/lya_follower_0122.py to lya_follower_0122.cpython-38.pyc
[2.250s] byte-compiling /home/nvidia/pid_ws/install/trajectory_follower/lib/python3.8/site-packages/trajectory_follower/lya_avoid_preset.py to lya_avoid_preset.cpython-38.pyc
[2.255s] byte-compiling /home/nvidia/pid_ws/install/trajectory_follower/lib/python3.8/site-packages/trajectory_follower/pid_follower_connected.py to pid_follower_connected.cpython-38.pyc
[2.256s] byte-compiling /home/nvidia/pid_ws/install/trajectory_follower/lib/python3.8/site-packages/trajectory_follower/lya_0221.py to lya_0221.cpython-38.pyc
[2.258s] byte-compiling /home/nvidia/pid_ws/install/trajectory_follower/lib/python3.8/site-packages/trajectory_follower/lya_preset.py to lya_preset.cpython-38.pyc
[2.261s] byte-compiling /home/nvidia/pid_ws/install/trajectory_follower/lib/python3.8/site-packages/trajectory_follower/pid_follower.py to pid_follower.cpython-38.pyc
[2.264s] byte-compiling /home/nvidia/pid_ws/install/trajectory_follower/lib/python3.8/site-packages/trajectory_follower/lya_follower_connected.py to lya_follower_connected.cpython-38.pyc
[2.265s] byte-compiling /home/nvidia/pid_ws/install/trajectory_follower/lib/python3.8/site-packages/trajectory_follower/lya_follower.py to lya_follower.cpython-38.pyc
[2.266s] byte-compiling /home/nvidia/pid_ws/install/trajectory_follower/lib/python3.8/site-packages/trajectory_follower/lya_follower_connected_omegat_global.py to lya_follower_connected_omegat_global.cpython-38.pyc
[2.268s] byte-compiling /home/nvidia/pid_ws/install/trajectory_follower/lib/python3.8/site-packages/trajectory_follower/pid_preset.py to pid_preset.cpython-38.pyc
[2.271s] byte-compiling /home/nvidia/pid_ws/install/trajectory_follower/lib/python3.8/site-packages/trajectory_follower/lya_follower_connected_global.py to lya_follower_connected_global.cpython-38.pyc
[2.272s] byte-compiling /home/nvidia/pid_ws/install/trajectory_follower/lib/python3.8/site-packages/trajectory_follower/p_follower_connected.py to p_follower_connected.cpython-38.pyc
[2.273s] running install_data
[2.274s] creating /home/nvidia/pid_ws/install/trajectory_follower/share/ament_index
[2.274s] creating /home/nvidia/pid_ws/install/trajectory_follower/share/ament_index/resource_index
[2.274s] creating /home/nvidia/pid_ws/install/trajectory_follower/share/ament_index/resource_index/packages
[2.275s] copying resource/trajectory_follower -> /home/nvidia/pid_ws/install/trajectory_follower/share/ament_index/resource_index/packages
[2.275s] copying package.xml -> /home/nvidia/pid_ws/install/trajectory_follower/share/trajectory_follower
[2.275s] running install_egg_info
[2.278s] Copying ../../build/trajectory_follower/trajectory_follower.egg-info to /home/nvidia/pid_ws/install/trajectory_follower/lib/python3.8/site-packages/trajectory_follower-0.0.0-py3.8.egg-info
[2.283s] running install_scripts
[2.314s] Installing lya_0221 script to /home/nvidia/pid_ws/install/trajectory_follower/lib/trajectory_follower
[2.314s] Installing lya_avoid_preset script to /home/nvidia/pid_ws/install/trajectory_follower/lib/trajectory_follower
[2.315s] Installing lya_follower script to /home/nvidia/pid_ws/install/trajectory_follower/lib/trajectory_follower
[2.316s] Installing lya_follower_0122 script to /home/nvidia/pid_ws/install/trajectory_follower/lib/trajectory_follower
[2.317s] Installing lya_follower_connected script to /home/nvidia/pid_ws/install/trajectory_follower/lib/trajectory_follower
[2.318s] Installing lya_follower_connected_global script to /home/nvidia/pid_ws/install/trajectory_follower/lib/trajectory_follower
[2.318s] Installing lya_follower_connected_omegat_global script to /home/nvidia/pid_ws/install/trajectory_follower/lib/trajectory_follower
[2.318s] Installing lya_preset script to /home/nvidia/pid_ws/install/trajectory_follower/lib/trajectory_follower
[2.319s] Installing lya_record script to /home/nvidia/pid_ws/install/trajectory_follower/lib/trajectory_follower
[2.319s] Installing p_follower script to /home/nvidia/pid_ws/install/trajectory_follower/lib/trajectory_follower
[2.320s] Installing p_follower_connected script to /home/nvidia/pid_ws/install/trajectory_follower/lib/trajectory_follower
[2.320s] Installing pid_follower script to /home/nvidia/pid_ws/install/trajectory_follower/lib/trajectory_follower
[2.320s] Installing pid_follower_connected script to /home/nvidia/pid_ws/install/trajectory_follower/lib/trajectory_follower
[2.320s] Installing pid_preset script to /home/nvidia/pid_ws/install/trajectory_follower/lib/trajectory_follower
[2.320s] Installing pp_preset script to /home/nvidia/pid_ws/install/trajectory_follower/lib/trajectory_follower
[2.320s] writing list of installed files to '/home/nvidia/pid_ws/build/trajectory_follower/install.log'
[2.378s] Invoked command in '/home/nvidia/pid_ws/src/trajectory_follower' returned '0': PYTHONPATH=/home/nvidia/pid_ws/build/trajectory_follower/prefix_override:/usr/lib/python3/dist-packages/colcon_core/task/python/colcon_distutils_commands:/home/nvidia/pid_ws/install/trajectory_follower/lib/python3.8/site-packages:${PYTHONPATH} /usr/bin/python3 -W ignore:setup.py install is deprecated -W ignore:easy_install command is deprecated setup.py egg_info --egg-base ../../build/trajectory_follower build --build-base /home/nvidia/pid_ws/build/trajectory_follower/build install --record /home/nvidia/pid_ws/build/trajectory_follower/install.log --install-scripts $base/lib/trajectory_follower --single-version-externally-managed install_data
