[1.657s] Invoking command in '/home/nvidia/pid_ws/src/trajectory_follower': PYTHONPATH=/home/nvidia/pid_ws/build/trajectory_follower/prefix_override:/usr/lib/python3/dist-packages/colcon_core/task/python/colcon_distutils_commands:/home/nvidia/pid_ws/install/trajectory_follower/lib/python3.8/site-packages:${PYTHONPATH} /usr/bin/python3 -W ignore:setup.py install is deprecated -W ignore:easy_install command is deprecated setup.py egg_info --egg-base ../../build/trajectory_follower build --build-base /home/nvidia/pid_ws/build/trajectory_follower/build install --record /home/nvidia/pid_ws/build/trajectory_follower/install.log --install-scripts $base/lib/trajectory_follower --single-version-externally-managed install_data
[2.054s] running egg_info
[2.055s] creating ../../build/trajectory_follower/trajectory_follower.egg-info
[2.055s] writing ../../build/trajectory_follower/trajectory_follower.egg-info/PKG-INFO
[2.056s] writing dependency_links to ../../build/trajectory_follower/trajectory_follower.egg-info/dependency_links.txt
[2.056s] writing entry points to ../../build/trajectory_follower/trajectory_follower.egg-info/entry_points.txt
[2.056s] writing requirements to ../../build/trajectory_follower/trajectory_follower.egg-info/requires.txt
[2.057s] writing top-level names to ../../build/trajectory_follower/trajectory_follower.egg-info/top_level.txt
[2.059s] writing manifest file '../../build/trajectory_follower/trajectory_follower.egg-info/SOURCES.txt'
[2.108s] reading manifest file '../../build/trajectory_follower/trajectory_follower.egg-info/SOURCES.txt'
[2.109s] writing manifest file '../../build/trajectory_follower/trajectory_follower.egg-info/SOURCES.txt'
[2.110s] running build
[2.110s] running build_py
[2.110s] creating /home/nvidia/pid_ws/build/trajectory_follower/build
[2.110s] creating /home/nvidia/pid_ws/build/trajectory_follower/build/lib
[2.110s] creating /home/nvidia/pid_ws/build/trajectory_follower/build/lib/trajectory_follower
[2.111s] copying trajectory_follower/__init__.py -> /home/nvidia/pid_ws/build/trajectory_follower/build/lib/trajectory_follower
[2.111s] copying trajectory_follower/p_follower.py -> /home/nvidia/pid_ws/build/trajectory_follower/build/lib/trajectory_follower
[2.111s] copying trajectory_follower/lya_record.py -> /home/nvidia/pid_ws/build/trajectory_follower/build/lib/trajectory_follower
[2.112s] copying trajectory_follower/lya_follower_0122.py -> /home/nvidia/pid_ws/build/trajectory_follower/build/lib/trajectory_follower
[2.112s] copying trajectory_follower/pid_follower_connected.py -> /home/nvidia/pid_ws/build/trajectory_follower/build/lib/trajectory_follower
[2.113s] copying trajectory_follower/lya_0221.py -> /home/nvidia/pid_ws/build/trajectory_follower/build/lib/trajectory_follower
[2.113s] copying trajectory_follower/lya_preset.py -> /home/nvidia/pid_ws/build/trajectory_follower/build/lib/trajectory_follower
[2.113s] copying trajectory_follower/pid_follower.py -> /home/nvidia/pid_ws/build/trajectory_follower/build/lib/trajectory_follower
[2.114s] copying trajectory_follower/lya_follower_connected.py -> /home/nvidia/pid_ws/build/trajectory_follower/build/lib/trajectory_follower
[2.114s] copying trajectory_follower/lya_follower.py -> /home/nvidia/pid_ws/build/trajectory_follower/build/lib/trajectory_follower
[2.114s] copying trajectory_follower/lya_follower_connected_omegat_global.py -> /home/nvidia/pid_ws/build/trajectory_follower/build/lib/trajectory_follower
[2.114s] copying trajectory_follower/lya_follower_connected_global.py -> /home/nvidia/pid_ws/build/trajectory_follower/build/lib/trajectory_follower
[2.114s] copying trajectory_follower/p_follower_connected.py -> /home/nvidia/pid_ws/build/trajectory_follower/build/lib/trajectory_follower
[2.115s] running install
[2.116s] running install_lib
[2.119s] creating /home/nvidia/pid_ws/install/trajectory_follower/lib/python3.8/site-packages/trajectory_follower
[2.119s] copying /home/nvidia/pid_ws/build/trajectory_follower/build/lib/trajectory_follower/__init__.py -> /home/nvidia/pid_ws/install/trajectory_follower/lib/python3.8/site-packages/trajectory_follower
[2.119s] copying /home/nvidia/pid_ws/build/trajectory_follower/build/lib/trajectory_follower/p_follower.py -> /home/nvidia/pid_ws/install/trajectory_follower/lib/python3.8/site-packages/trajectory_follower
[2.119s] copying /home/nvidia/pid_ws/build/trajectory_follower/build/lib/trajectory_follower/lya_record.py -> /home/nvidia/pid_ws/install/trajectory_follower/lib/python3.8/site-packages/trajectory_follower
[2.120s] copying /home/nvidia/pid_ws/build/trajectory_follower/build/lib/trajectory_follower/lya_follower_0122.py -> /home/nvidia/pid_ws/install/trajectory_follower/lib/python3.8/site-packages/trajectory_follower
[2.120s] copying /home/nvidia/pid_ws/build/trajectory_follower/build/lib/trajectory_follower/pid_follower_connected.py -> /home/nvidia/pid_ws/install/trajectory_follower/lib/python3.8/site-packages/trajectory_follower
[2.120s] copying /home/nvidia/pid_ws/build/trajectory_follower/build/lib/trajectory_follower/lya_0221.py -> /home/nvidia/pid_ws/install/trajectory_follower/lib/python3.8/site-packages/trajectory_follower
[2.120s] copying /home/nvidia/pid_ws/build/trajectory_follower/build/lib/trajectory_follower/lya_preset.py -> /home/nvidia/pid_ws/install/trajectory_follower/lib/python3.8/site-packages/trajectory_follower
[2.120s] copying /home/nvidia/pid_ws/build/trajectory_follower/build/lib/trajectory_follower/pid_follower.py -> /home/nvidia/pid_ws/install/trajectory_follower/lib/python3.8/site-packages/trajectory_follower
[2.121s] copying /home/nvidia/pid_ws/build/trajectory_follower/build/lib/trajectory_follower/lya_follower_connected.py -> /home/nvidia/pid_ws/install/trajectory_follower/lib/python3.8/site-packages/trajectory_follower
[2.121s] copying /home/nvidia/pid_ws/build/trajectory_follower/build/lib/trajectory_follower/lya_follower.py -> /home/nvidia/pid_ws/install/trajectory_follower/lib/python3.8/site-packages/trajectory_follower
[2.121s] copying /home/nvidia/pid_ws/build/trajectory_follower/build/lib/trajectory_follower/lya_follower_connected_omegat_global.py -> /home/nvidia/pid_ws/install/trajectory_follower/lib/python3.8/site-packages/trajectory_follower
[2.121s] copying /home/nvidia/pid_ws/build/trajectory_follower/build/lib/trajectory_follower/lya_follower_connected_global.py -> /home/nvidia/pid_ws/install/trajectory_follower/lib/python3.8/site-packages/trajectory_follower
[2.121s] copying /home/nvidia/pid_ws/build/trajectory_follower/build/lib/trajectory_follower/p_follower_connected.py -> /home/nvidia/pid_ws/install/trajectory_follower/lib/python3.8/site-packages/trajectory_follower
[2.122s] byte-compiling /home/nvidia/pid_ws/install/trajectory_follower/lib/python3.8/site-packages/trajectory_follower/__init__.py to __init__.cpython-38.pyc
[2.124s] byte-compiling /home/nvidia/pid_ws/install/trajectory_follower/lib/python3.8/site-packages/trajectory_follower/p_follower.py to p_follower.cpython-38.pyc
[2.125s] byte-compiling /home/nvidia/pid_ws/install/trajectory_follower/lib/python3.8/site-packages/trajectory_follower/lya_record.py to lya_record.cpython-38.pyc
[2.126s] byte-compiling /home/nvidia/pid_ws/install/trajectory_follower/lib/python3.8/site-packages/trajectory_follower/lya_follower_0122.py to lya_follower_0122.cpython-38.pyc
[2.128s] byte-compiling /home/nvidia/pid_ws/install/trajectory_follower/lib/python3.8/site-packages/trajectory_follower/pid_follower_connected.py to pid_follower_connected.cpython-38.pyc
[2.129s] byte-compiling /home/nvidia/pid_ws/install/trajectory_follower/lib/python3.8/site-packages/trajectory_follower/lya_0221.py to lya_0221.cpython-38.pyc
[2.132s] byte-compiling /home/nvidia/pid_ws/install/trajectory_follower/lib/python3.8/site-packages/trajectory_follower/lya_preset.py to lya_preset.cpython-38.pyc
[2.134s] byte-compiling /home/nvidia/pid_ws/install/trajectory_follower/lib/python3.8/site-packages/trajectory_follower/pid_follower.py to pid_follower.cpython-38.pyc
[2.135s] byte-compiling /home/nvidia/pid_ws/install/trajectory_follower/lib/python3.8/site-packages/trajectory_follower/lya_follower_connected.py to lya_follower_connected.cpython-38.pyc
[2.145s] byte-compiling /home/nvidia/pid_ws/install/trajectory_follower/lib/python3.8/site-packages/trajectory_follower/lya_follower.py to lya_follower.cpython-38.pyc
[2.146s] byte-compiling /home/nvidia/pid_ws/install/trajectory_follower/lib/python3.8/site-packages/trajectory_follower/lya_follower_connected_omegat_global.py to lya_follower_connected_omegat_global.cpython-38.pyc
[2.148s] byte-compiling /home/nvidia/pid_ws/install/trajectory_follower/lib/python3.8/site-packages/trajectory_follower/lya_follower_connected_global.py to lya_follower_connected_global.cpython-38.pyc
[2.150s] byte-compiling /home/nvidia/pid_ws/install/trajectory_follower/lib/python3.8/site-packages/trajectory_follower/p_follower_connected.py to p_follower_connected.cpython-38.pyc
[2.151s] running install_data
[2.151s] creating /home/nvidia/pid_ws/install/trajectory_follower/share/ament_index
[2.151s] creating /home/nvidia/pid_ws/install/trajectory_follower/share/ament_index/resource_index
[2.151s] creating /home/nvidia/pid_ws/install/trajectory_follower/share/ament_index/resource_index/packages
[2.151s] copying resource/trajectory_follower -> /home/nvidia/pid_ws/install/trajectory_follower/share/ament_index/resource_index/packages
[2.152s] copying package.xml -> /home/nvidia/pid_ws/install/trajectory_follower/share/trajectory_follower
[2.152s] running install_egg_info
[2.155s] Copying ../../build/trajectory_follower/trajectory_follower.egg-info to /home/nvidia/pid_ws/install/trajectory_follower/lib/python3.8/site-packages/trajectory_follower-0.0.0-py3.8.egg-info
[2.157s] running install_scripts
[2.188s] Installing lya_0221 script to /home/nvidia/pid_ws/install/trajectory_follower/lib/trajectory_follower
[2.189s] Installing lya_follower script to /home/nvidia/pid_ws/install/trajectory_follower/lib/trajectory_follower
[2.189s] Installing lya_follower_0122 script to /home/nvidia/pid_ws/install/trajectory_follower/lib/trajectory_follower
[2.189s] Installing lya_follower_connected script to /home/nvidia/pid_ws/install/trajectory_follower/lib/trajectory_follower
[2.189s] Installing lya_follower_connected_global script to /home/nvidia/pid_ws/install/trajectory_follower/lib/trajectory_follower
[2.189s] Installing lya_follower_connected_omegat_global script to /home/nvidia/pid_ws/install/trajectory_follower/lib/trajectory_follower
[2.189s] Installing lya_preset script to /home/nvidia/pid_ws/install/trajectory_follower/lib/trajectory_follower
[2.190s] Installing lya_record script to /home/nvidia/pid_ws/install/trajectory_follower/lib/trajectory_follower
[2.190s] Installing p_follower script to /home/nvidia/pid_ws/install/trajectory_follower/lib/trajectory_follower
[2.190s] Installing p_follower_connected script to /home/nvidia/pid_ws/install/trajectory_follower/lib/trajectory_follower
[2.190s] Installing pid_follower script to /home/nvidia/pid_ws/install/trajectory_follower/lib/trajectory_follower
[2.190s] Installing pid_follower_connected script to /home/nvidia/pid_ws/install/trajectory_follower/lib/trajectory_follower
[2.191s] writing list of installed files to '/home/nvidia/pid_ws/build/trajectory_follower/install.log'
[2.249s] Invoked command in '/home/nvidia/pid_ws/src/trajectory_follower' returned '0': PYTHONPATH=/home/nvidia/pid_ws/build/trajectory_follower/prefix_override:/usr/lib/python3/dist-packages/colcon_core/task/python/colcon_distutils_commands:/home/nvidia/pid_ws/install/trajectory_follower/lib/python3.8/site-packages:${PYTHONPATH} /usr/bin/python3 -W ignore:setup.py install is deprecated -W ignore:easy_install command is deprecated setup.py egg_info --egg-base ../../build/trajectory_follower build --build-base /home/nvidia/pid_ws/build/trajectory_follower/build install --record /home/nvidia/pid_ws/build/trajectory_follower/install.log --install-scripts $base/lib/trajectory_follower --single-version-externally-managed install_data
